###############################################################################
#                                                                             #
# IAR ELF Linker V6.50.3.4676/W32 for ARM               20/Jul/2017  16:45:22 #
# Copyright 2007-2013 IAR Systems AB.                                         #
#                                                                             #
#    Output file  =  C:\Users\Marcos\Dropbox\Reps\Dextro\IBA\Hardware\MaisPip #
#                    ocaG2\SOFTWARE\Debug\Exe\Mais_Pipoca_exp.out.tmp         #
#    Map file     =  C:\Users\Marcos\Dropbox\Reps\Dextro\IBA\Hardware\MaisPip #
#                    ocaG2\SOFTWARE\Debug\List\Mais_Pipoca_exp.map            #
#    Command line =  C:\Users\Marcos\Dropbox\Reps\Dextro\IBA\Hardware\MaisPip #
#                    ocaG2\SOFTWARE\Debug\Obj\AmostraAnalogica.o              #
#                    C:\Users\Marcos\Dropbox\Reps\Dextro\IBA\Hardware\MaisPip #
#                    ocaG2\SOFTWARE\Debug\Obj\BV20.o                          #
#                    C:\Users\Marcos\Dropbox\Reps\Dextro\IBA\Hardware\MaisPip #
#                    ocaG2\SOFTWARE\Debug\Obj\Board.o                         #
#                    C:\Users\Marcos\Dropbox\Reps\Dextro\IBA\Hardware\MaisPip #
#                    ocaG2\SOFTWARE\Debug\Obj\ControleTemperatura.o           #
#                    C:\Users\Marcos\Dropbox\Reps\Dextro\IBA\Hardware\MaisPip #
#                    ocaG2\SOFTWARE\Debug\Obj\InterfaceAjusteRelogio.o        #
#                    C:\Users\Marcos\Dropbox\Reps\Dextro\IBA\Hardware\MaisPip #
#                    ocaG2\SOFTWARE\Debug\Obj\POST.o                          #
#                    C:\Users\Marcos\Dropbox\Reps\Dextro\IBA\Hardware\MaisPip #
#                    ocaG2\SOFTWARE\Debug\Obj\Pagamentos.o                    #
#                    C:\Users\Marcos\Dropbox\Reps\Dextro\IBA\Hardware\MaisPip #
#                    ocaG2\SOFTWARE\Debug\Obj\PlayerWave.o                    #
#                    C:\Users\Marcos\Dropbox\Reps\Dextro\IBA\Hardware\MaisPip #
#                    ocaG2\SOFTWARE\Debug\Obj\Potencia.o                      #
#                    C:\Users\Marcos\Dropbox\Reps\Dextro\IBA\Hardware\MaisPip #
#                    ocaG2\SOFTWARE\Debug\Obj\Preparacao.o                    #
#                    C:\Users\Marcos\Dropbox\Reps\Dextro\IBA\Hardware\MaisPip #
#                    ocaG2\SOFTWARE\Debug\Obj\Protocolo.o                     #
#                    C:\Users\Marcos\Dropbox\Reps\Dextro\IBA\Hardware\MaisPip #
#                    ocaG2\SOFTWARE\Debug\Obj\RTC.o                           #
#                    C:\Users\Marcos\Dropbox\Reps\Dextro\IBA\Hardware\MaisPip #
#                    ocaG2\SOFTWARE\Debug\Obj\Relatorio.o                     #
#                    C:\Users\Marcos\Dropbox\Reps\Dextro\IBA\Hardware\MaisPip #
#                    ocaG2\SOFTWARE\Debug\Obj\Supervisao_MDB.o                #
#                    C:\Users\Marcos\Dropbox\Reps\Dextro\IBA\Hardware\MaisPip #
#                    ocaG2\SOFTWARE\Debug\Obj\Supervisao_mdb_bill.o           #
#                    C:\Users\Marcos\Dropbox\Reps\Dextro\IBA\Hardware\MaisPip #
#                    ocaG2\SOFTWARE\Debug\Obj\Supervisao_mdb_coin.o           #
#                    C:\Users\Marcos\Dropbox\Reps\Dextro\IBA\Hardware\MaisPip #
#                    ocaG2\SOFTWARE\Debug\Obj\Teclado.o                       #
#                    C:\Users\Marcos\Dropbox\Reps\Dextro\IBA\Hardware\MaisPip #
#                    ocaG2\SOFTWARE\Debug\Obj\WATCHDOG.o                      #
#                    C:\Users\Marcos\Dropbox\Reps\Dextro\IBA\Hardware\MaisPip #
#                    ocaG2\SOFTWARE\Debug\Obj\WH1602.o                        #
#                    C:\Users\Marcos\Dropbox\Reps\Dextro\IBA\Hardware\MaisPip #
#                    ocaG2\SOFTWARE\Debug\Obj\WH1602_2.o                      #
#                    C:\Users\Marcos\Dropbox\Reps\Dextro\IBA\Hardware\MaisPip #
#                    ocaG2\SOFTWARE\Debug\Obj\aplicacao.o                     #
#                    C:\Users\Marcos\Dropbox\Reps\Dextro\IBA\Hardware\MaisPip #
#                    ocaG2\SOFTWARE\Debug\Obj\cctalk.o                        #
#                    C:\Users\Marcos\Dropbox\Reps\Dextro\IBA\Hardware\MaisPip #
#                    ocaG2\SOFTWARE\Debug\Obj\cstartup_M.o                    #
#                    C:\Users\Marcos\Dropbox\Reps\Dextro\IBA\Hardware\MaisPip #
#                    ocaG2\SOFTWARE\Debug\Obj\embalagem.o                     #
#                    C:\Users\Marcos\Dropbox\Reps\Dextro\IBA\Hardware\MaisPip #
#                    ocaG2\SOFTWARE\Debug\Obj\faturamento.o                   #
#                    C:\Users\Marcos\Dropbox\Reps\Dextro\IBA\Hardware\MaisPip #
#                    ocaG2\SOFTWARE\Debug\Obj\fila_troca_preco.o              #
#                    C:\Users\Marcos\Dropbox\Reps\Dextro\IBA\Hardware\MaisPip #
#                    ocaG2\SOFTWARE\Debug\Obj\flash_queue.o                   #
#                    C:\Users\Marcos\Dropbox\Reps\Dextro\IBA\Hardware\MaisPip #
#                    ocaG2\SOFTWARE\Debug\Obj\heap_1.o                        #
#                    C:\Users\Marcos\Dropbox\Reps\Dextro\IBA\Hardware\MaisPip #
#                    ocaG2\SOFTWARE\Debug\Obj\impressora.o                    #
#                    C:\Users\Marcos\Dropbox\Reps\Dextro\IBA\Hardware\MaisPip #
#                    ocaG2\SOFTWARE\Debug\Obj\leds.o                          #
#                    C:\Users\Marcos\Dropbox\Reps\Dextro\IBA\Hardware\MaisPip #
#                    ocaG2\SOFTWARE\Debug\Obj\list.o                          #
#                    C:\Users\Marcos\Dropbox\Reps\Dextro\IBA\Hardware\MaisPip #
#                    ocaG2\SOFTWARE\Debug\Obj\main.o                          #
#                    C:\Users\Marcos\Dropbox\Reps\Dextro\IBA\Hardware\MaisPip #
#                    ocaG2\SOFTWARE\Debug\Obj\mdb.o                           #
#                    C:\Users\Marcos\Dropbox\Reps\Dextro\IBA\Hardware\MaisPip #
#                    ocaG2\SOFTWARE\Debug\Obj\mdb_bill.o                      #
#                    C:\Users\Marcos\Dropbox\Reps\Dextro\IBA\Hardware\MaisPip #
#                    ocaG2\SOFTWARE\Debug\Obj\mdb_cashless.o                  #
#                    C:\Users\Marcos\Dropbox\Reps\Dextro\IBA\Hardware\MaisPip #
#                    ocaG2\SOFTWARE\Debug\Obj\mdb_coin.o                      #
#                    C:\Users\Marcos\Dropbox\Reps\Dextro\IBA\Hardware\MaisPip #
#                    ocaG2\SOFTWARE\Debug\Obj\mdb_uart.o                      #
#                    C:\Users\Marcos\Dropbox\Reps\Dextro\IBA\Hardware\MaisPip #
#                    ocaG2\SOFTWARE\Debug\Obj\memoryWrapper.o                 #
#                    C:\Users\Marcos\Dropbox\Reps\Dextro\IBA\Hardware\MaisPip #
#                    ocaG2\SOFTWARE\Debug\Obj\menu_acessorios.o               #
#                    C:\Users\Marcos\Dropbox\Reps\Dextro\IBA\Hardware\MaisPip #
#                    ocaG2\SOFTWARE\Debug\Obj\menu_ajuste_relogio.o           #
#                    C:\Users\Marcos\Dropbox\Reps\Dextro\IBA\Hardware\MaisPip #
#                    ocaG2\SOFTWARE\Debug\Obj\menu_avancado.o                 #
#                    C:\Users\Marcos\Dropbox\Reps\Dextro\IBA\Hardware\MaisPip #
#                    ocaG2\SOFTWARE\Debug\Obj\menu_configuracao.o             #
#                    C:\Users\Marcos\Dropbox\Reps\Dextro\IBA\Hardware\MaisPip #
#                    ocaG2\SOFTWARE\Debug\Obj\menu_edita_flag.o               #
#                    C:\Users\Marcos\Dropbox\Reps\Dextro\IBA\Hardware\MaisPip #
#                    ocaG2\SOFTWARE\Debug\Obj\menu_edita_inteiro.o            #
#                    C:\Users\Marcos\Dropbox\Reps\Dextro\IBA\Hardware\MaisPip #
#                    ocaG2\SOFTWARE\Debug\Obj\menu_edita_listagem.o           #
#                    C:\Users\Marcos\Dropbox\Reps\Dextro\IBA\Hardware\MaisPip #
#                    ocaG2\SOFTWARE\Debug\Obj\menu_faturamento.o              #
#                    C:\Users\Marcos\Dropbox\Reps\Dextro\IBA\Hardware\MaisPip #
#                    ocaG2\SOFTWARE\Debug\Obj\menu_info_binaria.o             #
#                    C:\Users\Marcos\Dropbox\Reps\Dextro\IBA\Hardware\MaisPip #
#                    ocaG2\SOFTWARE\Debug\Obj\menu_operacao.o                 #
#                    C:\Users\Marcos\Dropbox\Reps\Dextro\IBA\Hardware\MaisPip #
#                    ocaG2\SOFTWARE\Debug\Obj\menu_preparacao.o               #
#                    C:\Users\Marcos\Dropbox\Reps\Dextro\IBA\Hardware\MaisPip #
#                    ocaG2\SOFTWARE\Debug\Obj\menu_rolagem.o                  #
#                    C:\Users\Marcos\Dropbox\Reps\Dextro\IBA\Hardware\MaisPip #
#                    ocaG2\SOFTWARE\Debug\Obj\menu_seleciona_lista.o          #
#                    C:\Users\Marcos\Dropbox\Reps\Dextro\IBA\Hardware\MaisPip #
#                    ocaG2\SOFTWARE\Debug\Obj\menu_servico.o                  #
#                    C:\Users\Marcos\Dropbox\Reps\Dextro\IBA\Hardware\MaisPip #
#                    ocaG2\SOFTWARE\Debug\Obj\menu_teste_hardware.o           #
#                    C:\Users\Marcos\Dropbox\Reps\Dextro\IBA\Hardware\MaisPip #
#                    ocaG2\SOFTWARE\Debug\Obj\menu_teste_mdb.o                #
#                    C:\Users\Marcos\Dropbox\Reps\Dextro\IBA\Hardware\MaisPip #
#                    ocaG2\SOFTWARE\Debug\Obj\parametros.o                    #
#                    C:\Users\Marcos\Dropbox\Reps\Dextro\IBA\Hardware\MaisPip #
#                    ocaG2\SOFTWARE\Debug\Obj\port.o                          #
#                    C:\Users\Marcos\Dropbox\Reps\Dextro\IBA\Hardware\MaisPip #
#                    ocaG2\SOFTWARE\Debug\Obj\portasm.o                       #
#                    C:\Users\Marcos\Dropbox\Reps\Dextro\IBA\Hardware\MaisPip #
#                    ocaG2\SOFTWARE\Debug\Obj\queue.o                         #
#                    C:\Users\Marcos\Dropbox\Reps\Dextro\IBA\Hardware\MaisPip #
#                    ocaG2\SOFTWARE\Debug\Obj\serial_mux.o                    #
#                    C:\Users\Marcos\Dropbox\Reps\Dextro\IBA\Hardware\MaisPip #
#                    ocaG2\SOFTWARE\Debug\Obj\spi_wrapper.o                   #
#                    C:\Users\Marcos\Dropbox\Reps\Dextro\IBA\Hardware\MaisPip #
#                    ocaG2\SOFTWARE\Debug\Obj\sst25vf016b.o                   #
#                    C:\Users\Marcos\Dropbox\Reps\Dextro\IBA\Hardware\MaisPip #
#                    ocaG2\SOFTWARE\Debug\Obj\strings.o                       #
#                    C:\Users\Marcos\Dropbox\Reps\Dextro\IBA\Hardware\MaisPip #
#                    ocaG2\SOFTWARE\Debug\Obj\supervisao_mdb_cashless.o       #
#                    C:\Users\Marcos\Dropbox\Reps\Dextro\IBA\Hardware\MaisPip #
#                    ocaG2\SOFTWARE\Debug\Obj\tasks.o                         #
#                    C:\Users\Marcos\Dropbox\Reps\Dextro\IBA\Hardware\MaisPip #
#                    ocaG2\SOFTWARE\Debug\Obj\tela_senha.o                    #
#                    C:\Users\Marcos\Dropbox\Reps\Dextro\IBA\Hardware\MaisPip #
#                    ocaG2\SOFTWARE\Debug\Obj\uart.o -o                       #
#                    C:\Users\Marcos\Dropbox\Reps\Dextro\IBA\Hardware\MaisPip #
#                    ocaG2\SOFTWARE\Debug\Exe\Mais_Pipoca_exp.out.tmp --map   #
#                    C:\Users\Marcos\Dropbox\Reps\Dextro\IBA\Hardware\MaisPip #
#                    ocaG2\SOFTWARE\Debug\List\Mais_Pipoca_exp.map --config   #
#                    "C:\Users\Marcos\Dropbox\Cli\AlmTec\01-Firmware\01_mais_ #
#                    pipoca_exp\MaisPipoca - 2.0.1\AirPopCorn.icf"            #
#                    --semihosting --entry __iar_program_start --vfe          #
#                                                                             #
#                                                                             #
###############################################################################

*******************************************************************************
*** RUNTIME MODEL ATTRIBUTES
***

CppFlavor       = *
__SystemLibrary = DLib


*******************************************************************************
*** PLACEMENT SUMMARY
***

"A1":  place at 0x00000000 { ro section .intvec };
"P1":  place in [from 0x00000000 to 0x000002fb] |
                [from 0x00000300 to 0x0006ffff] { ro };
"P2":  place in [from 0x10000000 to 0x10007fdf] { rw, block CSTACK, block HEAP };
"P5":  place in [from 0x00070000 to 0x0007ffff] { ro object strings.o };

  Section             Kind        Address    Size  Object
  -------             ----        -------    ----  ------
"A1":                                        0xc4
  .intvec             ro code  0x00000000    0xc4  cstartup_M.o [1]
                             - 0x000000c4    0xc4

"P1", part 1 of 2:                            0x0
  .rodata             const    0x000000c4     0x0  zero_init3.o [5]
  .rodata             const    0x000000c4     0x0  lz77_init.o [5]

"P1", part 2 of 2:                         0xdef4
  .text               ro code  0x00000300   0xcf6  xprintffull_nomb.o [3]
  .text               ro code  0x00000ff6    0x22  zero_init3.o [5]
  .text               ro code  0x00001018    0x16  strchr.o [5]
  .text               ro code  0x0000102e     0xa  xsprout.o [3]
  .text               ro code  0x00001038    0x36  strlen.o [5]
  .text               ro code  0x00001070    0x58  memchr.o [5]
  .text               ro code  0x000010c8    0xee  I64DivMod.o [5]
  .text               ro code  0x000011b8    0x76  ABImemcpy.o [5]
  .text               ro code  0x0000122e    0x42  xdnorm.o [4]
  .text               ro code  0x00001270    0x2e  DblCmpLe.o [4]
  .text               ro code  0x000012a0    0x2e  DblCmpGe.o [4]
  .text               ro code  0x000012d0   0x10c  xdscale.o [4]
  .text               ro code  0x000013dc    0x58  DblToI32.o [4]
  .text               ro code  0x00001434    0x30  I32ToDbl.o [4]
  .text               ro code  0x00001464   0x180  DblSub.o [4]
  .text               ro code  0x000015e4   0x1a2  DblMul.o [4]
  .text               ro code  0x00001788   0x246  DblDiv.o [4]
  .text               ro code  0x000019ce     0xe  div.o [3]
  .text               ro code  0x000019dc     0x2  I64DivZer.o [5]
  .text               ro code  0x000019e0    0xd4  DblAdd.o [4]
  .rodata             const    0x00001ab4   0xb58  parametros.o [1]
  .text               ro code  0x0000260c   0xa54  aplicacao.o [1]
  .text               ro code  0x00003060   0x138  parametros.o [1]
  .text               ro code  0x00003198   0x7d4  tasks.o [1]
  .text               ro code  0x0000396c   0x51c  Preparacao.o [1]
  .text               ro code  0x00003e88   0x71c  Board.o [1]
  .text               ro code  0x000045a4   0x400  Pagamentos.o [1]
  .text               ro code  0x000049a4   0x1f8  Teclado.o [1]
  .text               ro code  0x00004b9c    0x98  menu_configuracao.o [1]
  .text               ro code  0x00004c34   0x258  WH1602.o [1]
  .text               ro code  0x00004e8c   0x434  WH1602_2.o [1]
  .text               ro code  0x000052c0   0x38e  queue.o [1]
  .text               ro code  0x00005650   0x16c  AmostraAnalogica.o [1]
  .text               ro code  0x000057bc   0x5a0  Potencia.o [1]
  .text               ro code  0x00005d5c    0x34  sprintf.o [3]
  .text               ro code  0x00005d90   0x340  mdb.o [1]
  .text               ro code  0x000060d0    0xfc  POST.o [1]
  .text               ro code  0x000061cc   0x47c  BV20.o [1]
  .text               ro code  0x00006648    0x68  ControleTemperatura.o [1]
  .text               ro code  0x000066b0    0x5c  WATCHDOG.o [1]
  .text               ro code  0x0000670c   0x1b4  memoryWrapper.o [1]
  .text               ro code  0x000068c0     0xe  tela_senha.o [1]
  .text               ro code  0x000068d0   0x348  cctalk.o [1]
  .text               ro code  0x00006c18    0xc4  port.o [1]
  .text               ro code  0x00006cdc    0x9a  list.o [1]
  CODE                ro code  0x00006d78    0x8c  portasm.o [1]
  .text               ro code  0x00006e04   0x25a  main.o [1]
  .text               ro code  0x00007060    0x62  memcmp.o [5]
  .text               ro code  0x000070c4    0x6c  strncpy.o [5]
  .text               ro code  0x00007130    0x58  heap_1.o [1]
  .text               ro code  0x00007188    0x14  tasks.o [1]
  .text               ro code  0x0000719c    0x80  embalagem.o [1]
  .text               ro code  0x0000721c   0x26c  PlayerWave.o [1]
  .text               ro code  0x00007488   0x102  faturamento.o [1]
  .text               ro code  0x0000758c    0xc8  leds.o [1]
  .text               ro code  0x00007654    0x8c  serial_mux.o [1]
  .text               ro code  0x000076e0    0x9c  RTC.o [1]
  .text               ro code  0x0000777c   0x144  AmostraAnalogica.o [1]
  .text               ro code  0x000078c0    0x94  Supervisao_MDB.o [1]
  .text               ro code  0x00007954   0x524  Supervisao_mdb_bill.o [1]
  .text               ro code  0x00007e78   0x1fc  Supervisao_mdb_coin.o [1]
  .text               ro code  0x00008074   0x1c8  supervisao_mdb_cashless.o [1]
  .text               ro code  0x0000823c    0xe2  menu_rolagem.o [1]
  .text               ro code  0x00008320    0xd2  menu_seleciona_lista.o [1]
  .text               ro code  0x000083f4   0x1dc  Potencia.o [1]
  .text               ro code  0x000085d0   0x186  mdb_uart.o [1]
  .text               ro code  0x00008756   0x1da  mdb_coin.o [1]
  .text               ro code  0x00008930   0x1a0  spi_wrapper.o [1]
  .text               ro code  0x00008ad0   0x2ac  sst25vf016b.o [1]
  .text               ro code  0x00008d7c   0x29c  uart.o [1]
  .text               ro code  0x00009018    0x66  ABImemset.o [5]
  .text               ro code  0x0000907e   0x236  mdb_bill.o [1]
  .text               ro code  0x000092b4   0x374  mdb_cashless.o [1]
  .text               ro code  0x00009628    0xfc  menu_edita_listagem.o [1]
  .text               ro code  0x00009724   0x89c  menu_teste_hardware.o [1]
  .text               ro code  0x00009fc0    0x20  srand.o [3]
  .text               ro code  0x00009fe0     0x6  ABImemclr4.o [5]
  .text               ro code  0x00009fe8    0x7c  impressora.o [1]
  .text               ro code  0x0000a064     0x2  xtls.o [3]
  .text               ro code  0x0000a068    0x32  ABImemset48.o [5]
  .text               ro code  0x0000a09c   0x7d0  Protocolo.o [1]
  .text               ro code  0x0000a86c   0x67a  menu_operacao.o [1]
  .text               ro code  0x0000aee8    0xb4  fila_troca_preco.o [1]
  .text               ro code  0x0000af9c   0x148  menu_edita_inteiro.o [1]
  .text               ro code  0x0000b0e4    0xd0  menu_edita_flag.o [1]
  .text               ro code  0x0000b1b4   0x1ac  flash_queue.o [1]
  .text               ro code  0x0000b360   0x580  Relatorio.o [1]
  .text               ro code  0x0000b8e0   0x3e4  tela_senha.o [1]
  .text               ro code  0x0000bcc4    0xe0  rand.o [3]
  .text               ro code  0x0000bda4   0x3a4  menu_avancado.o [1]
  .text               ro code  0x0000c148   0x2c0  InterfaceAjusteRelogio.o [1]
  .text               ro code  0x0000c408   0x2bc  menu_acessorios.o [1]
  .text               ro code  0x0000c6c4   0x26e  menu_teste_mdb.o [1]
  .text               ro code  0x0000c934   0x1b0  menu_servico.o [1]
  .text               ro code  0x0000cae4   0x1a4  lz77_init.o [5]
  .text               ro code  0x0000cc88     0x6  abort.o [3]
  .text               ro code  0x0000cc90    0x14  exit.o [6]
  .text               ro code  0x0000cca4   0x1a0  menu_faturamento.o [1]
  .rodata             const    0x0000ce44   0x168  AmostraAnalogica.o [1]
  .rodata             const    0x0000cfac   0x168  AmostraAnalogica.o [1]
  .text               ro code  0x0000d114    0xc8  menu_preparacao.o [1]
  .rodata             const    0x0000d1dc    0x64  BV20.o [1]
  .rodata             const    0x0000d240    0x40  menu_teste_hardware.o [1]
  .rodata             const    0x0000d280    0x30  InterfaceAjusteRelogio.o [1]
  .rodata             const    0x0000d2b0    0x2c  Relatorio.o [1]
  .rodata             const    0x0000d2dc    0x28  menu_acessorios.o [1]
  .rodata             const    0x0000d304    0x28  menu_acessorios.o [1]
  .rodata             const    0x0000d32c    0x28  menu_configuracao.o [1]
  .text               ro code  0x0000d354    0x28  data_init.o [5]
  .rodata             const    0x0000d37c    0x24  Relatorio.o [1]
  .rodata             const    0x0000d3a0    0x24  Relatorio.o [1]
  .rodata             const    0x0000d3c4    0x24  Relatorio.o [1]
  .rodata             const    0x0000d3e8    0x24  Relatorio.o [1]
  .rodata             const    0x0000d40c    0x24  Relatorio.o [1]
  .rodata             const    0x0000d430    0x24  Relatorio.o [1]
  .rodata             const    0x0000d454    0x24  Relatorio.o [1]
  .rodata             const    0x0000d478    0x24  Relatorio.o [1]
  .rodata             const    0x0000d49c    0x24  Relatorio.o [1]
  .rodata             const    0x0000d4c0    0x24  Relatorio.o [1]
  .rodata             const    0x0000d4e4    0x24  Relatorio.o [1]
  .rodata             const    0x0000d508    0x24  Relatorio.o [1]
  .rodata             const    0x0000d52c    0x24  Relatorio.o [1]
  .rodata             const    0x0000d550    0x24  Relatorio.o [1]
  .rodata             const    0x0000d574    0x24  Relatorio.o [1]
  .rodata             const    0x0000d598    0x24  Relatorio.o [1]
  .rodata             const    0x0000d5bc    0x24  Relatorio.o [1]
  .rodata             const    0x0000d5e0    0x24  Relatorio.o [1]
  .rodata             const    0x0000d604    0x24  Relatorio.o [1]
  .rodata             const    0x0000d628    0x24  Relatorio.o [1]
  .rodata             const    0x0000d64c    0x24  Relatorio.o [1]
  .rodata             const    0x0000d670    0x24  Relatorio.o [1]
  .rodata             const    0x0000d694    0x24  Relatorio.o [1]
  .rodata             const    0x0000d6b8    0x24  Relatorio.o [1]
  .rodata             const    0x0000d6dc    0x24  Relatorio.o [1]
  .rodata             const    0x0000d700    0x24  Relatorio.o [1]
  .rodata             const    0x0000d724    0x24  Relatorio.o [1]
  .rodata             const    0x0000d748    0x24  menu_avancado.o [1]
  .rodata             const    0x0000d76c    0x24  supervisao_mdb_cashless.o [1]
  .iar.init_table     const    0x0000d790    0x48  - Linker created -
  .rodata             const    0x0000d7d8    0x20  Relatorio.o [1]
  .rodata             const    0x0000d7f8    0x20  flash_queue.o [1]
  .rodata             const    0x0000d818    0x20  menu_acessorios.o [1]
  .rodata             const    0x0000d838    0x1c  Supervisao_mdb_bill.o [1]
  .rodata             const    0x0000d854    0x18  Relatorio.o [1]
  .rodata             const    0x0000d86c    0x18  menu_faturamento.o [1]
  .rodata             const    0x0000d884    0x18  menu_servico.o [1]
  .rodata             const    0x0000d89c    0x18  menu_teste_hardware.o [1]
  .rodata             const    0x0000d8b4    0x18  menu_teste_mdb.o [1]
  .text               ro code  0x0000d8cc    0x16  cmain.o [5]
  .text               ro code  0x0000d8e2     0x4  low_level_init.o [3]
  .text               ro code  0x0000d8e6     0x4  exit.o [3]
  .text               ro code  0x0000d8ec     0xa  cexit.o [5]
  .rodata             const    0x0000d8f8    0x14  Relatorio.o [1]
  .rodata             const    0x0000d90c    0x14  Supervisao_mdb_coin.o [1]
  .rodata             const    0x0000d920    0x14  aplicacao.o [1]
  .rodata             const    0x0000d934    0x14  aplicacao.o [1]
  .rodata             const    0x0000d948    0x14  menu_avancado.o [1]
  .rodata             const    0x0000d95c    0x14  menu_edita_flag.o [1]
  .rodata             const    0x0000d970    0x14  menu_edita_listagem.o [1]
  .rodata             const    0x0000d984    0x14  menu_faturamento.o [1]
  .rodata             const    0x0000d998    0x14  menu_teste_hardware.o [1]
  .rodata             const    0x0000d9ac    0x14  menu_teste_hardware.o [1]
  .rodata             const    0x0000d9c0    0x14  menu_teste_hardware.o [1]
  .rodata             const    0x0000d9d4    0x14  menu_teste_mdb.o [1]
  .rodata             const    0x0000d9e8    0x14  parametros.o [1]
  .rodata             const    0x0000d9fc    0x14  tasks.o [1]
  .rodata             const    0x0000da10    0x14  tela_senha.o [1]
  .rodata             const    0x0000da24    0x10  Preparacao.o [1]
  .rodata             const    0x0000da34    0x10  Preparacao.o [1]
  .rodata             const    0x0000da44    0x10  aplicacao.o [1]
  .rodata             const    0x0000da54    0x10  aplicacao.o [1]
  .rodata             const    0x0000da64    0x10  aplicacao.o [1]
  .rodata             const    0x0000da74    0x10  aplicacao.o [1]
  .rodata             const    0x0000da84    0x10  menu_operacao.o [1]
  .rodata             const    0x0000da94    0x10  menu_operacao.o [1]
  .rodata             const    0x0000daa4    0x10  menu_operacao.o [1]
  .rodata             const    0x0000dab4    0x10  menu_operacao.o [1]
  .rodata             const    0x0000dac4    0x10  menu_operacao.o [1]
  .rodata             const    0x0000dad4    0x10  menu_servico.o [1]
  .rodata             const    0x0000dae4    0x10  menu_servico.o [1]
  .rodata             const    0x0000daf4    0x10  menu_servico.o [1]
  .rodata             const    0x0000db04    0x10  menu_teste_hardware.o [1]
  .rodata             const    0x0000db14    0x10  menu_teste_hardware.o [1]
  .rodata             const    0x0000db24    0x10  menu_teste_hardware.o [1]
  .rodata             const    0x0000db34    0x10  menu_teste_hardware.o [1]
  .rodata             const    0x0000db44    0x10  menu_teste_hardware.o [1]
  .rodata             const    0x0000db54    0x10  menu_teste_mdb.o [1]
  .rodata             const    0x0000db64     0xc  InterfaceAjusteRelogio.o [1]
  .rodata             const    0x0000db70     0xc  InterfaceAjusteRelogio.o [1]
  .rodata             const    0x0000db7c     0xc  Relatorio.o [1]
  .rodata             const    0x0000db88     0xc  aplicacao.o [1]
  .rodata             const    0x0000db94     0xc  aplicacao.o [1]
  .rodata             const    0x0000dba0     0xc  aplicacao.o [1]
  .rodata             const    0x0000dbac     0xc  aplicacao.o [1]
  .rodata             const    0x0000dbb8     0xc  aplicacao.o [1]
  .rodata             const    0x0000dbc4     0xc  aplicacao.o [1]
  .rodata             const    0x0000dbd0     0xc  aplicacao.o [1]
  .rodata             const    0x0000dbdc     0xc  aplicacao.o [1]
  .rodata             const    0x0000dbe8     0xc  aplicacao.o [1]
  .rodata             const    0x0000dbf4     0xc  aplicacao.o [1]
  .rodata             const    0x0000dc00     0xc  main.o [1]
  .rodata             const    0x0000dc0c     0xc  main.o [1]
  .rodata             const    0x0000dc18     0xc  menu_avancado.o [1]
  .rodata             const    0x0000dc24     0xc  menu_avancado.o [1]
  .rodata             const    0x0000dc30     0xc  menu_configuracao.o [1]
  .rodata             const    0x0000dc3c     0xc  menu_faturamento.o [1]
  .rodata             const    0x0000dc48     0xc  menu_faturamento.o [1]
  .rodata             const    0x0000dc54     0xc  menu_faturamento.o [1]
  .rodata             const    0x0000dc60     0xc  menu_operacao.o [1]
  .rodata             const    0x0000dc6c     0xc  menu_operacao.o [1]
  .rodata             const    0x0000dc78     0xc  menu_operacao.o [1]
  .rodata             const    0x0000dc84     0xc  menu_operacao.o [1]
  .rodata             const    0x0000dc90     0xc  menu_operacao.o [1]
  .rodata             const    0x0000dc9c     0xc  menu_operacao.o [1]
  .rodata             const    0x0000dca8     0xc  menu_preparacao.o [1]
  .rodata             const    0x0000dcb4     0xc  menu_preparacao.o [1]
  .rodata             const    0x0000dcc0     0xc  menu_servico.o [1]
  .rodata             const    0x0000dccc     0xc  menu_servico.o [1]
  .rodata             const    0x0000dcd8     0xc  menu_teste_hardware.o [1]
  .rodata             const    0x0000dce4     0xc  menu_teste_hardware.o [1]
  .rodata             const    0x0000dcf0     0xc  menu_teste_mdb.o [1]
  .rodata             const    0x0000dcfc     0xc  menu_teste_mdb.o [1]
  .rodata             const    0x0000dd08     0xc  tela_senha.o [1]
  .rodata             const    0x0000dd14     0xc  tela_senha.o [1]
  .text               ro code  0x0000dd20     0xc  cstartup_M.o [5]
  .rodata             const    0x0000dd2c     0x8  InterfaceAjusteRelogio.o [1]
  .rodata             const    0x0000dd34     0x8  InterfaceAjusteRelogio.o [1]
  .rodata             const    0x0000dd3c     0x8  InterfaceAjusteRelogio.o [1]
  .rodata             const    0x0000dd44     0x8  InterfaceAjusteRelogio.o [1]
  .rodata             const    0x0000dd4c     0x8  Supervisao_mdb_coin.o [1]
  .rodata             const    0x0000dd54     0x8  aplicacao.o [1]
  .rodata             const    0x0000dd5c     0x8  main.o [1]
  .rodata             const    0x0000dd64     0x8  main.o [1]
  .rodata             const    0x0000dd6c     0x8  main.o [1]
  .rodata             const    0x0000dd74     0x8  menu_acessorios.o [1]
  .rodata             const    0x0000dd7c     0x8  menu_acessorios.o [1]
  .rodata             const    0x0000dd84     0x8  menu_acessorios.o [1]
  .rodata             const    0x0000dd8c     0x8  menu_acessorios.o [1]
  .rodata             const    0x0000dd94     0x8  menu_acessorios.o [1]
  .rodata             const    0x0000dd9c     0x8  menu_acessorios.o [1]
  .rodata             const    0x0000dda4     0x8  menu_acessorios.o [1]
  .rodata             const    0x0000ddac     0x8  menu_acessorios.o [1]
  .rodata             const    0x0000ddb4     0x8  menu_acessorios.o [1]
  .rodata             const    0x0000ddbc     0x8  menu_acessorios.o [1]
  .rodata             const    0x0000ddc4     0x8  menu_acessorios.o [1]
  .rodata             const    0x0000ddcc     0x8  menu_avancado.o [1]
  .rodata             const    0x0000ddd4     0x8  menu_avancado.o [1]
  .rodata             const    0x0000dddc     0x8  menu_edita_flag.o [1]
  .rodata             const    0x0000dde4     0x8  menu_edita_listagem.o [1]
  .rodata             const    0x0000ddec     0x8  menu_faturamento.o [1]
  .rodata             const    0x0000ddf4     0x8  menu_faturamento.o [1]
  .rodata             const    0x0000ddfc     0x8  menu_faturamento.o [1]
  .rodata             const    0x0000de04     0x8  menu_faturamento.o [1]
  .rodata             const    0x0000de0c     0x8  menu_operacao.o [1]
  .rodata             const    0x0000de14     0x8  menu_operacao.o [1]
  .rodata             const    0x0000de1c     0x8  menu_operacao.o [1]
  .rodata             const    0x0000de24     0x8  menu_preparacao.o [1]
  .rodata             const    0x0000de2c     0x8  menu_servico.o [1]
  .rodata             const    0x0000de34     0x8  menu_teste_hardware.o [1]
  .rodata             const    0x0000de3c     0x8  menu_teste_hardware.o [1]
  .rodata             const    0x0000de44     0x8  menu_teste_hardware.o [1]
  .rodata             const    0x0000de4c     0x8  menu_teste_hardware.o [1]
  .rodata             const    0x0000de54     0x8  menu_teste_hardware.o [1]
  .rodata             const    0x0000de5c     0x8  menu_teste_mdb.o [1]
  .rodata             const    0x0000de64     0x8  menu_teste_mdb.o [1]
  .rodata             const    0x0000de6c     0x8  tasks.o [1]
  .rodata             const    0x0000de74     0x8  tela_senha.o [1]
  .rodata             const    0x0000de7c     0x8  tela_senha.o [1]
  .rodata             const    0x0000de84     0x8  tela_senha.o [1]
  .rodata             const    0x0000de8c     0x8  tela_senha.o [1]
  .rodata             const    0x0000de94     0x8  tela_senha.o [1]
  .rodata             const    0x0000de9c     0x4  InterfaceAjusteRelogio.o [1]
  .rodata             const    0x0000dea0     0x4  Potencia.o [1]
  .rodata             const    0x0000dea4     0x4  Potencia.o [1]
  .rodata             const    0x0000dea8     0x4  Potencia.o [1]
  .rodata             const    0x0000deac     0x4  menu_teste_hardware.o [1]
  .text               ro code  0x0000deb0     0x4  cstartup_M.o [1]
  .text               ro code  0x0000deb4     0x4  cstartup_M.o [1]
  .text               ro code  0x0000deb8     0x4  cstartup_M.o [1]
  .text               ro code  0x0000debc     0x4  cstartup_M.o [1]
  .text               ro code  0x0000dec0     0x4  cstartup_M.o [1]
  .text               ro code  0x0000dec4     0x4  cstartup_M.o [1]
  .text               ro code  0x0000dec8     0x4  cstartup_M.o [1]
  .text               ro code  0x0000decc     0x4  cstartup_M.o [1]
  .text               ro code  0x0000ded0     0x4  cstartup_M.o [1]
  .text               ro code  0x0000ded4     0x4  cstartup_M.o [1]
  .text               ro code  0x0000ded8     0x4  cstartup_M.o [1]
  .text               ro code  0x0000dedc     0x4  cstartup_M.o [1]
  .text               ro code  0x0000dee0     0x4  cstartup_M.o [1]
  .text               ro code  0x0000dee4     0x4  cstartup_M.o [1]
  .text               ro code  0x0000dee8     0x4  cstartup_M.o [1]
  .text               ro code  0x0000deec     0x4  cstartup_M.o [1]
  .text               ro code  0x0000def0     0x4  cstartup_M.o [1]
  .text               ro code  0x0000def4     0x4  cstartup_M.o [1]
  .text               ro code  0x0000def8     0x4  cstartup_M.o [1]
  .text               ro code  0x0000defc     0x4  cstartup_M.o [1]
  .text               ro code  0x0000df00     0x4  cstartup_M.o [1]
  .text               ro code  0x0000df04     0x4  cstartup_M.o [1]
  .text               ro code  0x0000df08     0x4  cstartup_M.o [1]
  .text               ro code  0x0000df0c     0x4  cstartup_M.o [1]
  .text               ro code  0x0000df10     0x4  cstartup_M.o [1]
  .text               ro code  0x0000df14     0x4  cstartup_M.o [1]
  .text               ro code  0x0000df18     0x4  cstartup_M.o [1]
  .text               ro code  0x0000df1c     0x4  cstartup_M.o [1]
  .text               ro code  0x0000df20     0x4  cstartup_M.o [1]
  .text               ro code  0x0000df24     0x4  cstartup_M.o [1]
  .text               ro code  0x0000df28     0x4  cstartup_M.o [1]
  .text               ro code  0x0000df2c     0x4  cstartup_M.o [1]
  .text               ro code  0x0000df30     0x4  cstartup_M.o [1]
  .text               ro code  0x0000df34     0x4  cstartup_M.o [1]
  .text               ro code  0x0000df38     0x4  cstartup_M.o [1]
  .text               ro code  0x0000df3c     0x4  cstartup_M.o [1]
  .text               ro code  0x0000df40     0x4  cstartup_M.o [1]
  .text               ro code  0x0000df44     0x4  cstartup_M.o [1]
  .text               ro code  0x0000df48     0x4  cstartup_M.o [1]
  .text               ro code  0x0000df4c     0x4  cstartup_M.o [1]
  .text               ro code  0x0000df50     0x4  cstartup_M.o [1]
  .text               ro code  0x0000df54     0x4  cstartup_M.o [1]
  Initializer bytes   ro data  0x0000df58   0x29c  <for P2 s0>
                             - 0x0000e1f4  0xdef4

"P5":                                      0x1a88
  .text               ro code  0x00070000    0xa8  strings.o [1]
  .rodata             const    0x000700a8    0x18  strings.o [1]
  .rodata             const    0x000700c0    0x14  strings.o [1]
  .rodata             const    0x000700d4    0x14  strings.o [1]
  .rodata             const    0x000700e8    0x14  strings.o [1]
  .rodata             const    0x000700fc    0x14  strings.o [1]
  .rodata             const    0x00070110    0x14  strings.o [1]
  .rodata             const    0x00070124    0x14  strings.o [1]
  .rodata             const    0x00070138    0x14  strings.o [1]
  .rodata             const    0x0007014c    0x14  strings.o [1]
  .rodata             const    0x00070160    0x14  strings.o [1]
  .rodata             const    0x00070174    0x14  strings.o [1]
  .rodata             const    0x00070188    0x14  strings.o [1]
  .rodata             const    0x0007019c    0x14  strings.o [1]
  .rodata             const    0x000701b0    0x14  strings.o [1]
  .rodata             const    0x000701c4    0x14  strings.o [1]
  .rodata             const    0x000701d8    0x14  strings.o [1]
  .rodata             const    0x000701ec    0x14  strings.o [1]
  .rodata             const    0x00070200    0x14  strings.o [1]
  .rodata             const    0x00070214    0x14  strings.o [1]
  .rodata             const    0x00070228    0x14  strings.o [1]
  .rodata             const    0x0007023c    0x14  strings.o [1]
  .rodata             const    0x00070250    0x14  strings.o [1]
  .rodata             const    0x00070264    0x14  strings.o [1]
  .rodata             const    0x00070278    0x14  strings.o [1]
  .rodata             const    0x0007028c    0x14  strings.o [1]
  .rodata             const    0x000702a0    0x14  strings.o [1]
  .rodata             const    0x000702b4    0x14  strings.o [1]
  .rodata             const    0x000702c8    0x14  strings.o [1]
  .rodata             const    0x000702dc    0x14  strings.o [1]
  .rodata             const    0x000702f0    0x14  strings.o [1]
  .rodata             const    0x00070304    0x14  strings.o [1]
  .rodata             const    0x00070318    0x14  strings.o [1]
  .rodata             const    0x0007032c    0x14  strings.o [1]
  .rodata             const    0x00070340    0x14  strings.o [1]
  .rodata             const    0x00070354    0x14  strings.o [1]
  .rodata             const    0x00070368    0x14  strings.o [1]
  .rodata             const    0x0007037c    0x14  strings.o [1]
  .rodata             const    0x00070390    0x14  strings.o [1]
  .rodata             const    0x000703a4    0x14  strings.o [1]
  .rodata             const    0x000703b8    0x14  strings.o [1]
  .rodata             const    0x000703cc    0x14  strings.o [1]
  .rodata             const    0x000703e0    0x14  strings.o [1]
  .rodata             const    0x000703f4    0x14  strings.o [1]
  .rodata             const    0x00070408    0x14  strings.o [1]
  .rodata             const    0x0007041c    0x14  strings.o [1]
  .rodata             const    0x00070430    0x14  strings.o [1]
  .rodata             const    0x00070444    0x14  strings.o [1]
  .rodata             const    0x00070458    0x14  strings.o [1]
  .rodata             const    0x0007046c    0x14  strings.o [1]
  .rodata             const    0x00070480    0x14  strings.o [1]
  .rodata             const    0x00070494    0x14  strings.o [1]
  .rodata             const    0x000704a8    0x14  strings.o [1]
  .rodata             const    0x000704bc    0x14  strings.o [1]
  .rodata             const    0x000704d0    0x14  strings.o [1]
  .rodata             const    0x000704e4    0x14  strings.o [1]
  .rodata             const    0x000704f8    0x14  strings.o [1]
  .rodata             const    0x0007050c    0x14  strings.o [1]
  .rodata             const    0x00070520    0x14  strings.o [1]
  .rodata             const    0x00070534    0x14  strings.o [1]
  .rodata             const    0x00070548    0x14  strings.o [1]
  .rodata             const    0x0007055c    0x14  strings.o [1]
  .rodata             const    0x00070570    0x14  strings.o [1]
  .rodata             const    0x00070584    0x14  strings.o [1]
  .rodata             const    0x00070598    0x14  strings.o [1]
  .rodata             const    0x000705ac    0x14  strings.o [1]
  .rodata             const    0x000705c0    0x14  strings.o [1]
  .rodata             const    0x000705d4    0x14  strings.o [1]
  .rodata             const    0x000705e8    0x14  strings.o [1]
  .rodata             const    0x000705fc    0x14  strings.o [1]
  .rodata             const    0x00070610    0x14  strings.o [1]
  .rodata             const    0x00070624    0x14  strings.o [1]
  .rodata             const    0x00070638    0x14  strings.o [1]
  .rodata             const    0x0007064c    0x14  strings.o [1]
  .rodata             const    0x00070660    0x14  strings.o [1]
  .rodata             const    0x00070674    0x14  strings.o [1]
  .rodata             const    0x00070688    0x14  strings.o [1]
  .rodata             const    0x0007069c    0x14  strings.o [1]
  .rodata             const    0x000706b0    0x14  strings.o [1]
  .rodata             const    0x000706c4    0x14  strings.o [1]
  .rodata             const    0x000706d8    0x14  strings.o [1]
  .rodata             const    0x000706ec    0x14  strings.o [1]
  .rodata             const    0x00070700    0x14  strings.o [1]
  .rodata             const    0x00070714    0x14  strings.o [1]
  .rodata             const    0x00070728    0x14  strings.o [1]
  .rodata             const    0x0007073c    0x14  strings.o [1]
  .rodata             const    0x00070750    0x14  strings.o [1]
  .rodata             const    0x00070764    0x14  strings.o [1]
  .rodata             const    0x00070778    0x14  strings.o [1]
  .rodata             const    0x0007078c    0x14  strings.o [1]
  .rodata             const    0x000707a0    0x14  strings.o [1]
  .rodata             const    0x000707b4    0x14  strings.o [1]
  .rodata             const    0x000707c8    0x14  strings.o [1]
  .rodata             const    0x000707dc    0x14  strings.o [1]
  .rodata             const    0x000707f0    0x14  strings.o [1]
  .rodata             const    0x00070804    0x14  strings.o [1]
  .rodata             const    0x00070818    0x14  strings.o [1]
  .rodata             const    0x0007082c    0x14  strings.o [1]
  .rodata             const    0x00070840    0x14  strings.o [1]
  .rodata             const    0x00070854    0x14  strings.o [1]
  .rodata             const    0x00070868    0x14  strings.o [1]
  .rodata             const    0x0007087c    0x14  strings.o [1]
  .rodata             const    0x00070890    0x14  strings.o [1]
  .rodata             const    0x000708a4    0x14  strings.o [1]
  .rodata             const    0x000708b8    0x14  strings.o [1]
  .rodata             const    0x000708cc    0x14  strings.o [1]
  .rodata             const    0x000708e0    0x14  strings.o [1]
  .rodata             const    0x000708f4    0x14  strings.o [1]
  .rodata             const    0x00070908    0x14  strings.o [1]
  .rodata             const    0x0007091c    0x14  strings.o [1]
  .rodata             const    0x00070930    0x14  strings.o [1]
  .rodata             const    0x00070944    0x14  strings.o [1]
  .rodata             const    0x00070958    0x14  strings.o [1]
  .rodata             const    0x0007096c    0x14  strings.o [1]
  .rodata             const    0x00070980    0x14  strings.o [1]
  .rodata             const    0x00070994    0x14  strings.o [1]
  .rodata             const    0x000709a8    0x14  strings.o [1]
  .rodata             const    0x000709bc    0x14  strings.o [1]
  .rodata             const    0x000709d0    0x14  strings.o [1]
  .rodata             const    0x000709e4    0x14  strings.o [1]
  .rodata             const    0x000709f8    0x14  strings.o [1]
  .rodata             const    0x00070a0c    0x14  strings.o [1]
  .rodata             const    0x00070a20    0x14  strings.o [1]
  .rodata             const    0x00070a34    0x14  strings.o [1]
  .rodata             const    0x00070a48    0x14  strings.o [1]
  .rodata             const    0x00070a5c    0x14  strings.o [1]
  .rodata             const    0x00070a70    0x14  strings.o [1]
  .rodata             const    0x00070a84    0x14  strings.o [1]
  .rodata             const    0x00070a98    0x14  strings.o [1]
  .rodata             const    0x00070aac    0x14  strings.o [1]
  .rodata             const    0x00070ac0    0x14  strings.o [1]
  .rodata             const    0x00070ad4    0x14  strings.o [1]
  .rodata             const    0x00070ae8    0x14  strings.o [1]
  .rodata             const    0x00070afc    0x14  strings.o [1]
  .rodata             const    0x00070b10    0x14  strings.o [1]
  .rodata             const    0x00070b24    0x14  strings.o [1]
  .rodata             const    0x00070b38    0x14  strings.o [1]
  .rodata             const    0x00070b4c    0x14  strings.o [1]
  .rodata             const    0x00070b60    0x14  strings.o [1]
  .rodata             const    0x00070b74    0x14  strings.o [1]
  .rodata             const    0x00070b88    0x14  strings.o [1]
  .rodata             const    0x00070b9c    0x14  strings.o [1]
  .rodata             const    0x00070bb0    0x14  strings.o [1]
  .rodata             const    0x00070bc4    0x14  strings.o [1]
  .rodata             const    0x00070bd8    0x14  strings.o [1]
  .rodata             const    0x00070bec    0x14  strings.o [1]
  .rodata             const    0x00070c00    0x14  strings.o [1]
  .rodata             const    0x00070c14    0x14  strings.o [1]
  .rodata             const    0x00070c28    0x14  strings.o [1]
  .rodata             const    0x00070c3c    0x14  strings.o [1]
  .rodata             const    0x00070c50    0x14  strings.o [1]
  .rodata             const    0x00070c64    0x14  strings.o [1]
  .rodata             const    0x00070c78    0x14  strings.o [1]
  .rodata             const    0x00070c8c    0x14  strings.o [1]
  .rodata             const    0x00070ca0    0x14  strings.o [1]
  .rodata             const    0x00070cb4    0x14  strings.o [1]
  .rodata             const    0x00070cc8    0x14  strings.o [1]
  .rodata             const    0x00070cdc    0x10  strings.o [1]
  .rodata             const    0x00070cec    0x10  strings.o [1]
  .rodata             const    0x00070cfc    0x10  strings.o [1]
  .rodata             const    0x00070d0c    0x10  strings.o [1]
  .rodata             const    0x00070d1c    0x10  strings.o [1]
  .rodata             const    0x00070d2c    0x10  strings.o [1]
  .rodata             const    0x00070d3c    0x10  strings.o [1]
  .rodata             const    0x00070d4c    0x10  strings.o [1]
  .rodata             const    0x00070d5c    0x10  strings.o [1]
  .rodata             const    0x00070d6c    0x10  strings.o [1]
  .rodata             const    0x00070d7c    0x10  strings.o [1]
  .rodata             const    0x00070d8c    0x10  strings.o [1]
  .rodata             const    0x00070d9c    0x10  strings.o [1]
  .rodata             const    0x00070dac    0x10  strings.o [1]
  .rodata             const    0x00070dbc    0x10  strings.o [1]
  .rodata             const    0x00070dcc    0x10  strings.o [1]
  .rodata             const    0x00070ddc    0x10  strings.o [1]
  .rodata             const    0x00070dec    0x10  strings.o [1]
  .rodata             const    0x00070dfc    0x10  strings.o [1]
  .rodata             const    0x00070e0c    0x10  strings.o [1]
  .rodata             const    0x00070e1c    0x10  strings.o [1]
  .rodata             const    0x00070e2c    0x10  strings.o [1]
  .rodata             const    0x00070e3c    0x10  strings.o [1]
  .rodata             const    0x00070e4c    0x10  strings.o [1]
  .rodata             const    0x00070e5c    0x10  strings.o [1]
  .rodata             const    0x00070e6c    0x10  strings.o [1]
  .rodata             const    0x00070e7c    0x10  strings.o [1]
  .rodata             const    0x00070e8c    0x10  strings.o [1]
  .rodata             const    0x00070e9c    0x10  strings.o [1]
  .rodata             const    0x00070eac    0x10  strings.o [1]
  .rodata             const    0x00070ebc    0x10  strings.o [1]
  .rodata             const    0x00070ecc    0x10  strings.o [1]
  .rodata             const    0x00070edc    0x10  strings.o [1]
  .rodata             const    0x00070eec    0x10  strings.o [1]
  .rodata             const    0x00070efc    0x10  strings.o [1]
  .rodata             const    0x00070f0c    0x10  strings.o [1]
  .rodata             const    0x00070f1c    0x10  strings.o [1]
  .rodata             const    0x00070f2c    0x10  strings.o [1]
  .rodata             const    0x00070f3c    0x10  strings.o [1]
  .rodata             const    0x00070f4c    0x10  strings.o [1]
  .rodata             const    0x00070f5c    0x10  strings.o [1]
  .rodata             const    0x00070f6c    0x10  strings.o [1]
  .rodata             const    0x00070f7c    0x10  strings.o [1]
  .rodata             const    0x00070f8c    0x10  strings.o [1]
  .rodata             const    0x00070f9c    0x10  strings.o [1]
  .rodata             const    0x00070fac    0x10  strings.o [1]
  .rodata             const    0x00070fbc    0x10  strings.o [1]
  .rodata             const    0x00070fcc    0x10  strings.o [1]
  .rodata             const    0x00070fdc    0x10  strings.o [1]
  .rodata             const    0x00070fec    0x10  strings.o [1]
  .rodata             const    0x00070ffc    0x10  strings.o [1]
  .rodata             const    0x0007100c    0x10  strings.o [1]
  .rodata             const    0x0007101c    0x10  strings.o [1]
  .rodata             const    0x0007102c    0x10  strings.o [1]
  .rodata             const    0x0007103c    0x10  strings.o [1]
  .rodata             const    0x0007104c    0x10  strings.o [1]
  .rodata             const    0x0007105c    0x10  strings.o [1]
  .rodata             const    0x0007106c    0x10  strings.o [1]
  .rodata             const    0x0007107c    0x10  strings.o [1]
  .rodata             const    0x0007108c    0x10  strings.o [1]
  .rodata             const    0x0007109c    0x10  strings.o [1]
  .rodata             const    0x000710ac    0x10  strings.o [1]
  .rodata             const    0x000710bc    0x10  strings.o [1]
  .rodata             const    0x000710cc    0x10  strings.o [1]
  .rodata             const    0x000710dc    0x10  strings.o [1]
  .rodata             const    0x000710ec     0xc  strings.o [1]
  .rodata             const    0x000710f8     0xc  strings.o [1]
  .rodata             const    0x00071104     0xc  strings.o [1]
  .rodata             const    0x00071110     0xc  strings.o [1]
  .rodata             const    0x0007111c     0xc  strings.o [1]
  .rodata             const    0x00071128     0xc  strings.o [1]
  .rodata             const    0x00071134     0xc  strings.o [1]
  .rodata             const    0x00071140     0xc  strings.o [1]
  .rodata             const    0x0007114c     0xc  strings.o [1]
  .rodata             const    0x00071158     0xc  strings.o [1]
  .rodata             const    0x00071164     0xc  strings.o [1]
  .rodata             const    0x00071170     0xc  strings.o [1]
  .rodata             const    0x0007117c     0xc  strings.o [1]
  .rodata             const    0x00071188     0xc  strings.o [1]
  .rodata             const    0x00071194     0xc  strings.o [1]
  .rodata             const    0x000711a0     0xc  strings.o [1]
  .rodata             const    0x000711ac     0xc  strings.o [1]
  .rodata             const    0x000711b8     0xc  strings.o [1]
  .rodata             const    0x000711c4     0xc  strings.o [1]
  .rodata             const    0x000711d0     0xc  strings.o [1]
  .rodata             const    0x000711dc     0xc  strings.o [1]
  .rodata             const    0x000711e8     0xc  strings.o [1]
  .rodata             const    0x000711f4     0xc  strings.o [1]
  .rodata             const    0x00071200     0xc  strings.o [1]
  .rodata             const    0x0007120c     0xc  strings.o [1]
  .rodata             const    0x00071218     0xc  strings.o [1]
  .rodata             const    0x00071224     0xc  strings.o [1]
  .rodata             const    0x00071230     0xc  strings.o [1]
  .rodata             const    0x0007123c     0xc  strings.o [1]
  .rodata             const    0x00071248     0xc  strings.o [1]
  .rodata             const    0x00071254     0xc  strings.o [1]
  .rodata             const    0x00071260     0xc  strings.o [1]
  .rodata             const    0x0007126c     0xc  strings.o [1]
  .rodata             const    0x00071278     0xc  strings.o [1]
  .rodata             const    0x00071284     0xc  strings.o [1]
  .rodata             const    0x00071290     0xc  strings.o [1]
  .rodata             const    0x0007129c     0xc  strings.o [1]
  .rodata             const    0x000712a8     0xc  strings.o [1]
  .rodata             const    0x000712b4     0xc  strings.o [1]
  .rodata             const    0x000712c0     0xc  strings.o [1]
  .rodata             const    0x000712cc     0xc  strings.o [1]
  .rodata             const    0x000712d8     0xc  strings.o [1]
  .rodata             const    0x000712e4     0xc  strings.o [1]
  .rodata             const    0x000712f0     0xc  strings.o [1]
  .rodata             const    0x000712fc     0xc  strings.o [1]
  .rodata             const    0x00071308     0xc  strings.o [1]
  .rodata             const    0x00071314     0xc  strings.o [1]
  .rodata             const    0x00071320     0xc  strings.o [1]
  .rodata             const    0x0007132c     0xc  strings.o [1]
  .rodata             const    0x00071338     0xc  strings.o [1]
  .rodata             const    0x00071344     0xc  strings.o [1]
  .rodata             const    0x00071350     0xc  strings.o [1]
  .rodata             const    0x0007135c     0xc  strings.o [1]
  .rodata             const    0x00071368     0xc  strings.o [1]
  .rodata             const    0x00071374     0xc  strings.o [1]
  .rodata             const    0x00071380     0xc  strings.o [1]
  .rodata             const    0x0007138c     0xc  strings.o [1]
  .rodata             const    0x00071398     0xc  strings.o [1]
  .rodata             const    0x000713a4     0xc  strings.o [1]
  .rodata             const    0x000713b0     0xc  strings.o [1]
  .rodata             const    0x000713bc     0xc  strings.o [1]
  .rodata             const    0x000713c8     0xc  strings.o [1]
  .rodata             const    0x000713d4     0xc  strings.o [1]
  .rodata             const    0x000713e0     0xc  strings.o [1]
  .rodata             const    0x000713ec     0xc  strings.o [1]
  .rodata             const    0x000713f8     0xc  strings.o [1]
  .rodata             const    0x00071404     0xc  strings.o [1]
  .rodata             const    0x00071410     0xc  strings.o [1]
  .rodata             const    0x0007141c     0xc  strings.o [1]
  .rodata             const    0x00071428     0xc  strings.o [1]
  .rodata             const    0x00071434     0xc  strings.o [1]
  .rodata             const    0x00071440     0xc  strings.o [1]
  .rodata             const    0x0007144c     0xc  strings.o [1]
  .rodata             const    0x00071458     0xc  strings.o [1]
  .rodata             const    0x00071464     0xc  strings.o [1]
  .rodata             const    0x00071470     0xc  strings.o [1]
  .rodata             const    0x0007147c     0xc  strings.o [1]
  .rodata             const    0x00071488     0xc  strings.o [1]
  .rodata             const    0x00071494     0xc  strings.o [1]
  .rodata             const    0x000714a0     0xc  strings.o [1]
  .rodata             const    0x000714ac     0xc  strings.o [1]
  .rodata             const    0x000714b8     0xc  strings.o [1]
  .rodata             const    0x000714c4     0xc  strings.o [1]
  .rodata             const    0x000714d0     0x8  strings.o [1]
  .rodata             const    0x000714d8     0x8  strings.o [1]
  .rodata             const    0x000714e0     0x8  strings.o [1]
  .rodata             const    0x000714e8     0x8  strings.o [1]
  .rodata             const    0x000714f0     0x8  strings.o [1]
  .rodata             const    0x000714f8     0x8  strings.o [1]
  .rodata             const    0x00071500     0x8  strings.o [1]
  .rodata             const    0x00071508     0x8  strings.o [1]
  .rodata             const    0x00071510     0x8  strings.o [1]
  .rodata             const    0x00071518     0x8  strings.o [1]
  .rodata             const    0x00071520     0x8  strings.o [1]
  .rodata             const    0x00071528     0x8  strings.o [1]
  .rodata             const    0x00071530     0x8  strings.o [1]
  .rodata             const    0x00071538     0x8  strings.o [1]
  .rodata             const    0x00071540     0x8  strings.o [1]
  .rodata             const    0x00071548     0x8  strings.o [1]
  .rodata             const    0x00071550     0x8  strings.o [1]
  .rodata             const    0x00071558     0x8  strings.o [1]
  .rodata             const    0x00071560     0x8  strings.o [1]
  .rodata             const    0x00071568     0x8  strings.o [1]
  .rodata             const    0x00071570     0x8  strings.o [1]
  .rodata             const    0x00071578     0x8  strings.o [1]
  .rodata             const    0x00071580     0x8  strings.o [1]
  .rodata             const    0x00071588     0x4  strings.o [1]
  .rodata             const    0x0007158c     0x4  strings.o [1]
  .rodata             const    0x00071590     0x4  strings.o [1]
  .rodata             const    0x00071594     0x4  strings.o [1]
  .rodata             const    0x00071598     0x4  strings.o [1]
  .rodata             const    0x0007159c     0x4  strings.o [1]
  .rodata             const    0x000715a0     0x4  strings.o [1]
  .rodata             const    0x000715a4     0x4  strings.o [1]
  .rodata             const    0x000715a8     0x2  strings.o [1]
  Initializer bytes   ro data  0x000715aa   0x4de  <for P2 s1>
                             - 0x00071a88  0x1a88

"P2", part 1 of 4:                          0x354
  P2 s0                        0x10000000   0x354  <Init block>
    .data             inited   0x10000000   0x200  cctalk.o [1]
    __DLIB_PERTHREAD  inited   0x10000200    0x8c  rand.o [3]
    .data             inited   0x1000028c    0x40  menu_operacao.o [1]
    .data             inited   0x100002cc    0x1c  fila_troca_preco.o [1]
    .data             inited   0x100002e8    0x18  BV20.o [1]
    .data             inited   0x10000300    0x18  InterfaceAjusteRelogio.o [1]
    .data             inited   0x10000318    0x10  Supervisao_mdb_bill.o [1]
    .data             inited   0x10000328     0x4  Board.o [1]
    .data             inited   0x1000032c     0x4  Pagamentos.o [1]
    .data             inited   0x10000330     0x4  PlayerWave.o [1]
    .data             inited   0x10000334     0x4  aplicacao.o [1]
    .data             inited   0x10000338     0x4  port.o [1]
    .data             inited   0x1000033c     0x2  BV20.o [1]
    .data             inited   0x1000033e     0x2  BV20.o [1]
    .data             inited   0x10000340     0x2  Potencia.o [1]
    .data             inited   0x10000342     0x2  Potencia.o [1]
    .data             inited   0x10000344     0x2  Supervisao_mdb_bill.o [1]
    .data             inited   0x10000346     0x2  Teclado.o [1]
    .data             inited   0x10000348     0x2  Teclado.o [1]
    .data             inited   0x1000034a     0x2  supervisao_mdb_cashless.o [1]
    .data             inited   0x1000034c     0x1  AmostraAnalogica.o [1]
    .data             inited   0x1000034d     0x1  BV20.o [1]
    .data             inited   0x1000034e     0x1  BV20.o [1]
    .data             inited   0x1000034f     0x1  BV20.o [1]
    .data             inited   0x10000350     0x1  Board.o [1]
    .data             inited   0x10000351     0x1  Supervisao_mdb_bill.o [1]
    .data             inited   0x10000352     0x1  Supervisao_mdb_bill.o [1]
    .data             inited   0x10000353     0x1  supervisao_mdb_cashless.o [1]
                             - 0x10000354   0x354

"P2", part 2 of 4:                         0x1574
  P2 s1                        0x10000354  0x1570  <Init block>
    .data             inited   0x10000354   0x1c0  strings.o [1]
    .data             inited   0x10000514   0x1c0  strings.o [1]
    .data             inited   0x100006d4   0x118  strings.o [1]
    .data             inited   0x100007ec    0xfc  strings.o [1]
    .data             inited   0x100008e8    0xe0  strings.o [1]
    .data             inited   0x100009c8    0xc4  strings.o [1]
    .data             inited   0x10000a8c    0xa8  strings.o [1]
    .data             inited   0x10000b34    0xa8  strings.o [1]
    .data             inited   0x10000bdc    0xa8  strings.o [1]
    .data             inited   0x10000c84    0x8c  strings.o [1]
    .data             inited   0x10000d10    0x70  strings.o [1]
    .data             inited   0x10000d80    0x54  strings.o [1]
    .data             inited   0x10000dd4    0x54  strings.o [1]
    .data             inited   0x10000e28    0x38  strings.o [1]
    .data             inited   0x10000e60    0x38  strings.o [1]
    .data             inited   0x10000e98    0x38  strings.o [1]
    .data             inited   0x10000ed0    0x38  strings.o [1]
    .data             inited   0x10000f08    0x38  strings.o [1]
    .data             inited   0x10000f40    0x38  strings.o [1]
    .data             inited   0x10000f78    0x38  strings.o [1]
    .data             inited   0x10000fb0    0x38  strings.o [1]
    .data             inited   0x10000fe8    0x38  strings.o [1]
    .data             inited   0x10001020    0x38  strings.o [1]
    .data             inited   0x10001058    0x38  strings.o [1]
    .data             inited   0x10001090    0x38  strings.o [1]
    .data             inited   0x100010c8    0x38  strings.o [1]
    .data             inited   0x10001100    0x38  strings.o [1]
    .data             inited   0x10001138    0x38  strings.o [1]
    .data             inited   0x10001170    0x38  strings.o [1]
    .data             inited   0x100011a8    0x38  strings.o [1]
    .data             inited   0x100011e0    0x38  strings.o [1]
    .data             inited   0x10001218    0x38  strings.o [1]
    .data             inited   0x10001250    0x38  strings.o [1]
    .data             inited   0x10001288    0x38  strings.o [1]
    .data             inited   0x100012c0    0x38  strings.o [1]
    .data             inited   0x100012f8    0x1c  strings.o [1]
    .data             inited   0x10001314    0x1c  strings.o [1]
    .data             inited   0x10001330    0x1c  strings.o [1]
    .data             inited   0x1000134c    0x1c  strings.o [1]
    .data             inited   0x10001368    0x1c  strings.o [1]
    .data             inited   0x10001384    0x1c  strings.o [1]
    .data             inited   0x100013a0    0x1c  strings.o [1]
    .data             inited   0x100013bc    0x1c  strings.o [1]
    .data             inited   0x100013d8    0x1c  strings.o [1]
    .data             inited   0x100013f4    0x1c  strings.o [1]
    .data             inited   0x10001410    0x1c  strings.o [1]
    .data             inited   0x1000142c    0x1c  strings.o [1]
    .data             inited   0x10001448    0x1c  strings.o [1]
    .data             inited   0x10001464    0x1c  strings.o [1]
    .data             inited   0x10001480    0x1c  strings.o [1]
    .data             inited   0x1000149c    0x1c  strings.o [1]
    .data             inited   0x100014b8    0x1c  strings.o [1]
    .data             inited   0x100014d4    0x1c  strings.o [1]
    .data             inited   0x100014f0    0x1c  strings.o [1]
    .data             inited   0x1000150c    0x1c  strings.o [1]
    .data             inited   0x10001528    0x1c  strings.o [1]
    .data             inited   0x10001544    0x1c  strings.o [1]
    .data             inited   0x10001560    0x1c  strings.o [1]
    .data             inited   0x1000157c    0x1c  strings.o [1]
    .data             inited   0x10001598    0x1c  strings.o [1]
    .data             inited   0x100015b4    0x1c  strings.o [1]
    .data             inited   0x100015d0    0x1c  strings.o [1]
    .data             inited   0x100015ec    0x1c  strings.o [1]
    .data             inited   0x10001608    0x1c  strings.o [1]
    .data             inited   0x10001624    0x1c  strings.o [1]
    .data             inited   0x10001640    0x1c  strings.o [1]
    .data             inited   0x1000165c    0x1c  strings.o [1]
    .data             inited   0x10001678    0x1c  strings.o [1]
    .data             inited   0x10001694    0x1c  strings.o [1]
    .data             inited   0x100016b0    0x1c  strings.o [1]
    .data             inited   0x100016cc    0x1c  strings.o [1]
    .data             inited   0x100016e8    0x1c  strings.o [1]
    .data             inited   0x10001704    0x1c  strings.o [1]
    .data             inited   0x10001720    0x1c  strings.o [1]
    .data             inited   0x1000173c    0x1c  strings.o [1]
    .data             inited   0x10001758    0x1c  strings.o [1]
    .data             inited   0x10001774    0x1c  strings.o [1]
    .data             inited   0x10001790    0x1c  strings.o [1]
    .data             inited   0x100017ac    0x1c  strings.o [1]
    .data             inited   0x100017c8    0x1c  strings.o [1]
    .data             inited   0x100017e4    0x1c  strings.o [1]
    .data             inited   0x10001800    0x1c  strings.o [1]
    .data             inited   0x1000181c    0x1c  strings.o [1]
    .data             inited   0x10001838    0x1c  strings.o [1]
    .data             inited   0x10001854    0x1c  strings.o [1]
    .data             inited   0x10001870    0x1c  strings.o [1]
    .data             inited   0x1000188c    0x1c  strings.o [1]
    .data             inited   0x100018a8    0x1c  strings.o [1]
                             - 0x100018c4  0x1570

"P2", part 3 of 4:                         0x5ee0
  .bss                zero     0x100018c8  0x4800  heap_1.o [1]
  .bss                zero     0x100060c8  0x1000  memoryWrapper.o [1]
  .bss                zero     0x100070c8   0x100  Protocolo.o [1]
  .bss                zero     0x100071c8   0x100  Protocolo.o [1]
  .bss                zero     0x100072c8   0x100  Protocolo.o [1]
  .bss                zero     0x100073c8    0x80  parametros.o [1]
  .bss                zero     0x10007448    0x64  tasks.o [1]
  .bss                zero     0x100074ac    0x40  cctalk.o [1]
  .bss                zero     0x100074ec    0x40  cctalk.o [1]
  .bss                zero     0x1000752c    0x34  mdb_uart.o [1]
  .bss                zero     0x10007560    0x24  mdb.o [1]
  .bss                zero     0x10007584    0x20  AmostraAnalogica.o [1]
  .bss                zero     0x100075a4    0x20  AmostraAnalogica.o [1]
  .bss                zero     0x100075c4    0x20  Board.o [1]
  .bss                zero     0x100075e4    0x20  Supervisao_mdb_bill.o [1]
  .bss                zero     0x10007604    0x14  tasks.o [1]
  .bss                zero     0x10007618    0x14  tasks.o [1]
  .bss                zero     0x1000762c    0x14  tasks.o [1]
  .bss                zero     0x10007640    0x14  tasks.o [1]
  .bss                zero     0x10007654    0x14  tasks.o [1]
  .bss                zero     0x10007668    0x10  Potencia.o [1]
  .bss                zero     0x10007678    0x10  aplicacao.o [1]
  .bss                zero     0x10007688     0x8  Board.o [1]
  .bss                zero     0x10007690     0x8  Potencia.o [1]
  .bss                zero     0x10007698     0x8  Teclado.o [1]
  .bss                zero     0x100076a0     0x4  AmostraAnalogica.o [1]
  .bss                zero     0x100076a4     0x4  AmostraAnalogica.o [1]
  .bss                zero     0x100076a8     0x4  BV20.o [1]
  .bss                zero     0x100076ac     0x4  BV20.o [1]
  .bss                zero     0x100076b0     0x4  Board.o [1]
  .bss                zero     0x100076b4     0x4  Board.o [1]
  .bss                zero     0x100076b8     0x4  Board.o [1]
  .bss                zero     0x100076bc     0x4  Board.o [1]
  .bss                zero     0x100076c0     0x4  Pagamentos.o [1]
  .bss                zero     0x100076c4     0x4  Pagamentos.o [1]
  .bss                zero     0x100076c8     0x4  Pagamentos.o [1]
  .bss                zero     0x100076cc     0x4  PlayerWave.o [1]
  .bss                zero     0x100076d0     0x4  Potencia.o [1]
  .bss                zero     0x100076d4     0x4  Potencia.o [1]
  .bss                zero     0x100076d8     0x4  Potencia.o [1]
  .bss                zero     0x100076dc     0x4  Potencia.o [1]
  .bss                zero     0x100076e0     0x4  Potencia.o [1]
  .bss                zero     0x100076e4     0x4  Potencia.o [1]
  .bss                zero     0x100076e8     0x4  Potencia.o [1]
  .bss                zero     0x100076ec     0x4  Potencia.o [1]
  .bss                zero     0x100076f0     0x4  Preparacao.o [1]
  .bss                zero     0x100076f4     0x4  Preparacao.o [1]
  .bss                zero     0x100076f8     0x4  Preparacao.o [1]
  .bss                zero     0x100076fc     0x4  Preparacao.o [1]
  .bss                zero     0x10007700     0x4  Supervisao_MDB.o [1]
  .bss                zero     0x10007704     0x4  Teclado.o [1]
  .bss                zero     0x10007708     0x4  WH1602_2.o [1]
  .bss                zero     0x1000770c     0x4  aplicacao.o [1]
  .bss                zero     0x10007710     0x4  aplicacao.o [1]
  .bss                zero     0x10007714     0x4  heap_1.o [1]
  .bss                zero     0x10007718     0x4  mdb_uart.o [1]
  .bss                zero     0x1000771c     0x4  memoryWrapper.o [1]
  .bss                zero     0x10007720     0x4  supervisao_mdb_cashless.o [1]
  .bss                zero     0x10007724     0x4  tasks.o [1]
  .bss                zero     0x10007728     0x4  tasks.o [1]
  .bss                zero     0x1000772c     0x4  tasks.o [1]
  .bss                zero     0x10007730     0x4  tasks.o [1]
  .bss                zero     0x10007734     0x4  tasks.o [1]
  .bss                zero     0x10007738     0x4  tasks.o [1]
  .bss                zero     0x1000773c     0x4  tasks.o [1]
  .bss                zero     0x10007740     0x4  tasks.o [1]
  .bss                zero     0x10007744     0x4  tasks.o [1]
  .bss                zero     0x10007748     0x4  tasks.o [1]
  .bss                zero     0x1000774c     0x4  tasks.o [1]
  .bss                zero     0x10007750     0x4  tasks.o [1]
  .bss                zero     0x10007754     0x4  tasks.o [1]
  .bss                zero     0x10007758     0x4  tasks.o [1]
  .bss                zero     0x1000775c     0x4  tela_senha.o [1]
  .bss                zero     0x10007760     0x2  BV20.o [1]
  .bss                zero     0x10007762     0x2  Pagamentos.o [1]
  .bss                zero     0x10007764     0x2  Pagamentos.o [1]
  .bss                zero     0x10007766     0x2  Pagamentos.o [1]
  .bss                zero     0x10007768     0x2  Pagamentos.o [1]
  .bss                zero     0x1000776a     0x2  PlayerWave.o [1]
  .bss                zero     0x1000776c     0x2  PlayerWave.o [1]
  .bss                zero     0x1000776e     0x2  Potencia.o [1]
  .bss                zero     0x10007770     0x2  Potencia.o [1]
  .bss                zero     0x10007772     0x2  Supervisao_mdb_bill.o [1]
  .bss                zero     0x10007774     0x2  Supervisao_mdb_bill.o [1]
  .bss                zero     0x10007776     0x2  Supervisao_mdb_bill.o [1]
  .bss                zero     0x10007778     0x2  Supervisao_mdb_bill.o [1]
  .bss                zero     0x1000777a     0x2  Supervisao_mdb_coin.o [1]
  .bss                zero     0x1000777c     0x1  AmostraAnalogica.o [1]
  .bss                zero     0x1000777d     0x1  AmostraAnalogica.o [1]
  .bss                zero     0x1000777e     0x1  AmostraAnalogica.o [1]
  .bss                zero     0x1000777f     0x1  BV20.o [1]
  .bss                zero     0x10007780     0x1  BV20.o [1]
  .bss                zero     0x10007781     0x1  BV20.o [1]
  .bss                zero     0x10007782     0x1  BV20.o [1]
  .bss                zero     0x10007783     0x1  Board.o [1]
  .bss                zero     0x10007784     0x1  Board.o [1]
  .bss                zero     0x10007785     0x1  ControleTemperatura.o [1]
  .bss                zero     0x10007786     0x1  Potencia.o [1]
  .bss                zero     0x10007787     0x1  Potencia.o [1]
  .bss                zero     0x10007788     0x1  Protocolo.o [1]
  .bss                zero     0x10007789     0x1  Protocolo.o [1]
  .bss                zero     0x1000778a     0x1  Protocolo.o [1]
  .bss                zero     0x1000778b     0x1  Protocolo.o [1]
  .bss                zero     0x1000778c     0x1  Protocolo.o [1]
  .bss                zero     0x1000778d     0x1  Supervisao_mdb_bill.o [1]
  .bss                zero     0x1000778e     0x1  Supervisao_mdb_bill.o [1]
  .bss                zero     0x1000778f     0x1  Supervisao_mdb_bill.o [1]
  .bss                zero     0x10007790     0x1  Supervisao_mdb_bill.o [1]
  .bss                zero     0x10007791     0x1  Supervisao_mdb_bill.o [1]
  .bss                zero     0x10007792     0x1  Supervisao_mdb_coin.o [1]
  .bss                zero     0x10007793     0x1  Supervisao_mdb_coin.o [1]
  .bss                zero     0x10007794     0x1  Teclado.o [1]
  .bss                zero     0x10007795     0x1  Teclado.o [1]
  .bss                zero     0x10007796     0x1  WH1602.o [1]
  .bss                zero     0x10007797     0x1  WH1602_2.o [1]
  .bss                zero     0x10007798     0x1  aplicacao.o [1]
  .bss                zero     0x10007799     0x1  cctalk.o [1]
  .bss                zero     0x1000779a     0x1  cctalk.o [1]
  .bss                zero     0x1000779b     0x1  cctalk.o [1]
  .bss                zero     0x1000779c     0x1  leds.o [1]
  .bss                zero     0x1000779d     0x1  mdb_uart.o [1]
  .bss                zero     0x1000779e     0x1  mdb_uart.o [1]
  .bss                zero     0x1000779f     0x1  mdb_uart.o [1]
  .bss                zero     0x100077a0     0x1  mdb_uart.o [1]
  .bss                zero     0x100077a1     0x1  spi_wrapper.o [1]
  .bss                zero     0x100077a2     0x1  supervisao_mdb_cashless.o [1]
                             - 0x100077a3  0x5edb

"P2", part 4 of 4:                          0x300
  CSTACK                       0x100077a8   0x300  <Block>
    CSTACK            uninit   0x100077a8   0x300  <Block tail>
                             - 0x10007aa8   0x300

Absolute sections, part 1 of 47:              0x4
  .noinit             uninit   0x2009c000     0x4  spi_wrapper.o [1]
                             - 0x2009c004     0x4

Absolute sections, part 2 of 47:             0x10
  .noinit             uninit   0x2009c014     0x4  Board.o [1]
  .noinit             uninit   0x2009c018     0x4  uart.o [1]
  .noinit             uninit   0x2009c01c     0x4  uart.o [1]
  .noinit             uninit   0x2009c020     0x4  serial_mux.o [1]
                             - 0x2009c024    0x10

Absolute sections, part 3 of 47:             0x10
  .noinit             uninit   0x2009c034     0x4  Teclado.o [1]
  .noinit             uninit   0x2009c038     0x4  serial_mux.o [1]
  .noinit             uninit   0x2009c03c     0x4  serial_mux.o [1]
  .noinit             uninit   0x2009c040     0x4  WH1602_2.o [1]
                             - 0x2009c044    0x10

Absolute sections, part 4 of 47:              0x8
  .noinit             uninit   0x2009c058     0x4  WH1602_2.o [1]
  .noinit             uninit   0x2009c05c     0x4  WH1602_2.o [1]
                             - 0x2009c060     0x8

Absolute sections, part 5 of 47:              0x4
  .noinit             uninit   0x2009c074     0x4  Teclado.o [1]
                             - 0x2009c078     0x4

Absolute sections, part 6 of 47:              0x4
  .noinit             uninit   0x2009c080     0x4  Board.o [1]
                             - 0x2009c084     0x4

Absolute sections, part 7 of 47:              0x8
  .noinit             uninit   0x2009c098     0x4  Board.o [1]
  .noinit             uninit   0x2009c09c     0x4  Board.o [1]
                             - 0x2009c0a0     0x8

Absolute sections, part 8 of 47:              0xc
  .noinit             uninit   0x40000000     0x4  WATCHDOG.o [1]
  .noinit             uninit   0x40000004     0x4  WATCHDOG.o [1]
  .noinit             uninit   0x40000008     0x4  WATCHDOG.o [1]
                             - 0x4000000c     0xc

Absolute sections, part 9 of 47:              0x4
  .noinit             uninit   0x40000010     0x4  WATCHDOG.o [1]
                             - 0x40000014     0x4

Absolute sections, part 10 of 47:            0x10
  .noinit             uninit   0x40004000     0x4  PlayerWave.o [1]
  .noinit             uninit   0x40004004     0x4  PlayerWave.o [1]
  .noinit             uninit   0x40004008     0x4  PlayerWave.o [1]
  .noinit             uninit   0x4000400c     0x4  PlayerWave.o [1]
                             - 0x40004010    0x10

Absolute sections, part 11 of 47:             0x8
  .noinit             uninit   0x40004014     0x4  PlayerWave.o [1]
  .noinit             uninit   0x40004018     0x4  PlayerWave.o [1]
                             - 0x4000401c     0x8

Absolute sections, part 12 of 47:             0x4
  .noinit             uninit   0x4000403c     0x4  PlayerWave.o [1]
                             - 0x40004040     0x4

Absolute sections, part 13 of 47:             0x4
  .noinit             uninit   0x40004070     0x4  PlayerWave.o [1]
                             - 0x40004074     0x4

Absolute sections, part 14 of 47:             0x8
  .noinit             uninit   0x40008000     0x4  Potencia.o [1]
  .noinit             uninit   0x40008004     0x4  Potencia.o [1]
                             - 0x40008008     0x8

Absolute sections, part 15 of 47:             0x4
  .noinit             uninit   0x4000800c     0x4  Potencia.o [1]
                             - 0x40008010     0x4

Absolute sections, part 16 of 47:             0x8
  .noinit             uninit   0x40008028     0x4  Potencia.o [1]
  .noinit             uninit   0x4000802c     0x4  Potencia.o [1]
                             - 0x40008030     0x8

Absolute sections, part 17 of 47:             0x4
  .noinit             uninit   0x40008070     0x4  Potencia.o [1]
                             - 0x40008074     0x4

Absolute sections, part 18 of 47:             0x1
  .noinit             uninit   0x4000c000     0x1  uart.o [1]
                             - 0x4000c001     0x1

Absolute sections, part 19 of 47:             0x9
  .noinit             uninit   0x4000c004     0x4  uart.o [1]
  .noinit             uninit   0x4000c008     0x4  uart.o [1]
  .noinit             uninit   0x4000c00c     0x1  uart.o [1]
                             - 0x4000c00d     0x9

Absolute sections, part 20 of 47:             0x1
  .noinit             uninit   0x4000c014     0x1  cctalk.o [1]
                             - 0x4000c015     0x1

Absolute sections, part 21 of 47:             0x1
  .noinit             uninit   0x40010000     0x1  uart.o [1]
                             - 0x40010001     0x1

Absolute sections, part 22 of 47:             0x9
  .noinit             uninit   0x40010004     0x4  uart.o [1]
  .noinit             uninit   0x40010008     0x4  uart.o [1]
  .noinit             uninit   0x4001000c     0x1  uart.o [1]
                             - 0x4001000d     0x9

Absolute sections, part 23 of 47:             0x4
  .noinit             uninit   0x40024008     0x4  RTC.o [1]
                             - 0x4002400c     0x4

Absolute sections, part 24 of 47:            0x10
  .noinit             uninit   0x40024020     0x4  RTC.o [1]
  .noinit             uninit   0x40024024     0x4  RTC.o [1]
  .noinit             uninit   0x40024028     0x4  RTC.o [1]
  .noinit             uninit   0x4002402c     0x4  RTC.o [1]
                             - 0x40024030    0x10

Absolute sections, part 25 of 47:             0x8
  .noinit             uninit   0x40024038     0x4  RTC.o [1]
  .noinit             uninit   0x4002403c     0x4  RTC.o [1]
                             - 0x40024040     0x8

Absolute sections, part 26 of 47:             0x8
[...]
STRING_titulo_teste_coin_mdb
                        0x100015d0    0x1c  Data  Gb  strings.o [1]
STRING_titulo_teste_devices_mdb
                        0x10001598    0x1c  Data  Gb  strings.o [1]
STRING_titulo_teste_hardware
                        0x10001314    0x1c  Data  Gb  strings.o [1]
STRING_titulo_teste_impresora
                        0x10000e98    0x38  Data  Gb  strings.o [1]
STRING_titulo_teste_lcd_externo
                        0x10001624    0x1c  Data  Gb  strings.o [1]
STRING_write_to_external
                        0x00070055    0x54  Code  Gb  strings.o [1]
STRING_write_to_internal
                        0x00070001    0x54  Code  Gb  strings.o [1]
SVC_Handler             0x0000dec5          Code  Wk  cstartup_M.o [1]
SysTick_Handler         0x0000ded1          Code  Wk  cstartup_M.o [1]
T0MR0                   0x40004018     0x4  Data  Gb  PlayerWave.o [1]
T0PR                    0x4000400c     0x4  Data  Gb  PlayerWave.o [1]
T0TC                    0x40004008     0x4  Data  Gb  PlayerWave.o [1]
T1CR0                   0x4000802c     0x4  Data  Gb  Potencia.o [1]
T1PR                    0x4000800c     0x4  Data  Gb  Potencia.o [1]
T2MR0                   0x40090018     0x4  Data  Gb  Potencia.o [1]
T2PR                    0x4009000c     0x4  Data  Gb  Potencia.o [1]
T2TC                    0x40090008     0x4  Data  Gb  Potencia.o [1]
TABTERM_curva_maximo    0x0000cfac   0x168  Data  Gb  AmostraAnalogica.o [1]
TABTERM_curva_minimo    0x0000ce44   0x168  Data  Gb  AmostraAnalogica.o [1]
TECLADO_bufferAmostragem
                        0x10007698     0x8  Data  Gb  Teclado.o [1]
TECLADO_contadorRepeticao
                        0x10000346     0x2  Data  Gb  Teclado.o [1]
TECLADO_contadorTimeout
                        0x10007704     0x4  Data  Gb  Teclado.o [1]
TECLADO_getContadorInatividade
                        0x00004b75     0x6  Code  Gb  Teclado.o [1]
TECLADO_getch           0x00004aa7    0xce  Code  Gb  Teclado.o [1]
TECLADO_timerTick       0x000049a5   0x102  Code  Gb  Teclado.o [1]
TELASENHA_checa_contrasenha
                        0x0000bb2f   0x16a  Code  Gb  tela_senha.o [1]
TELASENHA_get_senha     0x0000ba23   0x10c  Code  Gb  tela_senha.o [1]
TELASENHA_telaSenha     0x0000b8e1   0x142  Code  Gb  tela_senha.o [1]
TMR0_IRQHandler         0x0000ded9          Code  Wk  cstartup_M.o [1]
TMR1_IRQHandler         0x0000dedd          Code  Wk  cstartup_M.o [1]
TMR2_IRQHandler         0x0000dee1          Code  Wk  cstartup_M.o [1]
TMR3_IRQHandler         0x0000dee5          Code  Wk  cstartup_M.o [1]
U0RBRTHR                0x4000c000     0x1  Data  Gb  uart.o [1]
U1RBRTHR                0x40010000     0x1  Data  Gb  uart.o [1]
U2RBRTHR                0x40098000     0x1  Data  Gb  uart.o [1]
U3RBRTHR                0x4009c000     0x1  Data  Gb  uart.o [1]
UART0_IRQHandler        0x0000dee9          Code  Wk  cstartup_M.o [1]
UART1_IRQHandler        0x0000deed          Code  Wk  cstartup_M.o [1]
UART2_IRQHandler        0x0000def1          Code  Wk  cstartup_M.o [1]
UART3_IRQHandler        0x0000def5          Code  Wk  cstartup_M.o [1]
UART_init               0x00008d7d   0x236  Code  Gb  uart.o [1]
USB_IRQHandler          0x0000df35          Code  Wk  cstartup_M.o [1]
UsageFault_Handler      0x0000dec1          Code  Wk  cstartup_M.o [1]
WATCHDOG_init           0x000066b1    0x5c  Code  Gb  WATCHDOG.o [1]
WDTC                    0x40000004     0x4  Data  Gb  WATCHDOG.o [1]
WDT_IRQHandler          0x0000ded5          Code  Wk  cstartup_M.o [1]
_A_AD0CR                0x40034000     0x4  Data  Gb  AmostraAnalogica.o [1]
_A_AD0GDR               0x40034004     0x4  Data  Gb  AmostraAnalogica.o [1]
_A_CLRPEND0             0xe000e280     0x4  Data  Gb  uart.o [1]
_A_DACR                 0x4008c000     0x4  Data  Gb  PlayerWave.o [1]
_A_EXTINT               0x400fc140     0x4  Data  Gb  Potencia.o [1]
_A_EXTMODE              0x400fc148     0x4  Data  Gb  Potencia.o [1]
_A_EXTPOLAR             0x400fc14c     0x4  Data  Gb  Potencia.o [1]
_A_FIO0CLR              0x2009c01c     0x4  Data  Gb  uart.o [1]
_A_FIO0DIR              0x2009c000     0x4  Data  Gb  spi_wrapper.o [1]
_A_FIO0PIN              0x2009c014     0x4  Data  Gb  Board.o [1]
_A_FIO0SET              0x2009c018     0x4  Data  Gb  uart.o [1]
_A_FIO1CLR              0x2009c03c     0x4  Data  Gb  serial_mux.o [1]
_A_FIO1DIR              0x2009c020     0x4  Data  Gb  serial_mux.o [1]
_A_FIO1PIN              0x2009c034     0x4  Data  Gb  Teclado.o [1]
_A_FIO1SET              0x2009c038     0x4  Data  Gb  serial_mux.o [1]
_A_FIO2CLR              0x2009c05c     0x4  Data  Gb  WH1602_2.o [1]
_A_FIO2DIR              0x2009c040     0x4  Data  Gb  WH1602_2.o [1]
_A_FIO2SET              0x2009c058     0x4  Data  Gb  WH1602_2.o [1]
_A_FIO3PIN              0x2009c074     0x4  Data  Gb  Teclado.o [1]
_A_FIO4CLR              0x2009c09c     0x4  Data  Gb  Board.o [1]
_A_FIO4DIR              0x2009c080     0x4  Data  Gb  Board.o [1]
_A_FIO4SET              0x2009c098     0x4  Data  Gb  Board.o [1]
_A_IP0                  0xe000e400     0x4  Data  Gb  Potencia.o [1]
_A_IP1                  0xe000e404     0x4  Data  Gb  uart.o [1]
_A_IP2                  0xe000e408     0x4  Data  Gb  uart.o [1]
_A_PCLKSEL0             0x400fc1a8     0x4  Data  Gb  uart.o [1]
_A_PCLKSEL1             0x400fc1ac     0x4  Data  Gb  uart.o [1]
_A_PCONP                0x400fc0c4     0x4  Data  Gb  uart.o [1]
_A_PINSEL0              0x4002c000     0x4  Data  Gb  uart.o [1]
_A_PINSEL1              0x4002c004     0x4  Data  Gb  spi_wrapper.o [1]
_A_PINSEL3              0x4002c00c     0x4  Data  Gb  Potencia.o [1]
_A_PINSEL4              0x4002c010     0x4  Data  Gb  uart.o [1]
_A_RTCCCR               0x40024008     0x4  Data  Gb  RTC.o [1]
_A_RTCDOM               0x4002402c     0x4  Data  Gb  RTC.o [1]
_A_RTCHOUR              0x40024028     0x4  Data  Gb  RTC.o [1]
_A_RTCMIN               0x40024024     0x4  Data  Gb  RTC.o [1]
_A_RTCMONTH             0x40024038     0x4  Data  Gb  RTC.o [1]
_A_RTCSEC               0x40024020     0x4  Data  Gb  RTC.o [1]
_A_RTCYEAR              0x4002403c     0x4  Data  Gb  RTC.o [1]
_A_SETENA0              0xe000e100     0x4  Data  Gb  uart.o [1]
_A_SSP0CPSR             0x40088010     0x4  Data  Gb  spi_wrapper.o [1]
_A_SSP0CR0              0x40088000     0x4  Data  Gb  spi_wrapper.o [1]
_A_SSP0CR1              0x40088004     0x4  Data  Gb  spi_wrapper.o [1]
_A_SSP0DR               0x40088008     0x4  Data  Gb  spi_wrapper.o [1]
_A_SSP0SR               0x4008800c     0x4  Data  Gb  spi_wrapper.o [1]
_A_T0CTCR               0x40004070     0x4  Data  Gb  PlayerWave.o [1]
_A_T0EMR                0x4000403c     0x4  Data  Gb  PlayerWave.o [1]
_A_T0IR                 0x40004000     0x4  Data  Gb  PlayerWave.o [1]
_A_T0MCR                0x40004014     0x4  Data  Gb  PlayerWave.o [1]
_A_T0TCR                0x40004004     0x4  Data  Gb  PlayerWave.o [1]
_A_T1CCR                0x40008028     0x4  Data  Gb  Potencia.o [1]
_A_T1CTCR               0x40008070     0x4  Data  Gb  Potencia.o [1]
_A_T1IR                 0x40008000     0x4  Data  Gb  Potencia.o [1]
_A_T1TCR                0x40008004     0x4  Data  Gb  Potencia.o [1]
_A_T2CTCR               0x40090070     0x4  Data  Gb  Potencia.o [1]
_A_T2EMR                0x4009003c     0x4  Data  Gb  Potencia.o [1]
_A_T2IR                 0x40090000     0x4  Data  Gb  Potencia.o [1]
_A_T2MCR                0x40090014     0x4  Data  Gb  Potencia.o [1]
_A_T2TCR                0x40090004     0x4  Data  Gb  Potencia.o [1]
_A_U0FCR                0x4000c008     0x4  Data  Gb  uart.o [1]
_A_U0IER                0x4000c004     0x4  Data  Gb  uart.o [1]
_A_U0LCR                0x4000c00c     0x1  Data  Gb  uart.o [1]
_A_U0LSR                0x4000c014     0x1  Data  Gb  cctalk.o [1]
_A_U1FCR                0x40010008     0x4  Data  Gb  uart.o [1]
_A_U1IER                0x40010004     0x4  Data  Gb  uart.o [1]
_A_U1LCR                0x4001000c     0x1  Data  Gb  uart.o [1]
_A_U2FCR                0x40098008     0x4  Data  Gb  uart.o [1]
_A_U2IER                0x40098004     0x4  Data  Gb  uart.o [1]
_A_U2LCR                0x4009800c     0x1  Data  Gb  uart.o [1]
_A_U2LSR                0x40098014     0x1  Data  Gb  mdb_uart.o [1]
_A_U3FCR                0x4009c008     0x4  Data  Gb  uart.o [1]
_A_U3IER                0x4009c004     0x4  Data  Gb  uart.o [1]
_A_U3LCR                0x4009c00c     0x1  Data  Gb  uart.o [1]
_A_U3LSR                0x4009c014     0x1  Data  Gb  uart.o [1]
_A_WDCLKSEL             0x40000010     0x4  Data  Gb  WATCHDOG.o [1]
_A_WDFEED               0x40000008     0x4  Data  Gb  WATCHDOG.o [1]
_A_WDMOD                0x40000000     0x4  Data  Gb  WATCHDOG.o [1]
_GenldFullNoMb          0x00000d4d   0x260  Code  Lc  xprintffull_nomb.o [3]
_LdtobFullNoMb          0x0000095d   0x3ea  Code  Lc  xprintffull_nomb.o [3]
_LitobFullNoMb          0x0000084b   0x10c  Code  Lc  xprintffull_nomb.o [3]
_PrintfFullNoMb         0x00000301   0x544  Code  Gb  xprintffull_nomb.o [3]
_PutcharsFullNoMb       0x00000fad    0x2e  Code  Lc  xprintffull_nomb.o [3]
_Rand_idx               0x10000208     0x4  Data  Lc  rand.o [3]
_Rand_rv                0x1000020c    0x80  Data  Lc  rand.o [3]
_Randinit               0x10000200     0x1  Data  Gb  rand.o [3]
_Randseed               0x10000204     0x4  Data  Gb  rand.o [3]
_SProut                 0x0000102f     0xa  Code  Gb  xsprout.o [3]
__aeabi_cdcmple         0x00001271          Code  Gb  DblCmpLe.o [4]
__aeabi_cdrcmple        0x000012a1          Code  Gb  DblCmpGe.o [4]
__aeabi_d2iz            0x000013dd          Code  Gb  DblToI32.o [4]
__aeabi_d2uiz           0x00001409          Code  Gb  DblToI32.o [4]
__aeabi_ddiv            0x00001789          Code  Gb  DblDiv.o [4]
__aeabi_dmul            0x000015e5          Code  Gb  DblMul.o [4]
__aeabi_dsub            0x00001465          Code  Gb  DblSub.o [4]
__aeabi_i2d             0x00001435          Code  Gb  I32ToDbl.o [4]
__aeabi_ldiv0           0x000019dd          Code  Gb  I64DivZer.o [5]
__aeabi_memclr4         0x00009fe1          Code  Gb  ABImemclr4.o [5]
__aeabi_memcpy          0x000011b9          Code  Gb  ABImemcpy.o [5]
__aeabi_memcpy4         0x000011d9          Code  Gb  ABImemcpy.o [5]
__aeabi_memcpy8         0x000011d9          Code  Gb  ABImemcpy.o [5]
__aeabi_memset          0x00009019          Code  Gb  ABImemset.o [5]
__aeabi_ui2d            0x00001449          Code  Gb  I32ToDbl.o [4]
__aeabi_uldivmod        0x000010c9          Code  Gb  I64DivMod.o [5]
__cmain                 0x0000d8cd          Code  Gb  cmain.o [5]
__exit                  0x0000cc91    0x14  Code  Gb  exit.o [6]
__iar_Dnorm             0x0000122f    0x42  Code  Gb  xdnorm.o [4]
__iar_Dscale            0x000012d1   0x10c  Code  Gb  xdscale.o [4]
__iar_Memchr            0x00001071          Code  Gb  memchr.o [5]
__iar_Memset            0x00009019          Code  Gb  ABImemset.o [5]
__iar_Memset4_word      0x0000a069          Code  Gb  ABImemset48.o [5]
__iar_Memset8_word      0x0000a069          Code  Gb  ABImemset48.o [5]
__iar_Memset_word       0x00009021          Code  Gb  ABImemset.o [5]
__iar_Strchr            0x00001019          Code  Gb  strchr.o [5]
__iar_d2uiz             0x00001415          Code  Gb  DblToI32.o [4]
__iar_dadd              0x000019e1          Code  Gb  DblAdd.o [4]
__iar_data_init3        0x0000d355    0x28  Code  Gb  data_init.o [5]
__iar_dlib_perthread_access
                        0x0000a065     0x2  Code  Gb  xtls.o [3]
__iar_dsub              0x00001479          Code  Gb  DblSub.o [4]
__iar_dsubStart         0x0000148b          Code  Gb  DblSub.o [4]
__iar_lz77_init3        0x0000cb47   0x142  Code  Gb  lz77_init.o [5]
__iar_program_start     0x0000dd21          Code  Gb  cstartup_M.o [5]
__iar_ui2d              0x0000144d          Code  Gb  I32ToDbl.o [4]
__iar_zero_init3        0x00000ff7    0x22  Code  Gb  zero_init3.o [5]
__low_level_init        0x0000d8e3     0x4  Code  Gb  low_level_init.o [3]
__vector_table          0x00000000          Data  Gb  cstartup_M.o [1]
__vector_table_0x1c     0x0000001c          Data  Gb  cstartup_M.o [1]
_call_main              0x0000d8d9          Code  Gb  cmain.o [5]
_exit                   0x0000d8ed          Code  Gb  cexit.o [5]
_main                   0x0000d8df          Code  Gb  cmain.o [5]
abort                   0x0000cc89     0x6  Code  Gb  abort.o [3]
controleLcd             0x10007796     0x1  Data  Gb  WH1602.o [1]
crc_ccitt_lockup        0x10000000   0x200  Data  Gb  cctalk.o [1]
dadoMusica              0x1000776c     0x2  Data  Gb  PlayerWave.o [1]
div                     0x000019cf     0xe  Code  Gb  div.o [3]
dummy                   0x100077a1     0x1  Data  Gb  spi_wrapper.o [1]
enderecoInicialMusica   0x10000330     0x4  Data  Gb  PlayerWave.o [1]
estado_atual            0x1000034d     0x1  Data  Gb  BV20.o [1]
exit                    0x0000d8e7     0x4  Code  Gb  exit.o [3]
kd_const                0x0000dea4     0x4  Data  Gb  Potencia.o [1]
ki_const                0x0000dea8     0x4  Data  Gb  Potencia.o [1]
kp_const                0x0000dea0     0x4  Data  Gb  Potencia.o [1]
limites                 0x0000d280    0x30  Data  Gb  InterfaceAjusteRelogio.o [1]
lowLevelInit            0x00006ec1   0x128  Code  Gb  main.o [1]
main                    0x00006e05    0xbc  Code  Gb  main.o [1]
memchr                  0x00001071          Code  Gb  memchr.o [5]
memcmp                  0x00007061          Code  Gb  memcmp.o [5]
memcpy                  0x000068c1     0xe  Code  Gb  tela_senha.o [1]
memset                  0x00007189    0x14  Code  Gb  tasks.o [1]
prvAllocateTCBAndStack  0x0000380d    0x44  Code  Lc  tasks.o [1]
prvCheckTasksWaitingTermination
                        0x000037ab    0x62  Code  Lc  tasks.o [1]
prvCopyDataFromQueue    0x0000557d    0x2a  Code  Lc  queue.o [1]
prvCopyDataToQueue      0x00005513    0x6a  Code  Lc  queue.o [1]
prvDeleteTCB            0x00003851    0x12  Code  Lc  tasks.o [1]
prvIdleTask             0x00003725     0x8  Code  Lc  tasks.o [1]
prvInitialiseTCBVariables
                        0x0000372d    0x3a  Code  Lc  tasks.o [1]
prvInitialiseTaskLists  0x00003767    0x44  Code  Lc  tasks.o [1]
prvIsQueueEmpty         0x00005611    0x1e  Code  Lc  queue.o [1]
prvIsQueueFull          0x0000562f    0x20  Code  Lc  queue.o [1]
prvSetupTimerInterrupt  0x00006cb3     0xe  Code  Lc  port.o [1]
prvUnlockQueue          0x000055a7    0x6a  Code  Lc  queue.o [1]
pvPortMalloc            0x00007131    0x4e  Code  Gb  heap_1.o [1]
pxCurrentTCB            0x10007724     0x4  Data  Gb  tasks.o [1]
pxDelayedTaskList       0x10007728     0x4  Data  Gb  tasks.o [1]
pxOverflowDelayedTaskList
                        0x1000772c     0x4  Data  Gb  tasks.o [1]
pxPortInitialiseStack   0x00006c19    0x1a  Code  Gb  port.o [1]
pxReadyTasksLists       0x10007448    0x64  Data  Gb  tasks.o [1]
rand                    0x0000bcc5    0xe0  Code  Gb  rand.o [3]
semDataFlash            0x1000771c     0x4  Data  Gb  memoryWrapper.o [1]
sprintf                 0x00005d5d    0x34  Code  Gb  sprintf.o [3]
srand                   0x00009fc1    0x20  Code  Gb  srand.o [3]
strchr                  0x00001019          Code  Gb  strchr.o [5]
strlen                  0x00001039          Code  Gb  strlen.o [5]
strncpy                 0x000070c5          Code  Gb  strncpy.o [5]
tabela_parametros       0x00001ab4   0xb58  Data  Gb  parametros.o [1]
tamanhoMusica           0x100076cc     0x4  Data  Gb  PlayerWave.o [1]
tamanhos                0x0000dd44     0x8  Data  Gb  InterfaceAjusteRelogio.o [1]
tracos                  0x10000300    0x18  Data  Gb  InterfaceAjusteRelogio.o [1]
uxCriticalNesting       0x10000338     0x4  Data  Gb  port.o [1]
uxCurrentNumberOfTasks  0x10007734     0x4  Data  Gb  tasks.o [1]
uxMissedTicks           0x1000774c     0x4  Data  Gb  tasks.o [1]
uxSchedulerSuspended    0x10007748     0x4  Data  Gb  tasks.o [1]
uxTaskNumber            0x10007758     0x4  Data  Gb  tasks.o [1]
uxTasksDeleted          0x10007730     0x4  Data  Gb  tasks.o [1]
uxTopReadyPriority      0x10007740     0x4  Data  Gb  tasks.o [1]
uxTopUsedPriority       0x1000773c     0x4  Data  Gb  tasks.o [1]
vApplicationStackOverflowHook
                        0x0000705d     0x2  Code  Gb  main.o [1]
vListInitialise         0x00006cdd    0x1e  Code  Gb  list.o [1]
vListInitialiseItem     0x00006cfb     0x6  Code  Gb  list.o [1]
vListInsert             0x00006d1d    0x36  Code  Gb  list.o [1]
vListInsertEnd          0x00006d01    0x1c  Code  Gb  list.o [1]
vListRemove             0x00006d53    0x24  Code  Gb  list.o [1]
vPortClearInterruptMask
                        0x00006dc3          Code  Gb  portasm.o [1]
vPortEnterCritical      0x00006c69    0x12  Code  Gb  port.o [1]
vPortExitCritical       0x00006c7b    0x1a  Code  Gb  port.o [1]
vPortFree               0x0000717f     0x2  Code  Gb  heap_1.o [1]
vPortSVCHandler         0x00006dd1          Code  Gb  portasm.o [1]
vPortSetInterruptMask   0x00006db5          Code  Gb  portasm.o [1]
vPortStartFirstTask     0x00006ded          Code  Gb  portasm.o [1]
vPortYieldFromISR       0x00006c5f     0xa  Code  Gb  port.o [1]
vSetMSP                 0x00006d79          Code  Gb  portasm.o [1]
vTaskDelay              0x000032bf    0x68  Code  Gb  tasks.o [1]
vTaskIncrementTick      0x00003455    0xc2  Code  Gb  tasks.o [1]
vTaskMissedYield        0x00003719     0x8  Code  Gb  tasks.o [1]
vTaskPlaceOnEventList   0x000035d7    0x70  Code  Gb  tasks.o [1]
vTaskPriorityDisinherit
                        0x000038cf    0x44  Code  Gb  tasks.o [1]
vTaskPriorityInherit    0x00003869    0x66  Code  Gb  tasks.o [1]
vTaskSetTimeOutState    0x000036ad     0xe  Code  Gb  tasks.o [1]
vTaskStartScheduler     0x00003327    0x44  Code  Gb  tasks.o [1]
vTaskSuspendAll         0x0000336b    0x10  Code  Gb  tasks.o [1]
vTaskSwitchContext      0x00003517    0xc0  Code  Gb  tasks.o [1]
volume                  0x1000776a     0x2  Data  Gb  PlayerWave.o [1]
xDelayedTaskList1       0x10007604    0x14  Data  Gb  tasks.o [1]
xDelayedTaskList2       0x10007618    0x14  Data  Gb  tasks.o [1]
xHeap                   0x100018c8  0x4800  Data  Lc  heap_1.o [1]
xMissedYield            0x10007750     0x4  Data  Gb  tasks.o [1]
xNextFreeByte           0x10007714     0x4  Data  Lc  heap_1.o [1]
xNumOfOverflows         0x10007754     0x4  Data  Gb  tasks.o [1]
xPendingReadyList       0x1000762c    0x14  Data  Gb  tasks.o [1]
xPortPendSVHandler      0x00006d7f          Code  Gb  portasm.o [1]
xPortStartScheduler     0x00006c33    0x2c  Code  Gb  port.o [1]
xPortSysTickHandler     0x00006c95    0x1e  Code  Gb  port.o [1]
xQueueCreate            0x000052c1    0x70  Code  Gb  queue.o [1]
xQueueGenericReceive    0x00005401   0x112  Code  Gb  queue.o [1]
xQueueGenericSend       0x00005331    0xd0  Code  Gb  queue.o [1]
xSchedulerRunning       0x10007744     0x4  Data  Gb  tasks.o [1]
xSuspendedTaskList      0x10007654    0x14  Data  Gb  tasks.o [1]
xTaskCheckForTimeOut    0x000036bb    0x5e  Code  Gb  tasks.o [1]
xTaskGenericCreate      0x00003199   0x126  Code  Gb  tasks.o [1]
xTaskGetCurrentTaskHandle
                        0x00003863     0x6  Code  Gb  tasks.o [1]
xTaskRemoveFromEventList
                        0x00003647    0x66  Code  Gb  tasks.o [1]
xTaskResumeAll          0x0000337b    0xda  Code  Gb  tasks.o [1]
xTasksWaitingTermination
                        0x10007640    0x14  Data  Gb  tasks.o [1]
xTickCount              0x10007738     0x4  Data  Gb  tasks.o [1]


[1] = C:\Users\Marcos\Dropbox\Reps\Dextro\IBA\Hardware\MaisPipocaG2\SOFTWARE\Debug\Obj
[2] = command line
[3] = dl7M_tln.a
[4] = m7M_tl.a
[5] = rt7M_tl.a
[6] = shb_l.a

  49 958 bytes of readonly  code memory
  14 106 bytes of readonly  data memory
  31 391 bytes of readwrite data memory (+ 327 absolute)

Errors: none
Warnings: none
