###############################################################################
#                                                                             #
# IAR ELF Linker V6.50.3.4676/W32 for ARM               19/Jul/2017  15:31:42 #
# Copyright 2007-2013 IAR Systems AB.                                         #
#                                                                             #
#    Output file  =  C:\Users\Marcos\Dropbox\Reps\Dextro\IBA\Hardware\MaisPip #
#                    ocaG2\SOFTWARE\Debug\Exe\Mais_Pipoca_exp.out.tmp         #
#    Map file     =  C:\Users\Marcos\Dropbox\Reps\Dextro\IBA\Hardware\MaisPip #
#                    ocaG2\SOFTWARE\Debug\List\Mais_Pipoca_exp.map            #
#    Command line =  C:\Users\Marcos\Dropbox\Reps\Dextro\IBA\Hardware\MaisPip #
#                    ocaG2\SOFTWARE\Debug\Obj\AmostraAnalogica.o              #
#                    C:\Users\Marcos\Dropbox\Reps\Dextro\IBA\Hardware\MaisPip #
#                    ocaG2\SOFTWARE\Debug\Obj\BV20.o                          #
#                    C:\Users\Marcos\Dropbox\Reps\Dextro\IBA\Hardware\MaisPip #
#                    ocaG2\SOFTWARE\Debug\Obj\Board.o                         #
#                    C:\Users\Marcos\Dropbox\Reps\Dextro\IBA\Hardware\MaisPip #
#                    ocaG2\SOFTWARE\Debug\Obj\ControleTemperatura.o           #
#                    C:\Users\Marcos\Dropbox\Reps\Dextro\IBA\Hardware\MaisPip #
#                    ocaG2\SOFTWARE\Debug\Obj\InterfaceAjusteRelogio.o        #
#                    C:\Users\Marcos\Dropbox\Reps\Dextro\IBA\Hardware\MaisPip #
#                    ocaG2\SOFTWARE\Debug\Obj\POST.o                          #
#                    C:\Users\Marcos\Dropbox\Reps\Dextro\IBA\Hardware\MaisPip #
#                    ocaG2\SOFTWARE\Debug\Obj\Pagamentos.o                    #
#                    C:\Users\Marcos\Dropbox\Reps\Dextro\IBA\Hardware\MaisPip #
#                    ocaG2\SOFTWARE\Debug\Obj\PlayerWave.o                    #
#                    C:\Users\Marcos\Dropbox\Reps\Dextro\IBA\Hardware\MaisPip #
#                    ocaG2\SOFTWARE\Debug\Obj\Potencia.o                      #
#                    C:\Users\Marcos\Dropbox\Reps\Dextro\IBA\Hardware\MaisPip #
#                    ocaG2\SOFTWARE\Debug\Obj\Preparacao.o                    #
#                    C:\Users\Marcos\Dropbox\Reps\Dextro\IBA\Hardware\MaisPip #
#                    ocaG2\SOFTWARE\Debug\Obj\Protocolo.o                     #
#                    C:\Users\Marcos\Dropbox\Reps\Dextro\IBA\Hardware\MaisPip #
#                    ocaG2\SOFTWARE\Debug\Obj\RTC.o                           #
#                    C:\Users\Marcos\Dropbox\Reps\Dextro\IBA\Hardware\MaisPip #
#                    ocaG2\SOFTWARE\Debug\Obj\Relatorio.o                     #
#                    C:\Users\Marcos\Dropbox\Reps\Dextro\IBA\Hardware\MaisPip #
#                    ocaG2\SOFTWARE\Debug\Obj\Supervisao_MDB.o                #
#                    C:\Users\Marcos\Dropbox\Reps\Dextro\IBA\Hardware\MaisPip #
#                    ocaG2\SOFTWARE\Debug\Obj\Supervisao_mdb_bill.o           #
#                    C:\Users\Marcos\Dropbox\Reps\Dextro\IBA\Hardware\MaisPip #
#                    ocaG2\SOFTWARE\Debug\Obj\Supervisao_mdb_coin.o           #
#                    C:\Users\Marcos\Dropbox\Reps\Dextro\IBA\Hardware\MaisPip #
#                    ocaG2\SOFTWARE\Debug\Obj\Teclado.o                       #
#                    C:\Users\Marcos\Dropbox\Reps\Dextro\IBA\Hardware\MaisPip #
#                    ocaG2\SOFTWARE\Debug\Obj\WATCHDOG.o                      #
#                    C:\Users\Marcos\Dropbox\Reps\Dextro\IBA\Hardware\MaisPip #
#                    ocaG2\SOFTWARE\Debug\Obj\WH1602.o                        #
#                    C:\Users\Marcos\Dropbox\Reps\Dextro\IBA\Hardware\MaisPip #
#                    ocaG2\SOFTWARE\Debug\Obj\WH1602_2.o                      #
#                    C:\Users\Marcos\Dropbox\Reps\Dextro\IBA\Hardware\MaisPip #
#                    ocaG2\SOFTWARE\Debug\Obj\aplicacao.o                     #
#                    C:\Users\Marcos\Dropbox\Reps\Dextro\IBA\Hardware\MaisPip #
#                    ocaG2\SOFTWARE\Debug\Obj\cctalk.o                        #
#                    C:\Users\Marcos\Dropbox\Reps\Dextro\IBA\Hardware\MaisPip #
#                    ocaG2\SOFTWARE\Debug\Obj\cstartup_M.o                    #
#                    C:\Users\Marcos\Dropbox\Reps\Dextro\IBA\Hardware\MaisPip #
#                    ocaG2\SOFTWARE\Debug\Obj\embalagem.o                     #
#                    C:\Users\Marcos\Dropbox\Reps\Dextro\IBA\Hardware\MaisPip #
#                    ocaG2\SOFTWARE\Debug\Obj\faturamento.o                   #
#                    C:\Users\Marcos\Dropbox\Reps\Dextro\IBA\Hardware\MaisPip #
#                    ocaG2\SOFTWARE\Debug\Obj\fila_troca_preco.o              #
#                    C:\Users\Marcos\Dropbox\Reps\Dextro\IBA\Hardware\MaisPip #
#                    ocaG2\SOFTWARE\Debug\Obj\flash_queue.o                   #
#                    C:\Users\Marcos\Dropbox\Reps\Dextro\IBA\Hardware\MaisPip #
#                    ocaG2\SOFTWARE\Debug\Obj\heap_1.o                        #
#                    C:\Users\Marcos\Dropbox\Reps\Dextro\IBA\Hardware\MaisPip #
#                    ocaG2\SOFTWARE\Debug\Obj\impressora.o                    #
#                    C:\Users\Marcos\Dropbox\Reps\Dextro\IBA\Hardware\MaisPip #
#                    ocaG2\SOFTWARE\Debug\Obj\leds.o                          #
#                    C:\Users\Marcos\Dropbox\Reps\Dextro\IBA\Hardware\MaisPip #
#                    ocaG2\SOFTWARE\Debug\Obj\list.o                          #
#                    C:\Users\Marcos\Dropbox\Reps\Dextro\IBA\Hardware\MaisPip #
#                    ocaG2\SOFTWARE\Debug\Obj\main.o                          #
#                    C:\Users\Marcos\Dropbox\Reps\Dextro\IBA\Hardware\MaisPip #
#                    ocaG2\SOFTWARE\Debug\Obj\mdb.o                           #
#                    C:\Users\Marcos\Dropbox\Reps\Dextro\IBA\Hardware\MaisPip #
#                    ocaG2\SOFTWARE\Debug\Obj\mdb_bill.o                      #
#                    C:\Users\Marcos\Dropbox\Reps\Dextro\IBA\Hardware\MaisPip #
#                    ocaG2\SOFTWARE\Debug\Obj\mdb_cashless.o                  #
#                    C:\Users\Marcos\Dropbox\Reps\Dextro\IBA\Hardware\MaisPip #
#                    ocaG2\SOFTWARE\Debug\Obj\mdb_coin.o                      #
#                    C:\Users\Marcos\Dropbox\Reps\Dextro\IBA\Hardware\MaisPip #
#                    ocaG2\SOFTWARE\Debug\Obj\mdb_uart.o                      #
#                    C:\Users\Marcos\Dropbox\Reps\Dextro\IBA\Hardware\MaisPip #
#                    ocaG2\SOFTWARE\Debug\Obj\memoryWrapper.o                 #
#                    C:\Users\Marcos\Dropbox\Reps\Dextro\IBA\Hardware\MaisPip #
#                    ocaG2\SOFTWARE\Debug\Obj\menu_acessorios.o               #
#                    C:\Users\Marcos\Dropbox\Reps\Dextro\IBA\Hardware\MaisPip #
#                    ocaG2\SOFTWARE\Debug\Obj\menu_ajuste_relogio.o           #
#                    C:\Users\Marcos\Dropbox\Reps\Dextro\IBA\Hardware\MaisPip #
#                    ocaG2\SOFTWARE\Debug\Obj\menu_avancado.o                 #
#                    C:\Users\Marcos\Dropbox\Reps\Dextro\IBA\Hardware\MaisPip #
#                    ocaG2\SOFTWARE\Debug\Obj\menu_configuracao.o             #
#                    C:\Users\Marcos\Dropbox\Reps\Dextro\IBA\Hardware\MaisPip #
#                    ocaG2\SOFTWARE\Debug\Obj\menu_edita_flag.o               #
#                    C:\Users\Marcos\Dropbox\Reps\Dextro\IBA\Hardware\MaisPip #
#                    ocaG2\SOFTWARE\Debug\Obj\menu_edita_inteiro.o            #
#                    C:\Users\Marcos\Dropbox\Reps\Dextro\IBA\Hardware\MaisPip #
#                    ocaG2\SOFTWARE\Debug\Obj\menu_edita_listagem.o           #
#                    C:\Users\Marcos\Dropbox\Reps\Dextro\IBA\Hardware\MaisPip #
#                    ocaG2\SOFTWARE\Debug\Obj\menu_faturamento.o              #
#                    C:\Users\Marcos\Dropbox\Reps\Dextro\IBA\Hardware\MaisPip #
#                    ocaG2\SOFTWARE\Debug\Obj\menu_info_binaria.o             #
#                    C:\Users\Marcos\Dropbox\Reps\Dextro\IBA\Hardware\MaisPip #
#                    ocaG2\SOFTWARE\Debug\Obj\menu_operacao.o                 #
#                    C:\Users\Marcos\Dropbox\Reps\Dextro\IBA\Hardware\MaisPip #
#                    ocaG2\SOFTWARE\Debug\Obj\menu_preparacao.o               #
#                    C:\Users\Marcos\Dropbox\Reps\Dextro\IBA\Hardware\MaisPip #
#                    ocaG2\SOFTWARE\Debug\Obj\menu_rolagem.o                  #
#                    C:\Users\Marcos\Dropbox\Reps\Dextro\IBA\Hardware\MaisPip #
#                    ocaG2\SOFTWARE\Debug\Obj\menu_seleciona_lista.o          #
#                    C:\Users\Marcos\Dropbox\Reps\Dextro\IBA\Hardware\MaisPip #
#                    ocaG2\SOFTWARE\Debug\Obj\menu_servico.o                  #
#                    C:\Users\Marcos\Dropbox\Reps\Dextro\IBA\Hardware\MaisPip #
#                    ocaG2\SOFTWARE\Debug\Obj\menu_teste_hardware.o           #
#                    C:\Users\Marcos\Dropbox\Reps\Dextro\IBA\Hardware\MaisPip #
#                    ocaG2\SOFTWARE\Debug\Obj\menu_teste_mdb.o                #
#                    C:\Users\Marcos\Dropbox\Reps\Dextro\IBA\Hardware\MaisPip #
#                    ocaG2\SOFTWARE\Debug\Obj\parametros.o                    #
#                    C:\Users\Marcos\Dropbox\Reps\Dextro\IBA\Hardware\MaisPip #
#                    ocaG2\SOFTWARE\Debug\Obj\port.o                          #
#                    C:\Users\Marcos\Dropbox\Reps\Dextro\IBA\Hardware\MaisPip #
#                    ocaG2\SOFTWARE\Debug\Obj\portasm.o                       #
#                    C:\Users\Marcos\Dropbox\Reps\Dextro\IBA\Hardware\MaisPip #
#                    ocaG2\SOFTWARE\Debug\Obj\queue.o                         #
#                    C:\Users\Marcos\Dropbox\Reps\Dextro\IBA\Hardware\MaisPip #
#                    ocaG2\SOFTWARE\Debug\Obj\serial_mux.o                    #
#                    C:\Users\Marcos\Dropbox\Reps\Dextro\IBA\Hardware\MaisPip #
#                    ocaG2\SOFTWARE\Debug\Obj\spi_wrapper.o                   #
#                    C:\Users\Marcos\Dropbox\Reps\Dextro\IBA\Hardware\MaisPip #
#                    ocaG2\SOFTWARE\Debug\Obj\sst25vf016b.o                   #
#                    C:\Users\Marcos\Dropbox\Reps\Dextro\IBA\Hardware\MaisPip #
#                    ocaG2\SOFTWARE\Debug\Obj\strings.o                       #
#                    C:\Users\Marcos\Dropbox\Reps\Dextro\IBA\Hardware\MaisPip #
#                    ocaG2\SOFTWARE\Debug\Obj\supervisao_mdb_cashless.o       #
#                    C:\Users\Marcos\Dropbox\Reps\Dextro\IBA\Hardware\MaisPip #
#                    ocaG2\SOFTWARE\Debug\Obj\tasks.o                         #
#                    C:\Users\Marcos\Dropbox\Reps\Dextro\IBA\Hardware\MaisPip #
#                    ocaG2\SOFTWARE\Debug\Obj\tela_senha.o                    #
#                    C:\Users\Marcos\Dropbox\Reps\Dextro\IBA\Hardware\MaisPip #
#                    ocaG2\SOFTWARE\Debug\Obj\uart.o -o                       #
#                    C:\Users\Marcos\Dropbox\Reps\Dextro\IBA\Hardware\MaisPip #
#                    ocaG2\SOFTWARE\Debug\Exe\Mais_Pipoca_exp.out.tmp --map   #
#                    C:\Users\Marcos\Dropbox\Reps\Dextro\IBA\Hardware\MaisPip #
#                    ocaG2\SOFTWARE\Debug\List\Mais_Pipoca_exp.map --config   #
#                    "C:\Users\Marcos\Dropbox\Cli\AlmTec\01-Firmware\01_mais_ #
#                    pipoca_exp\MaisPipoca - 2.0.1\AirPopCorn.icf"            #
#                    --semihosting --entry __iar_program_start --vfe          #
#                                                                             #
#                                                                             #
###############################################################################

*******************************************************************************
*** RUNTIME MODEL ATTRIBUTES
***

CppFlavor       = *
__SystemLibrary = DLib


*******************************************************************************
*** PLACEMENT SUMMARY
***

"A1":  place at 0x00000000 { ro section .intvec };
"P1":  place in [from 0x00000000 to 0x000002fb] |
                [from 0x00000300 to 0x0006ffff] { ro };
"P2":  place in [from 0x10000000 to 0x10007fdf] { rw, block CSTACK, block HEAP };
"P5":  place in [from 0x00070000 to 0x0007ffff] { ro object strings.o };

  Section             Kind        Address    Size  Object
  -------             ----        -------    ----  ------
"A1":                                        0xc4
  .intvec             ro code  0x00000000    0xc4  cstartup_M.o [1]
                             - 0x000000c4    0xc4

"P1", part 1 of 2:                            0x0
  .rodata             const    0x000000c4     0x0  zero_init3.o [5]
  .rodata             const    0x000000c4     0x0  lz77_init.o [5]

"P1", part 2 of 2:                         0xd85c
  .text               ro code  0x00000300   0xcf6  xprintffull_nomb.o [3]
  .text               ro code  0x00000ff6    0x22  zero_init3.o [5]
  .text               ro code  0x00001018    0x16  strchr.o [5]
  .text               ro code  0x0000102e     0xa  xsprout.o [3]
  .text               ro code  0x00001038    0x36  strlen.o [5]
  .text               ro code  0x00001070    0x58  memchr.o [5]
  .text               ro code  0x000010c8    0xee  I64DivMod.o [5]
  .text               ro code  0x000011b8    0x76  ABImemcpy.o [5]
  .text               ro code  0x0000122e    0x42  xdnorm.o [4]
  .text               ro code  0x00001270    0x2e  DblCmpLe.o [4]
  .text               ro code  0x000012a0    0x2e  DblCmpGe.o [4]
  .text               ro code  0x000012d0   0x10c  xdscale.o [4]
  .text               ro code  0x000013dc    0x58  DblToI32.o [4]
  .text               ro code  0x00001434    0x30  I32ToDbl.o [4]
  .text               ro code  0x00001464   0x180  DblSub.o [4]
  .text               ro code  0x000015e4   0x1a2  DblMul.o [4]
  .text               ro code  0x00001788   0x246  DblDiv.o [4]
  .text               ro code  0x000019ce     0xe  div.o [3]
  .text               ro code  0x000019dc     0x2  I64DivZer.o [5]
  .text               ro code  0x000019e0    0xd4  DblAdd.o [4]
  .rodata             const    0x00001ab4   0xb00  parametros.o [1]
  .text               ro code  0x000025b4   0x9d8  aplicacao.o [1]
  .text               ro code  0x00002f8c   0x138  parametros.o [1]
  .text               ro code  0x000030c4   0x7d4  tasks.o [1]
  .text               ro code  0x00003898   0x4d0  Preparacao.o [1]
  .text               ro code  0x00003d68   0x70c  Board.o [1]
  .text               ro code  0x00004474   0x3f8  Pagamentos.o [1]
  .text               ro code  0x0000486c   0x1f8  Teclado.o [1]
  .text               ro code  0x00004a64    0x98  menu_configuracao.o [1]
  .text               ro code  0x00004afc   0x258  WH1602.o [1]
  .text               ro code  0x00004d54   0x434  WH1602_2.o [1]
  .text               ro code  0x00005188   0x38e  queue.o [1]
  .text               ro code  0x00005518   0x16c  AmostraAnalogica.o [1]
  .text               ro code  0x00005684   0x4e0  Potencia.o [1]
  .text               ro code  0x00005b64    0x34  sprintf.o [3]
  .text               ro code  0x00005b98   0x31e  mdb.o [1]
  .text               ro code  0x00005eb8    0xfc  POST.o [1]
  .text               ro code  0x00005fb4   0x47c  BV20.o [1]
  .text               ro code  0x00006430    0x68  ControleTemperatura.o [1]
  .text               ro code  0x00006498   0x1b4  memoryWrapper.o [1]
  .text               ro code  0x0000664c     0xe  tela_senha.o [1]
  .text               ro code  0x0000665c   0x348  cctalk.o [1]
  .text               ro code  0x000069a4    0xc4  port.o [1]
  .text               ro code  0x00006a68    0x9a  list.o [1]
  CODE                ro code  0x00006b04    0x8c  portasm.o [1]
  .text               ro code  0x00006b90   0x25a  main.o [1]
  .text               ro code  0x00006dec    0x62  memcmp.o [5]
  .text               ro code  0x00006e50    0x6c  strncpy.o [5]
  .text               ro code  0x00006ebc    0x58  heap_1.o [1]
  .text               ro code  0x00006f14    0x14  tasks.o [1]
  .text               ro code  0x00006f28    0x80  embalagem.o [1]
  .text               ro code  0x00006fa8   0x26c  PlayerWave.o [1]
  .text               ro code  0x00007214   0x102  faturamento.o [1]
  .text               ro code  0x00007318    0xc8  leds.o [1]
  .text               ro code  0x000073e0    0x8c  serial_mux.o [1]
  .text               ro code  0x0000746c    0x9c  RTC.o [1]
  .text               ro code  0x00007508   0x144  AmostraAnalogica.o [1]
  .text               ro code  0x0000764c    0x90  Supervisao_MDB.o [1]
  .text               ro code  0x000076dc   0x524  Supervisao_mdb_bill.o [1]
  .text               ro code  0x00007c00   0x1f4  Supervisao_mdb_coin.o [1]
  .text               ro code  0x00007df4    0xe2  menu_rolagem.o [1]
  .text               ro code  0x00007ed8    0xd2  menu_seleciona_lista.o [1]
  .text               ro code  0x00007fac   0x188  Potencia.o [1]
  .text               ro code  0x00008134   0x186  mdb_uart.o [1]
  .text               ro code  0x000082ba   0x1da  mdb_coin.o [1]
  .text               ro code  0x00008494   0x1a0  spi_wrapper.o [1]
  .text               ro code  0x00008634   0x2ac  sst25vf016b.o [1]
  .text               ro code  0x000088e0   0x29c  uart.o [1]
  .text               ro code  0x00008b7c    0x66  ABImemset.o [5]
  .text               ro code  0x00008be4     0x2  supervisao_mdb_cashless.o [1]
  .text               ro code  0x00008be6   0x236  mdb_bill.o [1]
  .text               ro code  0x00008e1c    0xfc  menu_edita_listagem.o [1]
  .text               ro code  0x00008f18   0x878  menu_teste_hardware.o [1]
  .text               ro code  0x00009790    0x20  srand.o [3]
  .text               ro code  0x000097b0     0x6  ABImemclr4.o [5]
  .text               ro code  0x000097b8    0x7c  impressora.o [1]
  .text               ro code  0x00009834     0x2  xtls.o [3]
  .text               ro code  0x00009838    0x32  ABImemset48.o [5]
  .text               ro code  0x0000986c   0x7d0  Protocolo.o [1]
  .text               ro code  0x0000a03c   0x67a  menu_operacao.o [1]
  .text               ro code  0x0000a6b8    0xb4  fila_troca_preco.o [1]
  .text               ro code  0x0000a76c   0x148  menu_edita_inteiro.o [1]
  .text               ro code  0x0000a8b4    0xd0  menu_edita_flag.o [1]
  .text               ro code  0x0000a984   0x1ac  flash_queue.o [1]
  .text               ro code  0x0000ab30   0x624  Relatorio.o [1]
  .text               ro code  0x0000b154   0x3e4  tela_senha.o [1]
  .text               ro code  0x0000b538    0xe0  rand.o [3]
  .text               ro code  0x0000b618   0x330  menu_avancado.o [1]
  .text               ro code  0x0000b948   0x2c0  InterfaceAjusteRelogio.o [1]
  .text               ro code  0x0000bc08   0x2bc  menu_acessorios.o [1]
  .text               ro code  0x0000bec4   0x26e  menu_teste_mdb.o [1]
  .text               ro code  0x0000c132    0x36  mdb_cashless.o [1]
  .text               ro code  0x0000c168   0x1b0  menu_servico.o [1]
  .text               ro code  0x0000c318   0x1a4  lz77_init.o [5]
  .text               ro code  0x0000c4bc     0x6  abort.o [3]
  .text               ro code  0x0000c4c4    0x14  exit.o [6]
  .text               ro code  0x0000c4d8   0x1a0  menu_faturamento.o [1]
  .rodata             const    0x0000c678   0x168  AmostraAnalogica.o [1]
  .rodata             const    0x0000c7e0   0x168  AmostraAnalogica.o [1]
  .text               ro code  0x0000c948    0xc8  menu_preparacao.o [1]
  .rodata             const    0x0000ca10    0x64  BV20.o [1]
  .rodata             const    0x0000ca74    0x40  menu_teste_hardware.o [1]
  .rodata             const    0x0000cab4    0x30  InterfaceAjusteRelogio.o [1]
  .rodata             const    0x0000cae4    0x30  Relatorio.o [1]
  .rodata             const    0x0000cb14    0x30  Relatorio.o [1]
  .rodata             const    0x0000cb44    0x30  Relatorio.o [1]
  .rodata             const    0x0000cb74    0x30  Relatorio.o [1]
  .rodata             const    0x0000cba4    0x30  Relatorio.o [1]
  .rodata             const    0x0000cbd4    0x30  Relatorio.o [1]
  .rodata             const    0x0000cc04    0x30  Relatorio.o [1]
  .rodata             const    0x0000cc34    0x30  Relatorio.o [1]
  .rodata             const    0x0000cc64    0x30  Relatorio.o [1]
  .rodata             const    0x0000cc94    0x30  Relatorio.o [1]
  .rodata             const    0x0000ccc4    0x30  Relatorio.o [1]
  .rodata             const    0x0000ccf4    0x30  Relatorio.o [1]
  .rodata             const    0x0000cd24    0x30  Relatorio.o [1]
  .rodata             const    0x0000cd54    0x30  Relatorio.o [1]
  .rodata             const    0x0000cd84    0x30  Relatorio.o [1]
  .rodata             const    0x0000cdb4    0x30  Relatorio.o [1]
  .rodata             const    0x0000cde4    0x30  Relatorio.o [1]
  .rodata             const    0x0000ce14    0x30  Relatorio.o [1]
  .rodata             const    0x0000ce44    0x30  Relatorio.o [1]
  .rodata             const    0x0000ce74    0x30  Relatorio.o [1]
  .rodata             const    0x0000cea4    0x30  Relatorio.o [1]
  .rodata             const    0x0000ced4    0x30  Relatorio.o [1]
  .rodata             const    0x0000cf04    0x30  Relatorio.o [1]
  .rodata             const    0x0000cf34    0x30  Relatorio.o [1]
  .rodata             const    0x0000cf64    0x30  Relatorio.o [1]
  .rodata             const    0x0000cf94    0x30  Relatorio.o [1]
  .rodata             const    0x0000cfc4    0x30  Relatorio.o [1]
  .rodata             const    0x0000cff4    0x30  Relatorio.o [1]
  .rodata             const    0x0000d024    0x2c  Relatorio.o [1]
  .rodata             const    0x0000d050    0x28  menu_acessorios.o [1]
  .rodata             const    0x0000d078    0x28  menu_acessorios.o [1]
  .rodata             const    0x0000d0a0    0x28  menu_configuracao.o [1]
  .text               ro code  0x0000d0c8    0x28  data_init.o [5]
  .rodata             const    0x0000d0f0    0x24  Relatorio.o [1]
  .iar.init_table     const    0x0000d114    0x48  - Linker created -
  .rodata             const    0x0000d15c    0x20  Relatorio.o [1]
  .rodata             const    0x0000d17c    0x20  flash_queue.o [1]
  .rodata             const    0x0000d19c    0x20  menu_acessorios.o [1]
  .rodata             const    0x0000d1bc    0x1c  Supervisao_mdb_bill.o [1]
  .rodata             const    0x0000d1d8    0x1c  menu_avancado.o [1]
  .rodata             const    0x0000d1f4    0x18  Relatorio.o [1]
  .rodata             const    0x0000d20c    0x18  menu_faturamento.o [1]
  .rodata             const    0x0000d224    0x18  menu_servico.o [1]
  .rodata             const    0x0000d23c    0x18  menu_teste_hardware.o [1]
  .rodata             const    0x0000d254    0x18  menu_teste_mdb.o [1]
  .text               ro code  0x0000d26c    0x16  cmain.o [5]
  .text               ro code  0x0000d282     0x4  low_level_init.o [3]
  .text               ro code  0x0000d286     0x4  exit.o [3]
  .text               ro code  0x0000d28c     0xa  cexit.o [5]
  .rodata             const    0x0000d298    0x14  Relatorio.o [1]
  .rodata             const    0x0000d2ac    0x14  Supervisao_mdb_coin.o [1]
  .rodata             const    0x0000d2c0    0x14  aplicacao.o [1]
  .rodata             const    0x0000d2d4    0x14  aplicacao.o [1]
  .rodata             const    0x0000d2e8    0x14  menu_avancado.o [1]
  .rodata             const    0x0000d2fc    0x14  menu_edita_flag.o [1]
  .rodata             const    0x0000d310    0x14  menu_edita_listagem.o [1]
  .rodata             const    0x0000d324    0x14  menu_faturamento.o [1]
  .rodata             const    0x0000d338    0x14  menu_teste_hardware.o [1]
  .rodata             const    0x0000d34c    0x14  menu_teste_hardware.o [1]
  .rodata             const    0x0000d360    0x14  menu_teste_hardware.o [1]
  .rodata             const    0x0000d374    0x14  menu_teste_mdb.o [1]
  .rodata             const    0x0000d388    0x14  parametros.o [1]
  .rodata             const    0x0000d39c    0x14  tasks.o [1]
  .rodata             const    0x0000d3b0    0x14  tela_senha.o [1]
  .rodata             const    0x0000d3c4    0x10  Preparacao.o [1]
  .rodata             const    0x0000d3d4    0x10  Preparacao.o [1]
  .rodata             const    0x0000d3e4    0x10  aplicacao.o [1]
  .rodata             const    0x0000d3f4    0x10  aplicacao.o [1]
  .rodata             const    0x0000d404    0x10  aplicacao.o [1]
  .rodata             const    0x0000d414    0x10  aplicacao.o [1]
  .rodata             const    0x0000d424    0x10  menu_operacao.o [1]
  .rodata             const    0x0000d434    0x10  menu_operacao.o [1]
  .rodata             const    0x0000d444    0x10  menu_operacao.o [1]
  .rodata             const    0x0000d454    0x10  menu_operacao.o [1]
  .rodata             const    0x0000d464    0x10  menu_operacao.o [1]
  .rodata             const    0x0000d474    0x10  menu_servico.o [1]
  .rodata             const    0x0000d484    0x10  menu_servico.o [1]
  .rodata             const    0x0000d494    0x10  menu_servico.o [1]
  .rodata             const    0x0000d4a4    0x10  menu_teste_hardware.o [1]
  .rodata             const    0x0000d4b4    0x10  menu_teste_hardware.o [1]
  .rodata             const    0x0000d4c4    0x10  menu_teste_hardware.o [1]
  .rodata             const    0x0000d4d4    0x10  menu_teste_hardware.o [1]
  .rodata             const    0x0000d4e4    0x10  menu_teste_hardware.o [1]
  .rodata             const    0x0000d4f4    0x10  menu_teste_mdb.o [1]
  .rodata             const    0x0000d504     0xc  InterfaceAjusteRelogio.o [1]
  .rodata             const    0x0000d510     0xc  InterfaceAjusteRelogio.o [1]
  .rodata             const    0x0000d51c     0xc  Relatorio.o [1]
  .rodata             const    0x0000d528     0xc  aplicacao.o [1]
  .rodata             const    0x0000d534     0xc  aplicacao.o [1]
  .rodata             const    0x0000d540     0xc  aplicacao.o [1]
  .rodata             const    0x0000d54c     0xc  aplicacao.o [1]
  .rodata             const    0x0000d558     0xc  aplicacao.o [1]
  .rodata             const    0x0000d564     0xc  aplicacao.o [1]
  .rodata             const    0x0000d570     0xc  aplicacao.o [1]
  .rodata             const    0x0000d57c     0xc  aplicacao.o [1]
  .rodata             const    0x0000d588     0xc  aplicacao.o [1]
  .rodata             const    0x0000d594     0xc  main.o [1]
  .rodata             const    0x0000d5a0     0xc  main.o [1]
  .rodata             const    0x0000d5ac     0xc  menu_configuracao.o [1]
  .rodata             const    0x0000d5b8     0xc  menu_faturamento.o [1]
  .rodata             const    0x0000d5c4     0xc  menu_faturamento.o [1]
  .rodata             const    0x0000d5d0     0xc  menu_faturamento.o [1]
  .rodata             const    0x0000d5dc     0xc  menu_operacao.o [1]
  .rodata             const    0x0000d5e8     0xc  menu_operacao.o [1]
  .rodata             const    0x0000d5f4     0xc  menu_operacao.o [1]
  .rodata             const    0x0000d600     0xc  menu_operacao.o [1]
  .rodata             const    0x0000d60c     0xc  menu_operacao.o [1]
  .rodata             const    0x0000d618     0xc  menu_operacao.o [1]
  .rodata             const    0x0000d624     0xc  menu_preparacao.o [1]
  .rodata             const    0x0000d630     0xc  menu_preparacao.o [1]
  .rodata             const    0x0000d63c     0xc  menu_servico.o [1]
  .rodata             const    0x0000d648     0xc  menu_servico.o [1]
  .rodata             const    0x0000d654     0xc  menu_teste_hardware.o [1]
  .rodata             const    0x0000d660     0xc  menu_teste_hardware.o [1]
  .rodata             const    0x0000d66c     0xc  menu_teste_mdb.o [1]
  .rodata             const    0x0000d678     0xc  menu_teste_mdb.o [1]
  .rodata             const    0x0000d684     0xc  tela_senha.o [1]
  .rodata             const    0x0000d690     0xc  tela_senha.o [1]
  .text               ro code  0x0000d69c     0xc  cstartup_M.o [5]
  .rodata             const    0x0000d6a8     0x8  InterfaceAjusteRelogio.o [1]
  .rodata             const    0x0000d6b0     0x8  InterfaceAjusteRelogio.o [1]
  .rodata             const    0x0000d6b8     0x8  InterfaceAjusteRelogio.o [1]
  .rodata             const    0x0000d6c0     0x8  InterfaceAjusteRelogio.o [1]
  .rodata             const    0x0000d6c8     0x8  Supervisao_mdb_coin.o [1]
  .rodata             const    0x0000d6d0     0x8  main.o [1]
  .rodata             const    0x0000d6d8     0x8  main.o [1]
  .rodata             const    0x0000d6e0     0x8  main.o [1]
  .rodata             const    0x0000d6e8     0x8  menu_acessorios.o [1]
  .rodata             const    0x0000d6f0     0x8  menu_acessorios.o [1]
  .rodata             const    0x0000d6f8     0x8  menu_acessorios.o [1]
  .rodata             const    0x0000d700     0x8  menu_acessorios.o [1]
  .rodata             const    0x0000d708     0x8  menu_acessorios.o [1]
  .rodata             const    0x0000d710     0x8  menu_acessorios.o [1]
  .rodata             const    0x0000d718     0x8  menu_acessorios.o [1]
  .rodata             const    0x0000d720     0x8  menu_acessorios.o [1]
  .rodata             const    0x0000d728     0x8  menu_acessorios.o [1]
  .rodata             const    0x0000d730     0x8  menu_acessorios.o [1]
  .rodata             const    0x0000d738     0x8  menu_acessorios.o [1]
  .rodata             const    0x0000d740     0x8  menu_avancado.o [1]
  .rodata             const    0x0000d748     0x8  menu_edita_flag.o [1]
  .rodata             const    0x0000d750     0x8  menu_edita_listagem.o [1]
  .rodata             const    0x0000d758     0x8  menu_faturamento.o [1]
  .rodata             const    0x0000d760     0x8  menu_faturamento.o [1]
  .rodata             const    0x0000d768     0x8  menu_faturamento.o [1]
  .rodata             const    0x0000d770     0x8  menu_faturamento.o [1]
  .rodata             const    0x0000d778     0x8  menu_operacao.o [1]
  .rodata             const    0x0000d780     0x8  menu_operacao.o [1]
  .rodata             const    0x0000d788     0x8  menu_operacao.o [1]
  .rodata             const    0x0000d790     0x8  menu_preparacao.o [1]
  .rodata             const    0x0000d798     0x8  menu_servico.o [1]
  .rodata             const    0x0000d7a0     0x8  menu_teste_hardware.o [1]
  .rodata             const    0x0000d7a8     0x8  menu_teste_hardware.o [1]
  .rodata             const    0x0000d7b0     0x8  menu_teste_hardware.o [1]
  .rodata             const    0x0000d7b8     0x8  menu_teste_hardware.o [1]
  .rodata             const    0x0000d7c0     0x8  menu_teste_hardware.o [1]
  .rodata             const    0x0000d7c8     0x8  menu_teste_mdb.o [1]
  .rodata             const    0x0000d7d0     0x8  menu_teste_mdb.o [1]
  .rodata             const    0x0000d7d8     0x8  tasks.o [1]
  .rodata             const    0x0000d7e0     0x8  tela_senha.o [1]
  .rodata             const    0x0000d7e8     0x8  tela_senha.o [1]
  .rodata             const    0x0000d7f0     0x8  tela_senha.o [1]
  .rodata             const    0x0000d7f8     0x8  tela_senha.o [1]
  .rodata             const    0x0000d800     0x8  tela_senha.o [1]
  .rodata             const    0x0000d808     0x4  InterfaceAjusteRelogio.o [1]
  .rodata             const    0x0000d80c     0x4  Potencia.o [1]
  .rodata             const    0x0000d810     0x4  Potencia.o [1]
  .rodata             const    0x0000d814     0x4  Potencia.o [1]
  .rodata             const    0x0000d818     0x4  menu_teste_hardware.o [1]
  .text               ro code  0x0000d81c     0x4  cstartup_M.o [1]
  .text               ro code  0x0000d820     0x4  cstartup_M.o [1]
  .text               ro code  0x0000d824     0x4  cstartup_M.o [1]
  .text               ro code  0x0000d828     0x4  cstartup_M.o [1]
  .text               ro code  0x0000d82c     0x4  cstartup_M.o [1]
  .text               ro code  0x0000d830     0x4  cstartup_M.o [1]
  .text               ro code  0x0000d834     0x4  cstartup_M.o [1]
  .text               ro code  0x0000d838     0x4  cstartup_M.o [1]
  .text               ro code  0x0000d83c     0x4  cstartup_M.o [1]
  .text               ro code  0x0000d840     0x4  cstartup_M.o [1]
  .text               ro code  0x0000d844     0x4  cstartup_M.o [1]
  .text               ro code  0x0000d848     0x4  cstartup_M.o [1]
  .text               ro code  0x0000d84c     0x4  cstartup_M.o [1]
  .text               ro code  0x0000d850     0x4  cstartup_M.o [1]
  .text               ro code  0x0000d854     0x4  cstartup_M.o [1]
  .text               ro code  0x0000d858     0x4  cstartup_M.o [1]
  .text               ro code  0x0000d85c     0x4  cstartup_M.o [1]
  .text               ro code  0x0000d860     0x4  cstartup_M.o [1]
  .text               ro code  0x0000d864     0x4  cstartup_M.o [1]
  .text               ro code  0x0000d868     0x4  cstartup_M.o [1]
  .text               ro code  0x0000d86c     0x4  cstartup_M.o [1]
  .text               ro code  0x0000d870     0x4  cstartup_M.o [1]
  .text               ro code  0x0000d874     0x4  cstartup_M.o [1]
  .text               ro code  0x0000d878     0x4  cstartup_M.o [1]
  .text               ro code  0x0000d87c     0x4  cstartup_M.o [1]
  .text               ro code  0x0000d880     0x4  cstartup_M.o [1]
  .text               ro code  0x0000d884     0x4  cstartup_M.o [1]
  .text               ro code  0x0000d888     0x4  cstartup_M.o [1]
  .text               ro code  0x0000d88c     0x4  cstartup_M.o [1]
  .text               ro code  0x0000d890     0x4  cstartup_M.o [1]
  .text               ro code  0x0000d894     0x4  cstartup_M.o [1]
  .text               ro code  0x0000d898     0x4  cstartup_M.o [1]
  .text               ro code  0x0000d89c     0x4  cstartup_M.o [1]
  .text               ro code  0x0000d8a0     0x4  cstartup_M.o [1]
  .text               ro code  0x0000d8a4     0x4  cstartup_M.o [1]
  .text               ro code  0x0000d8a8     0x4  cstartup_M.o [1]
  .text               ro code  0x0000d8ac     0x4  cstartup_M.o [1]
  .text               ro code  0x0000d8b0     0x4  cstartup_M.o [1]
  .text               ro code  0x0000d8b4     0x4  cstartup_M.o [1]
  .text               ro code  0x0000d8b8     0x4  cstartup_M.o [1]
  .text               ro code  0x0000d8bc     0x4  cstartup_M.o [1]
  .text               ro code  0x0000d8c0     0x4  cstartup_M.o [1]
  Initializer bytes   ro data  0x0000d8c4   0x297  <for P2 s0>
                             - 0x0000db5b  0xd85b

"P5":                                      0x17b0
  .text               ro code  0x00070000    0xa8  strings.o [1]
  .rodata             const    0x000700a8    0x18  strings.o [1]
  .rodata             const    0x000700c0    0x14  strings.o [1]
  .rodata             const    0x000700d4    0x14  strings.o [1]
  .rodata             const    0x000700e8    0x14  strings.o [1]
  .rodata             const    0x000700fc    0x14  strings.o [1]
  .rodata             const    0x00070110    0x14  strings.o [1]
  .rodata             const    0x00070124    0x14  strings.o [1]
  .rodata             const    0x00070138    0x14  strings.o [1]
  .rodata             const    0x0007014c    0x14  strings.o [1]
  .rodata             const    0x00070160    0x14  strings.o [1]
  .rodata             const    0x00070174    0x14  strings.o [1]
  .rodata             const    0x00070188    0x14  strings.o [1]
  .rodata             const    0x0007019c    0x14  strings.o [1]
  .rodata             const    0x000701b0    0x14  strings.o [1]
  .rodata             const    0x000701c4    0x14  strings.o [1]
  .rodata             const    0x000701d8    0x14  strings.o [1]
  .rodata             const    0x000701ec    0x14  strings.o [1]
  .rodata             const    0x00070200    0x14  strings.o [1]
  .rodata             const    0x00070214    0x14  strings.o [1]
  .rodata             const    0x00070228    0x14  strings.o [1]
  .rodata             const    0x0007023c    0x14  strings.o [1]
  .rodata             const    0x00070250    0x14  strings.o [1]
  .rodata             const    0x00070264    0x14  strings.o [1]
  .rodata             const    0x00070278    0x14  strings.o [1]
  .rodata             const    0x0007028c    0x14  strings.o [1]
  .rodata             const    0x000702a0    0x14  strings.o [1]
  .rodata             const    0x000702b4    0x14  strings.o [1]
  .rodata             const    0x000702c8    0x14  strings.o [1]
  .rodata             const    0x000702dc    0x14  strings.o [1]
  .rodata             const    0x000702f0    0x14  strings.o [1]
  .rodata             const    0x00070304    0x14  strings.o [1]
  .rodata             const    0x00070318    0x14  strings.o [1]
  .rodata             const    0x0007032c    0x14  strings.o [1]
  .rodata             const    0x00070340    0x14  strings.o [1]
  .rodata             const    0x00070354    0x14  strings.o [1]
  .rodata             const    0x00070368    0x14  strings.o [1]
  .rodata             const    0x0007037c    0x14  strings.o [1]
  .rodata             const    0x00070390    0x14  strings.o [1]
  .rodata             const    0x000703a4    0x14  strings.o [1]
  .rodata             const    0x000703b8    0x14  strings.o [1]
  .rodata             const    0x000703cc    0x14  strings.o [1]
  .rodata             const    0x000703e0    0x14  strings.o [1]
  .rodata             const    0x000703f4    0x14  strings.o [1]
  .rodata             const    0x00070408    0x14  strings.o [1]
  .rodata             const    0x0007041c    0x14  strings.o [1]
  .rodata             const    0x00070430    0x14  strings.o [1]
  .rodata             const    0x00070444    0x14  strings.o [1]
  .rodata             const    0x00070458    0x14  strings.o [1]
  .rodata             const    0x0007046c    0x14  strings.o [1]
  .rodata             const    0x00070480    0x14  strings.o [1]
  .rodata             const    0x00070494    0x14  strings.o [1]
  .rodata             const    0x000704a8    0x14  strings.o [1]
  .rodata             const    0x000704bc    0x14  strings.o [1]
  .rodata             const    0x000704d0    0x14  strings.o [1]
  .rodata             const    0x000704e4    0x14  strings.o [1]
  .rodata             const    0x000704f8    0x14  strings.o [1]
  .rodata             const    0x0007050c    0x14  strings.o [1]
  .rodata             const    0x00070520    0x14  strings.o [1]
  .rodata             const    0x00070534    0x14  strings.o [1]
  .rodata             const    0x00070548    0x14  strings.o [1]
  .rodata             const    0x0007055c    0x14  strings.o [1]
  .rodata             const    0x00070570    0x14  strings.o [1]
  .rodata             const    0x00070584    0x14  strings.o [1]
  .rodata             const    0x00070598    0x14  strings.o [1]
  .rodata             const    0x000705ac    0x14  strings.o [1]
  .rodata             const    0x000705c0    0x14  strings.o [1]
  .rodata             const    0x000705d4    0x14  strings.o [1]
  .rodata             const    0x000705e8    0x14  strings.o [1]
  .rodata             const    0x000705fc    0x14  strings.o [1]
  .rodata             const    0x00070610    0x14  strings.o [1]
  .rodata             const    0x00070624    0x14  strings.o [1]
  .rodata             const    0x00070638    0x14  strings.o [1]
  .rodata             const    0x0007064c    0x14  strings.o [1]
  .rodata             const    0x00070660    0x14  strings.o [1]
  .rodata             const    0x00070674    0x14  strings.o [1]
  .rodata             const    0x00070688    0x14  strings.o [1]
  .rodata             const    0x0007069c    0x14  strings.o [1]
  .rodata             const    0x000706b0    0x14  strings.o [1]
  .rodata             const    0x000706c4    0x14  strings.o [1]
  .rodata             const    0x000706d8    0x14  strings.o [1]
  .rodata             const    0x000706ec    0x14  strings.o [1]
  .rodata             const    0x00070700    0x14  strings.o [1]
  .rodata             const    0x00070714    0x14  strings.o [1]
  .rodata             const    0x00070728    0x14  strings.o [1]
  .rodata             const    0x0007073c    0x14  strings.o [1]
  .rodata             const    0x00070750    0x14  strings.o [1]
  .rodata             const    0x00070764    0x14  strings.o [1]
  .rodata             const    0x00070778    0x14  strings.o [1]
  .rodata             const    0x0007078c    0x14  strings.o [1]
  .rodata             const    0x000707a0    0x14  strings.o [1]
  .rodata             const    0x000707b4    0x14  strings.o [1]
  .rodata             const    0x000707c8    0x14  strings.o [1]
  .rodata             const    0x000707dc    0x14  strings.o [1]
  .rodata             const    0x000707f0    0x14  strings.o [1]
  .rodata             const    0x00070804    0x14  strings.o [1]
  .rodata             const    0x00070818    0x14  strings.o [1]
  .rodata             const    0x0007082c    0x14  strings.o [1]
  .rodata             const    0x00070840    0x14  strings.o [1]
  .rodata             const    0x00070854    0x14  strings.o [1]
  .rodata             const    0x00070868    0x14  strings.o [1]
  .rodata             const    0x0007087c    0x14  strings.o [1]
  .rodata             const    0x00070890    0x14  strings.o [1]
  .rodata             const    0x000708a4    0x14  strings.o [1]
  .rodata             const    0x000708b8    0x14  strings.o [1]
  .rodata             const    0x000708cc    0x14  strings.o [1]
  .rodata             const    0x000708e0    0x14  strings.o [1]
  .rodata             const    0x000708f4    0x14  strings.o [1]
  .rodata             const    0x00070908    0x14  strings.o [1]
  .rodata             const    0x0007091c    0x14  strings.o [1]
  .rodata             const    0x00070930    0x14  strings.o [1]
  .rodata             const    0x00070944    0x14  strings.o [1]
  .rodata             const    0x00070958    0x14  strings.o [1]
  .rodata             const    0x0007096c    0x14  strings.o [1]
  .rodata             const    0x00070980    0x14  strings.o [1]
  .rodata             const    0x00070994    0x14  strings.o [1]
  .rodata             const    0x000709a8    0x14  strings.o [1]
  .rodata             const    0x000709bc    0x14  strings.o [1]
  .rodata             const    0x000709d0    0x14  strings.o [1]
  .rodata             const    0x000709e4    0x14  strings.o [1]
  .rodata             const    0x000709f8    0x14  strings.o [1]
  .rodata             const    0x00070a0c    0x14  strings.o [1]
  .rodata             const    0x00070a20    0x14  strings.o [1]
  .rodata             const    0x00070a34    0x14  strings.o [1]
  .rodata             const    0x00070a48    0x14  strings.o [1]
  .rodata             const    0x00070a5c    0x14  strings.o [1]
  .rodata             const    0x00070a70    0x14  strings.o [1]
  .rodata             const    0x00070a84    0x10  strings.o [1]
  .rodata             const    0x00070a94    0x10  strings.o [1]
  .rodata             const    0x00070aa4    0x10  strings.o [1]
  .rodata             const    0x00070ab4    0x10  strings.o [1]
  .rodata             const    0x00070ac4    0x10  strings.o [1]
  .rodata             const    0x00070ad4    0x10  strings.o [1]
  .rodata             const    0x00070ae4    0x10  strings.o [1]
  .rodata             const    0x00070af4    0x10  strings.o [1]
  .rodata             const    0x00070b04    0x10  strings.o [1]
  .rodata             const    0x00070b14    0x10  strings.o [1]
  .rodata             const    0x00070b24    0x10  strings.o [1]
  .rodata             const    0x00070b34    0x10  strings.o [1]
  .rodata             const    0x00070b44    0x10  strings.o [1]
  .rodata             const    0x00070b54    0x10  strings.o [1]
  .rodata             const    0x00070b64    0x10  strings.o [1]
  .rodata             const    0x00070b74    0x10  strings.o [1]
  .rodata             const    0x00070b84    0x10  strings.o [1]
  .rodata             const    0x00070b94    0x10  strings.o [1]
  .rodata             const    0x00070ba4    0x10  strings.o [1]
  .rodata             const    0x00070bb4    0x10  strings.o [1]
  .rodata             const    0x00070bc4    0x10  strings.o [1]
  .rodata             const    0x00070bd4    0x10  strings.o [1]
  .rodata             const    0x00070be4    0x10  strings.o [1]
  .rodata             const    0x00070bf4    0x10  strings.o [1]
  .rodata             const    0x00070c04    0x10  strings.o [1]
  .rodata             const    0x00070c14    0x10  strings.o [1]
  .rodata             const    0x00070c24    0x10  strings.o [1]
  .rodata             const    0x00070c34    0x10  strings.o [1]
  .rodata             const    0x00070c44    0x10  strings.o [1]
  .rodata             const    0x00070c54    0x10  strings.o [1]
  .rodata             const    0x00070c64    0x10  strings.o [1]
  .rodata             const    0x00070c74    0x10  strings.o [1]
  .rodata             const    0x00070c84    0x10  strings.o [1]
  .rodata             const    0x00070c94    0x10  strings.o [1]
  .rodata             const    0x00070ca4    0x10  strings.o [1]
  .rodata             const    0x00070cb4    0x10  strings.o [1]
  .rodata             const    0x00070cc4    0x10  strings.o [1]
  .rodata             const    0x00070cd4    0x10  strings.o [1]
  .rodata             const    0x00070ce4    0x10  strings.o [1]
  .rodata             const    0x00070cf4    0x10  strings.o [1]
  .rodata             const    0x00070d04    0x10  strings.o [1]
  .rodata             const    0x00070d14    0x10  strings.o [1]
  .rodata             const    0x00070d24    0x10  strings.o [1]
  .rodata             const    0x00070d34    0x10  strings.o [1]
  .rodata             const    0x00070d44    0x10  strings.o [1]
  .rodata             const    0x00070d54    0x10  strings.o [1]
  .rodata             const    0x00070d64    0x10  strings.o [1]
  .rodata             const    0x00070d74    0x10  strings.o [1]
  .rodata             const    0x00070d84    0x10  strings.o [1]
  .rodata             const    0x00070d94    0x10  strings.o [1]
  .rodata             const    0x00070da4    0x10  strings.o [1]
  .rodata             const    0x00070db4    0x10  strings.o [1]
  .rodata             const    0x00070dc4    0x10  strings.o [1]
  .rodata             const    0x00070dd4    0x10  strings.o [1]
  .rodata             const    0x00070de4    0x10  strings.o [1]
  .rodata             const    0x00070df4    0x10  strings.o [1]
  .rodata             const    0x00070e04    0x10  strings.o [1]
  .rodata             const    0x00070e14    0x10  strings.o [1]
  .rodata             const    0x00070e24    0x10  strings.o [1]
  .rodata             const    0x00070e34    0x10  strings.o [1]
  .rodata             const    0x00070e44    0x10  strings.o [1]
  .rodata             const    0x00070e54    0x10  strings.o [1]
  .rodata             const    0x00070e64    0x10  strings.o [1]
  .rodata             const    0x00070e74    0x10  strings.o [1]
  .rodata             const    0x00070e84    0x10  strings.o [1]
  .rodata             const    0x00070e94     0xc  strings.o [1]
  .rodata             const    0x00070ea0     0xc  strings.o [1]
  .rodata             const    0x00070eac     0xc  strings.o [1]
  .rodata             const    0x00070eb8     0xc  strings.o [1]
  .rodata             const    0x00070ec4     0xc  strings.o [1]
  .rodata             const    0x00070ed0     0xc  strings.o [1]
  .rodata             const    0x00070edc     0xc  strings.o [1]
  .rodata             const    0x00070ee8     0xc  strings.o [1]
  .rodata             const    0x00070ef4     0xc  strings.o [1]
  .rodata             const    0x00070f00     0xc  strings.o [1]
  .rodata             const    0x00070f0c     0xc  strings.o [1]
  .rodata             const    0x00070f18     0xc  strings.o [1]
  .rodata             const    0x00070f24     0xc  strings.o [1]
  .rodata             const    0x00070f30     0xc  strings.o [1]
  .rodata             const    0x00070f3c     0xc  strings.o [1]
  .rodata             const    0x00070f48     0xc  strings.o [1]
  .rodata             const    0x00070f54     0xc  strings.o [1]
  .rodata             const    0x00070f60     0xc  strings.o [1]
  .rodata             const    0x00070f6c     0xc  strings.o [1]
  .rodata             const    0x00070f78     0xc  strings.o [1]
  .rodata             const    0x00070f84     0xc  strings.o [1]
  .rodata             const    0x00070f90     0xc  strings.o [1]
  .rodata             const    0x00070f9c     0xc  strings.o [1]
  .rodata             const    0x00070fa8     0xc  strings.o [1]
  .rodata             const    0x00070fb4     0xc  strings.o [1]
  .rodata             const    0x00070fc0     0xc  strings.o [1]
  .rodata             const    0x00070fcc     0xc  strings.o [1]
  .rodata             const    0x00070fd8     0xc  strings.o [1]
  .rodata             const    0x00070fe4     0xc  strings.o [1]
  .rodata             const    0x00070ff0     0xc  strings.o [1]
  .rodata             const    0x00070ffc     0xc  strings.o [1]
  .rodata             const    0x00071008     0xc  strings.o [1]
  .rodata             const    0x00071014     0xc  strings.o [1]
  .rodata             const    0x00071020     0xc  strings.o [1]
  .rodata             const    0x0007102c     0xc  strings.o [1]
  .rodata             const    0x00071038     0xc  strings.o [1]
  .rodata             const    0x00071044     0xc  strings.o [1]
  .rodata             const    0x00071050     0xc  strings.o [1]
  .rodata             const    0x0007105c     0xc  strings.o [1]
  .rodata             const    0x00071068     0xc  strings.o [1]
  .rodata             const    0x00071074     0xc  strings.o [1]
  .rodata             const    0x00071080     0xc  strings.o [1]
  .rodata             const    0x0007108c     0xc  strings.o [1]
  .rodata             const    0x00071098     0xc  strings.o [1]
  .rodata             const    0x000710a4     0xc  strings.o [1]
  .rodata             const    0x000710b0     0xc  strings.o [1]
  .rodata             const    0x000710bc     0xc  strings.o [1]
  .rodata             const    0x000710c8     0xc  strings.o [1]
  .rodata             const    0x000710d4     0xc  strings.o [1]
  .rodata             const    0x000710e0     0xc  strings.o [1]
  .rodata             const    0x000710ec     0xc  strings.o [1]
  .rodata             const    0x000710f8     0xc  strings.o [1]
  .rodata             const    0x00071104     0xc  strings.o [1]
  .rodata             const    0x00071110     0xc  strings.o [1]
  .rodata             const    0x0007111c     0xc  strings.o [1]
  .rodata             const    0x00071128     0xc  strings.o [1]
  .rodata             const    0x00071134     0xc  strings.o [1]
  .rodata             const    0x00071140     0xc  strings.o [1]
  .rodata             const    0x0007114c     0xc  strings.o [1]
  .rodata             const    0x00071158     0xc  strings.o [1]
  .rodata             const    0x00071164     0xc  strings.o [1]
  .rodata             const    0x00071170     0xc  strings.o [1]
  .rodata             const    0x0007117c     0xc  strings.o [1]
  .rodata             const    0x00071188     0xc  strings.o [1]
  .rodata             const    0x00071194     0xc  strings.o [1]
  .rodata             const    0x000711a0     0xc  strings.o [1]
  .rodata             const    0x000711ac     0xc  strings.o [1]
  .rodata             const    0x000711b8     0xc  strings.o [1]
  .rodata             const    0x000711c4     0xc  strings.o [1]
  .rodata             const    0x000711d0     0xc  strings.o [1]
  .rodata             const    0x000711dc     0xc  strings.o [1]
  .rodata             const    0x000711e8     0xc  strings.o [1]
  .rodata             const    0x000711f4     0xc  strings.o [1]
  .rodata             const    0x00071200     0xc  strings.o [1]
  .rodata             const    0x0007120c     0xc  strings.o [1]
  .rodata             const    0x00071218     0xc  strings.o [1]
  .rodata             const    0x00071224     0xc  strings.o [1]
  .rodata             const    0x00071230     0xc  strings.o [1]
  .rodata             const    0x0007123c     0xc  strings.o [1]
  .rodata             const    0x00071248     0xc  strings.o [1]
  .rodata             const    0x00071254     0xc  strings.o [1]
  .rodata             const    0x00071260     0xc  strings.o [1]
  .rodata             const    0x0007126c     0xc  strings.o [1]
  .rodata             const    0x00071278     0x8  strings.o [1]
  .rodata             const    0x00071280     0x8  strings.o [1]
  .rodata             const    0x00071288     0x8  strings.o [1]
  .rodata             const    0x00071290     0x8  strings.o [1]
  .rodata             const    0x00071298     0x8  strings.o [1]
  .rodata             const    0x000712a0     0x8  strings.o [1]
  .rodata             const    0x000712a8     0x8  strings.o [1]
  .rodata             const    0x000712b0     0x8  strings.o [1]
  .rodata             const    0x000712b8     0x8  strings.o [1]
  .rodata             const    0x000712c0     0x8  strings.o [1]
  .rodata             const    0x000712c8     0x8  strings.o [1]
  .rodata             const    0x000712d0     0x8  strings.o [1]
  .rodata             const    0x000712d8     0x8  strings.o [1]
  .rodata             const    0x000712e0     0x8  strings.o [1]
  .rodata             const    0x000712e8     0x8  strings.o [1]
  .rodata             const    0x000712f0     0x8  strings.o [1]
  .rodata             const    0x000712f8     0x8  strings.o [1]
  .rodata             const    0x00071300     0x8  strings.o [1]
  .rodata             const    0x00071308     0x8  strings.o [1]
  .rodata             const    0x00071310     0x8  strings.o [1]
  .rodata             const    0x00071318     0x8  strings.o [1]
  .rodata             const    0x00071320     0x4  strings.o [1]
  .rodata             const    0x00071324     0x4  strings.o [1]
  .rodata             const    0x00071328     0x4  strings.o [1]
  .rodata             const    0x0007132c     0x4  strings.o [1]
  .rodata             const    0x00071330     0x4  strings.o [1]
  .rodata             const    0x00071334     0x4  strings.o [1]
  .rodata             const    0x00071338     0x4  strings.o [1]
  .rodata             const    0x0007133c     0x4  strings.o [1]
  .rodata             const    0x00071340     0x2  strings.o [1]
  Initializer bytes   ro data  0x00071342   0x46d  <for P2 s1>
                             - 0x000717af  0x17af

"P2", part 1 of 4:                          0x354
  P2 s0                        0x10000000   0x351  <Init block>
    .data             inited   0x10000000   0x200  cctalk.o [1]
    __DLIB_PERTHREAD  inited   0x10000200    0x8c  rand.o [3]
    .data             inited   0x1000028c    0x40  menu_operacao.o [1]
    .data             inited   0x100002cc    0x1c  fila_troca_preco.o [1]
    .data             inited   0x100002e8    0x18  BV20.o [1]
    .data             inited   0x10000300    0x18  InterfaceAjusteRelogio.o [1]
    .data             inited   0x10000318    0x10  Supervisao_mdb_bill.o [1]
    .data             inited   0x10000328     0x4  Board.o [1]
    .data             inited   0x1000032c     0x4  Pagamentos.o [1]
    .data             inited   0x10000330     0x4  PlayerWave.o [1]
    .data             inited   0x10000334     0x4  aplicacao.o [1]
    .data             inited   0x10000338     0x4  port.o [1]
    .data             inited   0x1000033c     0x2  BV20.o [1]
    .data             inited   0x1000033e     0x2  BV20.o [1]
    .data             inited   0x10000340     0x2  Potencia.o [1]
    .data             inited   0x10000342     0x2  Potencia.o [1]
    .data             inited   0x10000344     0x2  Supervisao_mdb_bill.o [1]
    .data             inited   0x10000346     0x2  Teclado.o [1]
    .data             inited   0x10000348     0x2  Teclado.o [1]
    .data             inited   0x1000034a     0x1  AmostraAnalogica.o [1]
    .data             inited   0x1000034b     0x1  BV20.o [1]
    .data             inited   0x1000034c     0x1  BV20.o [1]
    .data             inited   0x1000034d     0x1  BV20.o [1]
    .data             inited   0x1000034e     0x1  Board.o [1]
    .data             inited   0x1000034f     0x1  Supervisao_mdb_bill.o [1]
    .data             inited   0x10000350     0x1  Supervisao_mdb_bill.o [1]
                             - 0x10000351   0x351

"P2", part 2 of 4:                         0x1504
  P2 s1                        0x10000354  0x1500  <Init block>
    .data             inited   0x10000354   0x1c0  strings.o [1]
    .data             inited   0x10000514   0x1c0  strings.o [1]
    .data             inited   0x100006d4   0x118  strings.o [1]
    .data             inited   0x100007ec    0xe0  strings.o [1]
    .data             inited   0x100008cc    0xc4  strings.o [1]
    .data             inited   0x10000990    0xc4  strings.o [1]
    .data             inited   0x10000a54    0xa8  strings.o [1]
    .data             inited   0x10000afc    0xa8  strings.o [1]
    .data             inited   0x10000ba4    0xa8  strings.o [1]
    .data             inited   0x10000c4c    0x8c  strings.o [1]
    .data             inited   0x10000cd8    0x70  strings.o [1]
    .data             inited   0x10000d48    0x54  strings.o [1]
    .data             inited   0x10000d9c    0x54  strings.o [1]
    .data             inited   0x10000df0    0x38  strings.o [1]
    .data             inited   0x10000e28    0x38  strings.o [1]
    .data             inited   0x10000e60    0x38  strings.o [1]
    .data             inited   0x10000e98    0x38  strings.o [1]
    .data             inited   0x10000ed0    0x38  strings.o [1]
    .data             inited   0x10000f08    0x38  strings.o [1]
    .data             inited   0x10000f40    0x38  strings.o [1]
    .data             inited   0x10000f78    0x38  strings.o [1]
    .data             inited   0x10000fb0    0x38  strings.o [1]
    .data             inited   0x10000fe8    0x38  strings.o [1]
    .data             inited   0x10001020    0x38  strings.o [1]
    .data             inited   0x10001058    0x38  strings.o [1]
    .data             inited   0x10001090    0x38  strings.o [1]
    .data             inited   0x100010c8    0x38  strings.o [1]
    .data             inited   0x10001100    0x38  strings.o [1]
    .data             inited   0x10001138    0x38  strings.o [1]
    .data             inited   0x10001170    0x38  strings.o [1]
    .data             inited   0x100011a8    0x38  strings.o [1]
    .data             inited   0x100011e0    0x38  strings.o [1]
    .data             inited   0x10001218    0x38  strings.o [1]
    .data             inited   0x10001250    0x38  strings.o [1]
    .data             inited   0x10001288    0x1c  strings.o [1]
    .data             inited   0x100012a4    0x1c  strings.o [1]
    .data             inited   0x100012c0    0x1c  strings.o [1]
    .data             inited   0x100012dc    0x1c  strings.o [1]
    .data             inited   0x100012f8    0x1c  strings.o [1]
    .data             inited   0x10001314    0x1c  strings.o [1]
    .data             inited   0x10001330    0x1c  strings.o [1]
    .data             inited   0x1000134c    0x1c  strings.o [1]
    .data             inited   0x10001368    0x1c  strings.o [1]
    .data             inited   0x10001384    0x1c  strings.o [1]
    .data             inited   0x100013a0    0x1c  strings.o [1]
    .data             inited   0x100013bc    0x1c  strings.o [1]
    .data             inited   0x100013d8    0x1c  strings.o [1]
    .data             inited   0x100013f4    0x1c  strings.o [1]
    .data             inited   0x10001410    0x1c  strings.o [1]
    .data             inited   0x1000142c    0x1c  strings.o [1]
    .data             inited   0x10001448    0x1c  strings.o [1]
    .data             inited   0x10001464    0x1c  strings.o [1]
    .data             inited   0x10001480    0x1c  strings.o [1]
    .data             inited   0x1000149c    0x1c  strings.o [1]
    .data             inited   0x100014b8    0x1c  strings.o [1]
    .data             inited   0x100014d4    0x1c  strings.o [1]
    .data             inited   0x100014f0    0x1c  strings.o [1]
    .data             inited   0x1000150c    0x1c  strings.o [1]
    .data             inited   0x10001528    0x1c  strings.o [1]
    .data             inited   0x10001544    0x1c  strings.o [1]
    .data             inited   0x10001560    0x1c  strings.o [1]
    .data             inited   0x1000157c    0x1c  strings.o [1]
    .data             inited   0x10001598    0x1c  strings.o [1]
    .data             inited   0x100015b4    0x1c  strings.o [1]
    .data             inited   0x100015d0    0x1c  strings.o [1]
    .data             inited   0x100015ec    0x1c  strings.o [1]
    .data             inited   0x10001608    0x1c  strings.o [1]
    .data             inited   0x10001624    0x1c  strings.o [1]
    .data             inited   0x10001640    0x1c  strings.o [1]
    .data             inited   0x1000165c    0x1c  strings.o [1]
    .data             inited   0x10001678    0x1c  strings.o [1]
    .data             inited   0x10001694    0x1c  strings.o [1]
    .data             inited   0x100016b0    0x1c  strings.o [1]
    .data             inited   0x100016cc    0x1c  strings.o [1]
    .data             inited   0x100016e8    0x1c  strings.o [1]
    .data             inited   0x10001704    0x1c  strings.o [1]
    .data             inited   0x10001720    0x1c  strings.o [1]
    .data             inited   0x1000173c    0x1c  strings.o [1]
    .data             inited   0x10001758    0x1c  strings.o [1]
    .data             inited   0x10001774    0x1c  strings.o [1]
    .data             inited   0x10001790    0x1c  strings.o [1]
    .data             inited   0x100017ac    0x1c  strings.o [1]
    .data             inited   0x100017c8    0x1c  strings.o [1]
    .data             inited   0x100017e4    0x1c  strings.o [1]
    .data             inited   0x10001800    0x1c  strings.o [1]
    .data             inited   0x1000181c    0x1c  strings.o [1]
    .data             inited   0x10001838    0x1c  strings.o [1]
                             - 0x10001854  0x1500

"P2", part 3 of 4:                         0x5ed0
  .bss                zero     0x10001858  0x4800  heap_1.o [1]
  .bss                zero     0x10006058  0x1000  memoryWrapper.o [1]
  .bss                zero     0x10007058   0x100  Protocolo.o [1]
  .bss                zero     0x10007158   0x100  Protocolo.o [1]
  .bss                zero     0x10007258   0x100  Protocolo.o [1]
  .bss                zero     0x10007358    0x80  parametros.o [1]
  .bss                zero     0x100073d8    0x64  tasks.o [1]
  .bss                zero     0x1000743c    0x40  cctalk.o [1]
  .bss                zero     0x1000747c    0x40  cctalk.o [1]
  .bss                zero     0x100074bc    0x34  mdb_uart.o [1]
  .bss                zero     0x100074f0    0x24  mdb.o [1]
  .bss                zero     0x10007514    0x20  AmostraAnalogica.o [1]
  .bss                zero     0x10007534    0x20  AmostraAnalogica.o [1]
  .bss                zero     0x10007554    0x20  Board.o [1]
  .bss                zero     0x10007574    0x20  Supervisao_mdb_bill.o [1]
  .bss                zero     0x10007594    0x14  tasks.o [1]
  .bss                zero     0x100075a8    0x14  tasks.o [1]
  .bss                zero     0x100075bc    0x14  tasks.o [1]
  .bss                zero     0x100075d0    0x14  tasks.o [1]
  .bss                zero     0x100075e4    0x14  tasks.o [1]
  .bss                zero     0x100075f8    0x10  aplicacao.o [1]
  .bss                zero     0x10007608     0x8  Board.o [1]
  .bss                zero     0x10007610     0x8  Potencia.o [1]
  .bss                zero     0x10007618     0x8  Teclado.o [1]
  .bss                zero     0x10007620     0x4  AmostraAnalogica.o [1]
  .bss                zero     0x10007624     0x4  AmostraAnalogica.o [1]
  .bss                zero     0x10007628     0x4  BV20.o [1]
  .bss                zero     0x1000762c     0x4  BV20.o [1]
  .bss                zero     0x10007630     0x4  Board.o [1]
  .bss                zero     0x10007634     0x4  Board.o [1]
  .bss                zero     0x10007638     0x4  Board.o [1]
  .bss                zero     0x1000763c     0x4  Board.o [1]
  .bss                zero     0x10007640     0x4  Pagamentos.o [1]
  .bss                zero     0x10007644     0x4  Pagamentos.o [1]
  .bss                zero     0x10007648     0x4  Pagamentos.o [1]
  .bss                zero     0x1000764c     0x4  PlayerWave.o [1]
  .bss                zero     0x10007650     0x4  Potencia.o [1]
  .bss                zero     0x10007654     0x4  Potencia.o [1]
  .bss                zero     0x10007658     0x4  Potencia.o [1]
  .bss                zero     0x1000765c     0x4  Potencia.o [1]
  .bss                zero     0x10007660     0x4  Potencia.o [1]
  .bss                zero     0x10007664     0x4  Potencia.o [1]
  .bss                zero     0x10007668     0x4  Potencia.o [1]
  .bss                zero     0x1000766c     0x4  Potencia.o [1]
  .bss                zero     0x10007670     0x4  Potencia.o [1]
  .bss                zero     0x10007674     0x4  Preparacao.o [1]
  .bss                zero     0x10007678     0x4  Preparacao.o [1]
  .bss                zero     0x1000767c     0x4  Preparacao.o [1]
  .bss                zero     0x10007680     0x4  Preparacao.o [1]
  .bss                zero     0x10007684     0x4  Supervisao_MDB.o [1]
  .bss                zero     0x10007688     0x4  Teclado.o [1]
  .bss                zero     0x1000768c     0x4  WH1602_2.o [1]
  .bss                zero     0x10007690     0x4  aplicacao.o [1]
  .bss                zero     0x10007694     0x4  aplicacao.o [1]
  .bss                zero     0x10007698     0x4  heap_1.o [1]
  .bss                zero     0x1000769c     0x4  mdb_uart.o [1]
  .bss                zero     0x100076a0     0x4  memoryWrapper.o [1]
  .bss                zero     0x100076a4     0x4  supervisao_mdb_cashless.o [1]
  .bss                zero     0x100076a8     0x4  tasks.o [1]
  .bss                zero     0x100076ac     0x4  tasks.o [1]
  .bss                zero     0x100076b0     0x4  tasks.o [1]
  .bss                zero     0x100076b4     0x4  tasks.o [1]
  .bss                zero     0x100076b8     0x4  tasks.o [1]
  .bss                zero     0x100076bc     0x4  tasks.o [1]
  .bss                zero     0x100076c0     0x4  tasks.o [1]
  .bss                zero     0x100076c4     0x4  tasks.o [1]
  .bss                zero     0x100076c8     0x4  tasks.o [1]
  .bss                zero     0x100076cc     0x4  tasks.o [1]
  .bss                zero     0x100076d0     0x4  tasks.o [1]
  .bss                zero     0x100076d4     0x4  tasks.o [1]
  .bss                zero     0x100076d8     0x4  tasks.o [1]
  .bss                zero     0x100076dc     0x4  tasks.o [1]
  .bss                zero     0x100076e0     0x4  tela_senha.o [1]
  .bss                zero     0x100076e4     0x2  BV20.o [1]
  .bss                zero     0x100076e6     0x2  Pagamentos.o [1]
  .bss                zero     0x100076e8     0x2  Pagamentos.o [1]
  .bss                zero     0x100076ea     0x2  Pagamentos.o [1]
  .bss                zero     0x100076ec     0x2  Pagamentos.o [1]
  .bss                zero     0x100076ee     0x2  PlayerWave.o [1]
  .bss                zero     0x100076f0     0x2  PlayerWave.o [1]
  .bss                zero     0x100076f2     0x2  Potencia.o [1]
  .bss                zero     0x100076f4     0x2  Supervisao_mdb_bill.o [1]
  .bss                zero     0x100076f6     0x2  Supervisao_mdb_bill.o [1]
  .bss                zero     0x100076f8     0x2  Supervisao_mdb_bill.o [1]
  .bss                zero     0x100076fa     0x2  Supervisao_mdb_bill.o [1]
  .bss                zero     0x100076fc     0x2  Supervisao_mdb_coin.o [1]
  .bss                zero     0x100076fe     0x1  AmostraAnalogica.o [1]
  .bss                zero     0x100076ff     0x1  AmostraAnalogica.o [1]
  .bss                zero     0x10007700     0x1  AmostraAnalogica.o [1]
  .bss                zero     0x10007701     0x1  BV20.o [1]
  .bss                zero     0x10007702     0x1  BV20.o [1]
  .bss                zero     0x10007703     0x1  BV20.o [1]
  .bss                zero     0x10007704     0x1  BV20.o [1]
  .bss                zero     0x10007705     0x1  Board.o [1]
  .bss                zero     0x10007706     0x1  Board.o [1]
  .bss                zero     0x10007707     0x1  ControleTemperatura.o [1]
  .bss                zero     0x10007708     0x1  Potencia.o [1]
  .bss                zero     0x10007709     0x1  Protocolo.o [1]
  .bss                zero     0x1000770a     0x1  Protocolo.o [1]
  .bss                zero     0x1000770b     0x1  Protocolo.o [1]
  .bss                zero     0x1000770c     0x1  Protocolo.o [1]
  .bss                zero     0x1000770d     0x1  Protocolo.o [1]
  .bss                zero     0x1000770e     0x1  Supervisao_mdb_bill.o [1]
  .bss                zero     0x1000770f     0x1  Supervisao_mdb_bill.o [1]
  .bss                zero     0x10007710     0x1  Supervisao_mdb_bill.o [1]
  .bss                zero     0x10007711     0x1  Supervisao_mdb_bill.o [1]
  .bss                zero     0x10007712     0x1  Supervisao_mdb_bill.o [1]
  .bss                zero     0x10007713     0x1  Supervisao_mdb_coin.o [1]
  .bss                zero     0x10007714     0x1  Supervisao_mdb_coin.o [1]
  .bss                zero     0x10007715     0x1  Teclado.o [1]
  .bss                zero     0x10007716     0x1  Teclado.o [1]
  .bss                zero     0x10007717     0x1  WH1602.o [1]
  .bss                zero     0x10007718     0x1  WH1602_2.o [1]
  .bss                zero     0x10007719     0x1  aplicacao.o [1]
  .bss                zero     0x1000771a     0x1  cctalk.o [1]
  .bss                zero     0x1000771b     0x1  cctalk.o [1]
  .bss                zero     0x1000771c     0x1  cctalk.o [1]
  .bss                zero     0x1000771d     0x1  leds.o [1]
  .bss                zero     0x1000771e     0x1  mdb_uart.o [1]
  .bss                zero     0x1000771f     0x1  mdb_uart.o [1]
  .bss                zero     0x10007720     0x1  mdb_uart.o [1]
  .bss                zero     0x10007721     0x1  mdb_uart.o [1]
  .bss                zero     0x10007722     0x1  spi_wrapper.o [1]
                             - 0x10007723  0x5ecb

"P2", part 4 of 4:                          0x300
  CSTACK                       0x10007728   0x300  <Block>
    CSTACK            uninit   0x10007728   0x300  <Block tail>
                             - 0x10007a28   0x300

Absolute sections, part 1 of 45:              0x4
  .noinit             uninit   0x2009c000     0x4  spi_wrapper.o [1]
                             - 0x2009c004     0x4

Absolute sections, part 2 of 45:             0x10
  .noinit             uninit   0x2009c014     0x4  Board.o [1]
  .noinit             uninit   0x2009c018     0x4  uart.o [1]
  .noinit             uninit   0x2009c01c     0x4  uart.o [1]
  .noinit             uninit   0x2009c020     0x4  serial_mux.o [1]
                             - 0x2009c024    0x10

Absolute sections, part 3 of 45:             0x10
  .noinit             uninit   0x2009c034     0x4  Teclado.o [1]
  .noinit             uninit   0x2009c038     0x4  serial_mux.o [1]
  .noinit             uninit   0x2009c03c     0x4  serial_mux.o [1]
  .noinit             uninit   0x2009c040     0x4  WH1602_2.o [1]
                             - 0x2009c044    0x10

Absolute sections, part 4 of 45:              0x8
  .noinit             uninit   0x2009c058     0x4  WH1602_2.o [1]
  .noinit             uninit   0x2009c05c     0x4  WH1602_2.o [1]
                             - 0x2009c060     0x8

Absolute sections, part 5 of 45:              0x4
  .noinit             uninit   0x2009c074     0x4  Teclado.o [1]
                             - 0x2009c078     0x4

Absolute sections, part 6 of 45:              0x4
  .noinit             uninit   0x2009c080     0x4  Board.o [1]
                             - 0x2009c084     0x4

Absolute sections, part 7 of 45:              0x8
  .noinit             uninit   0x2009c098     0x4  Board.o [1]
  .noinit             uninit   0x2009c09c     0x4  Board.o [1]
                             - 0x2009c0a0     0x8

Absolute sections, part 8 of 45:             0x10
  .noinit             uninit   0x40004000     0x4  PlayerWave.o [1]
  .noinit             uninit   0x40004004     0x4  PlayerWave.o [1]
  .noinit             uninit   0x40004008     0x4  PlayerWave.o [1]
  .noinit             uninit   0x4000400c     0x4  PlayerWave.o [1]
                             - 0x40004010    0x10

Absolute sections, part 9 of 45:              0x8
  .noinit             uninit   0x40004014     0x4  PlayerWave.o [1]
  .noinit             uninit   0x40004018     0x4  PlayerWave.o [1]
                             - 0x4000401c     0x8

Absolute sections, part 10 of 45:             0x4
  .noinit             uninit   0x4000403c     0x4  PlayerWave.o [1]
                             - 0x40004040     0x4

Absolute sections, part 11 of 45:             0x4
  .noinit             uninit   0x40004070     0x4  PlayerWave.o [1]
                             - 0x40004074     0x4

Absolute sections, part 12 of 45:             0x8
  .noinit             uninit   0x40008000     0x4  Potencia.o [1]
  .noinit             uninit   0x40008004     0x4  Potencia.o [1]
                             - 0x40008008     0x8

Absolute sections, part 13 of 45:             0x4
  .noinit             uninit   0x4000800c     0x4  Potencia.o [1]
                             - 0x40008010     0x4

Absolute sections, part 14 of 45:             0x8
  .noinit             uninit   0x40008028     0x4  Potencia.o [1]
  .noinit             uninit   0x4000802c     0x4  Potencia.o [1]
                             - 0x40008030     0x8

Absolute sections, part 15 of 45:             0x4
  .noinit             uninit   0x40008070     0x4  Potencia.o [1]
                             - 0x40008074     0x4

Absolute sections, part 16 of 45:             0x1
  .noinit             uninit   0x4000c000     0x1  uart.o [1]
                             - 0x4000c001     0x1

Absolute sections, part 17 of 45:             0x9
  .noinit             uninit   0x4000c004     0x4  uart.o [1]
  .noinit             uninit   0x4000c008     0x4  uart.o [1]
  .noinit             uninit   0x4000c00c     0x1  uart.o [1]
                             - 0x4000c00d     0x9

Absolute sections, part 18 of 45:             0x1
  .noinit             uninit   0x4000c014     0x1  cctalk.o [1]
                             - 0x4000c015     0x1

Absolute sections, part 19 of 45:             0x1
  .noinit             uninit   0x40010000     0x1  uart.o [1]
                             - 0x40010001     0x1

Absolute sections, part 20 of 45:             0x9
  .noinit             uninit   0x40010004     0x4  uart.o [1]
  .noinit             uninit   0x40010008     0x4  uart.o [1]
  .noinit             uninit   0x4001000c     0x1  uart.o [1]
                             - 0x4001000d     0x9

Absolute sections, part 21 of 45:             0x4
  .noinit             uninit   0x40024008     0x4  RTC.o [1]
                             - 0x4002400c     0x4

Absolute sections, part 22 of 45:            0x10
  .noinit             uninit   0x40024020     0x4  RTC.o [1]
  .noinit             uninit   0x40024024     0x4  RTC.o [1]
  .noinit             uninit   0x40024028     0x4  RTC.o [1]
  .noinit             uninit   0x4002402c     0x4  RTC.o [1]
                             - 0x40024030    0x10

Absolute sections, part 23 of 45:             0x8
  .noinit             uninit   0x40024038     0x4  RTC.o [1]
  .noinit             uninit   0x4002403c     0x4  RTC.o [1]
                             - 0x40024040     0x8

Absolute sections, part 24 of 45:             0x8
  .noinit             uninit   0x4002c000     0x4  uart.o [1]
  .noinit             uninit   0x4002c004     0x4  spi_wrapper.o [1]
                             - 0x4002c008     0x8

Absolute sections, part 25 of 45:             0x8
  .noinit             uninit   0x4002c00c     0x4  Potencia.o [1]
  .noinit             uninit   0x4002c010     0x4  uart.o [1]
                             - 0x4002c014     0x8

Absolute sections, part 26 of 45:             0x8
  .noinit             uninit   0x40034000     0x4  AmostraAnalogica.o [1]
  .noinit             uninit   0x40034004     0x4  AmostraAnalogica.o [1]
                             - 0x40034008     0x8

Absolute sections, part 27 of 45:            0x14
  .noinit             uninit   0x40088000     0x4  spi_wrapper.o [1]
  .noinit             uninit   0x40088004     0x4  spi_wrapper.o [1]
  .noinit             uninit   0x40088008     0x4  spi_wrapper.o [1]
  .noinit             uninit   0x4008800c     0x4  spi_wrapper.o [1]
  .noinit             uninit   0x40088010     0x4  spi_wrapper.o [1]
                             - 0x40088014    0x14

Absolute sections, part 28 of 45:             0x4
  .noinit             uninit   0x4008c000     0x4  PlayerWave.o [1]
                             - 0x4008c004     0x4

Absolute sections, part 29 of 45:            0x10
  .noinit             uninit   0x40090000     0x4  Potencia.o [1]
  .noinit             uninit   0x40090004     0x4  Potencia.o [1]
  .noinit             uninit   0x40090008     0x4  Potencia.o [1]
  .noinit             uninit   0x4009000c     0x4  Potencia.o [1]
                             - 0x40090010    0x10

Absolute sections, part 30 of 45:             0x8
  .noinit             uninit   0x40090014     0x4  Potencia.o [1]
  .noinit             uninit   0x40090018     0x4  Potencia.o [1]
                             - 0x4009001c     0x8

Absolute sections, part 31 of 45:             0x4
  .noinit             uninit   0x4009003c     0x4  Potencia.o [1]
                             - 0x40090040     0x4

Absolute sections, part 32 of 45:             0x4
  .noinit             uninit   0x40090070     0x4  Potencia.o [1]
                             - 0x40090074     0x4

Absolute sections, part 33 of 45:             0x1
  .noinit             uninit   0x40098000     0x1  uart.o [1]
                             - 0x40098001     0x1

Absolute sections, part 34 of 45:             0x9
  .noinit             uninit   0x40098004     0x4  uart.o [1]
  .noinit             uninit   0x40098008     0x4  uart.o [1]
  .noinit             uninit   0x4009800c     0x1  uart.o [1]
                             - 0x4009800d     0x9

Absolute sections, part 35 of 45:             0x1
  .noinit             uninit   0x40098014     0x1  mdb_uart.o [1]
                             - 0x40098015     0x1

Absolute sections, part 36 of 45:             0x1
  .noinit             uninit   0x4009c000     0x1  uart.o [1]
                             - 0x4009c001     0x1

Absolute sections, part 37 of 45:             0x9
  .noinit             uninit   0x4009c004     0x4  uart.o [1]
  .noinit             uninit   0x4009c008     0x4  uart.o [1]
  .noinit             uninit   0x4009c00c     0x1  uart.o [1]
                             - 0x4009c00d     0x9

Absolute sections, part 38 of 45:             0x1
  .noinit             uninit   0x4009c014     0x1  uart.o [1]
[...]
STRING_titulo_menu_teste_vozes
                        0x10001704    0x1c  Data  Gb  strings.o [1]
STRING_titulo_padrao_fabrica
                        0x100017c8    0x1c  Data  Gb  strings.o [1]
STRING_titulo_teste_bill_mdb
                        0x10001544    0x1c  Data  Gb  strings.o [1]
STRING_titulo_teste_coin_changer_mdb
                        0x1000157c    0x1c  Data  Gb  strings.o [1]
STRING_titulo_teste_coin_mdb
                        0x10001560    0x1c  Data  Gb  strings.o [1]
STRING_titulo_teste_devices_mdb
                        0x10001528    0x1c  Data  Gb  strings.o [1]
STRING_titulo_teste_hardware
                        0x100012a4    0x1c  Data  Gb  strings.o [1]
STRING_titulo_teste_impresora
                        0x10000e60    0x38  Data  Gb  strings.o [1]
STRING_titulo_teste_lcd_externo
                        0x100015b4    0x1c  Data  Gb  strings.o [1]
STRING_write_to_external
                        0x00070055    0x54  Code  Gb  strings.o [1]
STRING_write_to_internal
                        0x00070001    0x54  Code  Gb  strings.o [1]
SVC_Handler             0x0000d831          Code  Wk  cstartup_M.o [1]
SysTick_Handler         0x0000d83d          Code  Wk  cstartup_M.o [1]
T0MR0                   0x40004018     0x4  Data  Gb  PlayerWave.o [1]
T0PR                    0x4000400c     0x4  Data  Gb  PlayerWave.o [1]
T0TC                    0x40004008     0x4  Data  Gb  PlayerWave.o [1]
T1CR0                   0x4000802c     0x4  Data  Gb  Potencia.o [1]
T1PR                    0x4000800c     0x4  Data  Gb  Potencia.o [1]
T2MR0                   0x40090018     0x4  Data  Gb  Potencia.o [1]
T2PR                    0x4009000c     0x4  Data  Gb  Potencia.o [1]
T2TC                    0x40090008     0x4  Data  Gb  Potencia.o [1]
TABTERM_curva_maximo    0x0000c7e0   0x168  Data  Gb  AmostraAnalogica.o [1]
TABTERM_curva_minimo    0x0000c678   0x168  Data  Gb  AmostraAnalogica.o [1]
TECLADO_bufferAmostragem
                        0x10007618     0x8  Data  Gb  Teclado.o [1]
TECLADO_contadorRepeticao
                        0x10000346     0x2  Data  Gb  Teclado.o [1]
TECLADO_contadorTimeout
                        0x10007688     0x4  Data  Gb  Teclado.o [1]
TECLADO_getContadorInatividade
                        0x00004a3d     0x6  Code  Gb  Teclado.o [1]
TECLADO_getch           0x0000496f    0xce  Code  Gb  Teclado.o [1]
TECLADO_timerTick       0x0000486d   0x102  Code  Gb  Teclado.o [1]
TELASENHA_checa_contrasenha
                        0x0000b3a3   0x16a  Code  Gb  tela_senha.o [1]
TELASENHA_get_senha     0x0000b297   0x10c  Code  Gb  tela_senha.o [1]
TELASENHA_telaSenha     0x0000b155   0x142  Code  Gb  tela_senha.o [1]
TMR0_IRQHandler         0x0000d845          Code  Wk  cstartup_M.o [1]
TMR1_IRQHandler         0x0000d849          Code  Wk  cstartup_M.o [1]
TMR2_IRQHandler         0x0000d84d          Code  Wk  cstartup_M.o [1]
TMR3_IRQHandler         0x0000d851          Code  Wk  cstartup_M.o [1]
U0RBRTHR                0x4000c000     0x1  Data  Gb  uart.o [1]
U1RBRTHR                0x40010000     0x1  Data  Gb  uart.o [1]
U2RBRTHR                0x40098000     0x1  Data  Gb  uart.o [1]
U3RBRTHR                0x4009c000     0x1  Data  Gb  uart.o [1]
UART0_IRQHandler        0x0000d855          Code  Wk  cstartup_M.o [1]
UART1_IRQHandler        0x0000d859          Code  Wk  cstartup_M.o [1]
UART2_IRQHandler        0x0000d85d          Code  Wk  cstartup_M.o [1]
UART3_IRQHandler        0x0000d861          Code  Wk  cstartup_M.o [1]
UART_init               0x000088e1   0x236  Code  Gb  uart.o [1]
USB_IRQHandler          0x0000d8a1          Code  Wk  cstartup_M.o [1]
UsageFault_Handler      0x0000d82d          Code  Wk  cstartup_M.o [1]
WDT_IRQHandler          0x0000d841          Code  Wk  cstartup_M.o [1]
_A_AD0CR                0x40034000     0x4  Data  Gb  AmostraAnalogica.o [1]
_A_AD0GDR               0x40034004     0x4  Data  Gb  AmostraAnalogica.o [1]
_A_CLRPEND0             0xe000e280     0x4  Data  Gb  uart.o [1]
_A_DACR                 0x4008c000     0x4  Data  Gb  PlayerWave.o [1]
_A_EXTINT               0x400fc140     0x4  Data  Gb  Potencia.o [1]
_A_EXTMODE              0x400fc148     0x4  Data  Gb  Potencia.o [1]
_A_EXTPOLAR             0x400fc14c     0x4  Data  Gb  Potencia.o [1]
_A_FIO0CLR              0x2009c01c     0x4  Data  Gb  uart.o [1]
_A_FIO0DIR              0x2009c000     0x4  Data  Gb  spi_wrapper.o [1]
_A_FIO0PIN              0x2009c014     0x4  Data  Gb  Board.o [1]
_A_FIO0SET              0x2009c018     0x4  Data  Gb  uart.o [1]
_A_FIO1CLR              0x2009c03c     0x4  Data  Gb  serial_mux.o [1]
_A_FIO1DIR              0x2009c020     0x4  Data  Gb  serial_mux.o [1]
_A_FIO1PIN              0x2009c034     0x4  Data  Gb  Teclado.o [1]
_A_FIO1SET              0x2009c038     0x4  Data  Gb  serial_mux.o [1]
_A_FIO2CLR              0x2009c05c     0x4  Data  Gb  WH1602_2.o [1]
_A_FIO2DIR              0x2009c040     0x4  Data  Gb  WH1602_2.o [1]
_A_FIO2SET              0x2009c058     0x4  Data  Gb  WH1602_2.o [1]
_A_FIO3PIN              0x2009c074     0x4  Data  Gb  Teclado.o [1]
_A_FIO4CLR              0x2009c09c     0x4  Data  Gb  Board.o [1]
_A_FIO4DIR              0x2009c080     0x4  Data  Gb  Board.o [1]
_A_FIO4SET              0x2009c098     0x4  Data  Gb  Board.o [1]
_A_IP0                  0xe000e400     0x4  Data  Gb  Potencia.o [1]
_A_IP1                  0xe000e404     0x4  Data  Gb  uart.o [1]
_A_IP2                  0xe000e408     0x4  Data  Gb  uart.o [1]
_A_PCLKSEL0             0x400fc1a8     0x4  Data  Gb  uart.o [1]
_A_PCLKSEL1             0x400fc1ac     0x4  Data  Gb  uart.o [1]
_A_PCONP                0x400fc0c4     0x4  Data  Gb  uart.o [1]
_A_PINSEL0              0x4002c000     0x4  Data  Gb  uart.o [1]
_A_PINSEL1              0x4002c004     0x4  Data  Gb  spi_wrapper.o [1]
_A_PINSEL3              0x4002c00c     0x4  Data  Gb  Potencia.o [1]
_A_PINSEL4              0x4002c010     0x4  Data  Gb  uart.o [1]
_A_RTCCCR               0x40024008     0x4  Data  Gb  RTC.o [1]
_A_RTCDOM               0x4002402c     0x4  Data  Gb  RTC.o [1]
_A_RTCHOUR              0x40024028     0x4  Data  Gb  RTC.o [1]
_A_RTCMIN               0x40024024     0x4  Data  Gb  RTC.o [1]
_A_RTCMONTH             0x40024038     0x4  Data  Gb  RTC.o [1]
_A_RTCSEC               0x40024020     0x4  Data  Gb  RTC.o [1]
_A_RTCYEAR              0x4002403c     0x4  Data  Gb  RTC.o [1]
_A_SETENA0              0xe000e100     0x4  Data  Gb  uart.o [1]
_A_SSP0CPSR             0x40088010     0x4  Data  Gb  spi_wrapper.o [1]
_A_SSP0CR0              0x40088000     0x4  Data  Gb  spi_wrapper.o [1]
_A_SSP0CR1              0x40088004     0x4  Data  Gb  spi_wrapper.o [1]
_A_SSP0DR               0x40088008     0x4  Data  Gb  spi_wrapper.o [1]
_A_SSP0SR               0x4008800c     0x4  Data  Gb  spi_wrapper.o [1]
_A_T0CTCR               0x40004070     0x4  Data  Gb  PlayerWave.o [1]
_A_T0EMR                0x4000403c     0x4  Data  Gb  PlayerWave.o [1]
_A_T0IR                 0x40004000     0x4  Data  Gb  PlayerWave.o [1]
_A_T0MCR                0x40004014     0x4  Data  Gb  PlayerWave.o [1]
_A_T0TCR                0x40004004     0x4  Data  Gb  PlayerWave.o [1]
_A_T1CCR                0x40008028     0x4  Data  Gb  Potencia.o [1]
_A_T1CTCR               0x40008070     0x4  Data  Gb  Potencia.o [1]
_A_T1IR                 0x40008000     0x4  Data  Gb  Potencia.o [1]
_A_T1TCR                0x40008004     0x4  Data  Gb  Potencia.o [1]
_A_T2CTCR               0x40090070     0x4  Data  Gb  Potencia.o [1]
_A_T2EMR                0x4009003c     0x4  Data  Gb  Potencia.o [1]
_A_T2IR                 0x40090000     0x4  Data  Gb  Potencia.o [1]
_A_T2MCR                0x40090014     0x4  Data  Gb  Potencia.o [1]
_A_T2TCR                0x40090004     0x4  Data  Gb  Potencia.o [1]
_A_U0FCR                0x4000c008     0x4  Data  Gb  uart.o [1]
_A_U0IER                0x4000c004     0x4  Data  Gb  uart.o [1]
_A_U0LCR                0x4000c00c     0x1  Data  Gb  uart.o [1]
_A_U0LSR                0x4000c014     0x1  Data  Gb  cctalk.o [1]
_A_U1FCR                0x40010008     0x4  Data  Gb  uart.o [1]
_A_U1IER                0x40010004     0x4  Data  Gb  uart.o [1]
_A_U1LCR                0x4001000c     0x1  Data  Gb  uart.o [1]
_A_U2FCR                0x40098008     0x4  Data  Gb  uart.o [1]
_A_U2IER                0x40098004     0x4  Data  Gb  uart.o [1]
_A_U2LCR                0x4009800c     0x1  Data  Gb  uart.o [1]
_A_U2LSR                0x40098014     0x1  Data  Gb  mdb_uart.o [1]
_A_U3FCR                0x4009c008     0x4  Data  Gb  uart.o [1]
_A_U3IER                0x4009c004     0x4  Data  Gb  uart.o [1]
_A_U3LCR                0x4009c00c     0x1  Data  Gb  uart.o [1]
_A_U3LSR                0x4009c014     0x1  Data  Gb  uart.o [1]
_GenldFullNoMb          0x00000d4d   0x260  Code  Lc  xprintffull_nomb.o [3]
_LdtobFullNoMb          0x0000095d   0x3ea  Code  Lc  xprintffull_nomb.o [3]
_LitobFullNoMb          0x0000084b   0x10c  Code  Lc  xprintffull_nomb.o [3]
_PrintfFullNoMb         0x00000301   0x544  Code  Gb  xprintffull_nomb.o [3]
_PutcharsFullNoMb       0x00000fad    0x2e  Code  Lc  xprintffull_nomb.o [3]
_Rand_idx               0x10000208     0x4  Data  Lc  rand.o [3]
_Rand_rv                0x1000020c    0x80  Data  Lc  rand.o [3]
_Randinit               0x10000200     0x1  Data  Gb  rand.o [3]
_Randseed               0x10000204     0x4  Data  Gb  rand.o [3]
_SProut                 0x0000102f     0xa  Code  Gb  xsprout.o [3]
__aeabi_cdcmple         0x00001271          Code  Gb  DblCmpLe.o [4]
__aeabi_cdrcmple        0x000012a1          Code  Gb  DblCmpGe.o [4]
__aeabi_d2iz            0x000013dd          Code  Gb  DblToI32.o [4]
__aeabi_d2uiz           0x00001409          Code  Gb  DblToI32.o [4]
__aeabi_ddiv            0x00001789          Code  Gb  DblDiv.o [4]
__aeabi_dmul            0x000015e5          Code  Gb  DblMul.o [4]
__aeabi_dsub            0x00001465          Code  Gb  DblSub.o [4]
__aeabi_i2d             0x00001435          Code  Gb  I32ToDbl.o [4]
__aeabi_ldiv0           0x000019dd          Code  Gb  I64DivZer.o [5]
__aeabi_memclr4         0x000097b1          Code  Gb  ABImemclr4.o [5]
__aeabi_memcpy          0x000011b9          Code  Gb  ABImemcpy.o [5]
__aeabi_memcpy4         0x000011d9          Code  Gb  ABImemcpy.o [5]
__aeabi_memcpy8         0x000011d9          Code  Gb  ABImemcpy.o [5]
__aeabi_memset          0x00008b7d          Code  Gb  ABImemset.o [5]
__aeabi_ui2d            0x00001449          Code  Gb  I32ToDbl.o [4]
__aeabi_uldivmod        0x000010c9          Code  Gb  I64DivMod.o [5]
__cmain                 0x0000d26d          Code  Gb  cmain.o [5]
__exit                  0x0000c4c5    0x14  Code  Gb  exit.o [6]
__iar_Dnorm             0x0000122f    0x42  Code  Gb  xdnorm.o [4]
__iar_Dscale            0x000012d1   0x10c  Code  Gb  xdscale.o [4]
__iar_Memchr            0x00001071          Code  Gb  memchr.o [5]
__iar_Memset            0x00008b7d          Code  Gb  ABImemset.o [5]
__iar_Memset4_word      0x00009839          Code  Gb  ABImemset48.o [5]
__iar_Memset8_word      0x00009839          Code  Gb  ABImemset48.o [5]
__iar_Memset_word       0x00008b85          Code  Gb  ABImemset.o [5]
__iar_Strchr            0x00001019          Code  Gb  strchr.o [5]
__iar_d2uiz             0x00001415          Code  Gb  DblToI32.o [4]
__iar_dadd              0x000019e1          Code  Gb  DblAdd.o [4]
__iar_data_init3        0x0000d0c9    0x28  Code  Gb  data_init.o [5]
__iar_dlib_perthread_access
                        0x00009835     0x2  Code  Gb  xtls.o [3]
__iar_dsub              0x00001479          Code  Gb  DblSub.o [4]
__iar_dsubStart         0x0000148b          Code  Gb  DblSub.o [4]
__iar_lz77_init3        0x0000c37b   0x142  Code  Gb  lz77_init.o [5]
__iar_program_start     0x0000d69d          Code  Gb  cstartup_M.o [5]
__iar_ui2d              0x0000144d          Code  Gb  I32ToDbl.o [4]
__iar_zero_init3        0x00000ff7    0x22  Code  Gb  zero_init3.o [5]
__low_level_init        0x0000d283     0x4  Code  Gb  low_level_init.o [3]
__vector_table          0x00000000          Data  Gb  cstartup_M.o [1]
__vector_table_0x1c     0x0000001c          Data  Gb  cstartup_M.o [1]
_call_main              0x0000d279          Code  Gb  cmain.o [5]
_exit                   0x0000d28d          Code  Gb  cexit.o [5]
_main                   0x0000d27f          Code  Gb  cmain.o [5]
abort                   0x0000c4bd     0x6  Code  Gb  abort.o [3]
controleLcd             0x10007717     0x1  Data  Gb  WH1602.o [1]
crc_ccitt_lockup        0x10000000   0x200  Data  Gb  cctalk.o [1]
dadoMusica              0x100076f0     0x2  Data  Gb  PlayerWave.o [1]
div                     0x000019cf     0xe  Code  Gb  div.o [3]
dummy                   0x10007722     0x1  Data  Gb  spi_wrapper.o [1]
enderecoInicialMusica   0x10000330     0x4  Data  Gb  PlayerWave.o [1]
estado_atual            0x1000034b     0x1  Data  Gb  BV20.o [1]
exit                    0x0000d287     0x4  Code  Gb  exit.o [3]
kd_const                0x0000d810     0x4  Data  Gb  Potencia.o [1]
ki_const                0x0000d814     0x4  Data  Gb  Potencia.o [1]
kp_const                0x0000d80c     0x4  Data  Gb  Potencia.o [1]
limites                 0x0000cab4    0x30  Data  Gb  InterfaceAjusteRelogio.o [1]
lowLevelInit            0x00006c4d   0x128  Code  Gb  main.o [1]
main                    0x00006b91    0xbc  Code  Gb  main.o [1]
memchr                  0x00001071          Code  Gb  memchr.o [5]
memcmp                  0x00006ded          Code  Gb  memcmp.o [5]
memcpy                  0x0000664d     0xe  Code  Gb  tela_senha.o [1]
memset                  0x00006f15    0x14  Code  Gb  tasks.o [1]
prvAllocateTCBAndStack  0x00003739    0x44  Code  Lc  tasks.o [1]
prvCheckTasksWaitingTermination
                        0x000036d7    0x62  Code  Lc  tasks.o [1]
prvCopyDataFromQueue    0x00005445    0x2a  Code  Lc  queue.o [1]
prvCopyDataToQueue      0x000053db    0x6a  Code  Lc  queue.o [1]
prvDeleteTCB            0x0000377d    0x12  Code  Lc  tasks.o [1]
prvIdleTask             0x00003651     0x8  Code  Lc  tasks.o [1]
prvInitialiseTCBVariables
                        0x00003659    0x3a  Code  Lc  tasks.o [1]
prvInitialiseTaskLists  0x00003693    0x44  Code  Lc  tasks.o [1]
prvIsQueueEmpty         0x000054d9    0x1e  Code  Lc  queue.o [1]
prvIsQueueFull          0x000054f7    0x20  Code  Lc  queue.o [1]
prvSetupTimerInterrupt  0x00006a3f     0xe  Code  Lc  port.o [1]
prvUnlockQueue          0x0000546f    0x6a  Code  Lc  queue.o [1]
pvPortMalloc            0x00006ebd    0x4e  Code  Gb  heap_1.o [1]
pxCurrentTCB            0x100076a8     0x4  Data  Gb  tasks.o [1]
pxDelayedTaskList       0x100076ac     0x4  Data  Gb  tasks.o [1]
pxOverflowDelayedTaskList
                        0x100076b0     0x4  Data  Gb  tasks.o [1]
pxPortInitialiseStack   0x000069a5    0x1a  Code  Gb  port.o [1]
pxReadyTasksLists       0x100073d8    0x64  Data  Gb  tasks.o [1]
rand                    0x0000b539    0xe0  Code  Gb  rand.o [3]
semDataFlash            0x100076a0     0x4  Data  Gb  memoryWrapper.o [1]
sprintf                 0x00005b65    0x34  Code  Gb  sprintf.o [3]
srand                   0x00009791    0x20  Code  Gb  srand.o [3]
strchr                  0x00001019          Code  Gb  strchr.o [5]
strlen                  0x00001039          Code  Gb  strlen.o [5]
strncpy                 0x00006e51          Code  Gb  strncpy.o [5]
tabela_parametros       0x00001ab4   0xb00  Data  Gb  parametros.o [1]
tamanhoMusica           0x1000764c     0x4  Data  Gb  PlayerWave.o [1]
tamanhos                0x0000d6c0     0x8  Data  Gb  InterfaceAjusteRelogio.o [1]
tracos                  0x10000300    0x18  Data  Gb  InterfaceAjusteRelogio.o [1]
uxCriticalNesting       0x10000338     0x4  Data  Gb  port.o [1]
uxCurrentNumberOfTasks  0x100076b8     0x4  Data  Gb  tasks.o [1]
uxMissedTicks           0x100076d0     0x4  Data  Gb  tasks.o [1]
uxSchedulerSuspended    0x100076cc     0x4  Data  Gb  tasks.o [1]
uxTaskNumber            0x100076dc     0x4  Data  Gb  tasks.o [1]
uxTasksDeleted          0x100076b4     0x4  Data  Gb  tasks.o [1]
uxTopReadyPriority      0x100076c4     0x4  Data  Gb  tasks.o [1]
uxTopUsedPriority       0x100076c0     0x4  Data  Gb  tasks.o [1]
vApplicationStackOverflowHook
                        0x00006de9     0x2  Code  Gb  main.o [1]
vListInitialise         0x00006a69    0x1e  Code  Gb  list.o [1]
vListInitialiseItem     0x00006a87     0x6  Code  Gb  list.o [1]
vListInsert             0x00006aa9    0x36  Code  Gb  list.o [1]
vListInsertEnd          0x00006a8d    0x1c  Code  Gb  list.o [1]
vListRemove             0x00006adf    0x24  Code  Gb  list.o [1]
vPortClearInterruptMask
                        0x00006b4f          Code  Gb  portasm.o [1]
vPortEnterCritical      0x000069f5    0x12  Code  Gb  port.o [1]
vPortExitCritical       0x00006a07    0x1a  Code  Gb  port.o [1]
vPortFree               0x00006f0b     0x2  Code  Gb  heap_1.o [1]
vPortSVCHandler         0x00006b5d          Code  Gb  portasm.o [1]
vPortSetInterruptMask   0x00006b41          Code  Gb  portasm.o [1]
vPortStartFirstTask     0x00006b79          Code  Gb  portasm.o [1]
vPortYieldFromISR       0x000069eb     0xa  Code  Gb  port.o [1]
vSetMSP                 0x00006b05          Code  Gb  portasm.o [1]
vTaskDelay              0x000031eb    0x68  Code  Gb  tasks.o [1]
vTaskIncrementTick      0x00003381    0xc2  Code  Gb  tasks.o [1]
vTaskMissedYield        0x00003645     0x8  Code  Gb  tasks.o [1]
vTaskPlaceOnEventList   0x00003503    0x70  Code  Gb  tasks.o [1]
vTaskPriorityDisinherit
                        0x000037fb    0x44  Code  Gb  tasks.o [1]
vTaskPriorityInherit    0x00003795    0x66  Code  Gb  tasks.o [1]
vTaskSetTimeOutState    0x000035d9     0xe  Code  Gb  tasks.o [1]
vTaskStartScheduler     0x00003253    0x44  Code  Gb  tasks.o [1]
vTaskSuspendAll         0x00003297    0x10  Code  Gb  tasks.o [1]
vTaskSwitchContext      0x00003443    0xc0  Code  Gb  tasks.o [1]
volume                  0x100076ee     0x2  Data  Gb  PlayerWave.o [1]
xDelayedTaskList1       0x10007594    0x14  Data  Gb  tasks.o [1]
xDelayedTaskList2       0x100075a8    0x14  Data  Gb  tasks.o [1]
xHeap                   0x10001858  0x4800  Data  Lc  heap_1.o [1]
xMissedYield            0x100076d4     0x4  Data  Gb  tasks.o [1]
xNextFreeByte           0x10007698     0x4  Data  Lc  heap_1.o [1]
xNumOfOverflows         0x100076d8     0x4  Data  Gb  tasks.o [1]
xPendingReadyList       0x100075bc    0x14  Data  Gb  tasks.o [1]
xPortPendSVHandler      0x00006b0b          Code  Gb  portasm.o [1]
xPortStartScheduler     0x000069bf    0x2c  Code  Gb  port.o [1]
xPortSysTickHandler     0x00006a21    0x1e  Code  Gb  port.o [1]
xQueueCreate            0x00005189    0x70  Code  Gb  queue.o [1]
xQueueGenericReceive    0x000052c9   0x112  Code  Gb  queue.o [1]
xQueueGenericSend       0x000051f9    0xd0  Code  Gb  queue.o [1]
xSchedulerRunning       0x100076c8     0x4  Data  Gb  tasks.o [1]
xSuspendedTaskList      0x100075e4    0x14  Data  Gb  tasks.o [1]
xTaskCheckForTimeOut    0x000035e7    0x5e  Code  Gb  tasks.o [1]
xTaskGenericCreate      0x000030c5   0x126  Code  Gb  tasks.o [1]
xTaskGetCurrentTaskHandle
                        0x0000378f     0x6  Code  Gb  tasks.o [1]
xTaskRemoveFromEventList
                        0x00003573    0x66  Code  Gb  tasks.o [1]
xTaskResumeAll          0x000032a7    0xda  Code  Gb  tasks.o [1]
xTasksWaitingTermination
                        0x100075d0    0x14  Data  Gb  tasks.o [1]
xTickCount              0x100076bc     0x4  Data  Gb  tasks.o [1]


[1] = C:\Users\Marcos\Dropbox\Reps\Dextro\IBA\Hardware\MaisPipocaG2\SOFTWARE\Debug\Obj
[2] = command line
[3] = dl7M_tln.a
[4] = m7M_tl.a
[5] = rt7M_tl.a
[6] = shb_l.a

  48 050 bytes of readonly  code memory
  13 596 bytes of readonly  data memory
  31 260 bytes of readwrite data memory (+ 311 absolute)

Errors: none
Warnings: none
