###############################################################################
#                                                                             #
# IAR ANSI C/C++ Compiler V6.50.3.4676/W32 for ARM      14/Jul/2017  11:54:48 #
# Copyright 1999-2013 IAR Systems AB.                                         #
#                                                                             #
#    Cpu mode     =  thumb                                                    #
#    Endian       =  little                                                   #
#    Source file  =  C:\Users\Marcos\Dropbox\Reps\Dextro\IBA\Hardware\MaisPip #
#                    ocaG2\SOFTWARE\Aplicacao\menu_edita_listagem.c           #
#    Command line =  C:\Users\Marcos\Dropbox\Reps\Dextro\IBA\Hardware\MaisPip #
#                    ocaG2\SOFTWARE\Aplicacao\menu_edita_listagem.c -lC       #
#                    C:\Users\Marcos\Dropbox\Reps\Dextro\IBA\Hardware\MaisPip #
#                    ocaG2\SOFTWARE\Debug\List\ -lA                           #
#                    C:\Users\Marcos\Dropbox\Reps\Dextro\IBA\Hardware\MaisPip #
#                    ocaG2\SOFTWARE\Debug\List\ -o                            #
#                    C:\Users\Marcos\Dropbox\Reps\Dextro\IBA\Hardware\MaisPip #
#                    ocaG2\SOFTWARE\Debug\Obj\ --no_cse --no_unroll           #
#                    --no_inline --no_code_motion --no_tbaa --no_clustering   #
#                    --no_scheduling --debug --endian=little --cpu=Cortex-M3  #
#                    -e --fpu=None --dlib_config "C:\Program Files (x86)\IAR  #
#                    Systems\Embedded Workbench 6.5\arm\INC\c\DLib_Config_Nor #
#                    mal.h" -Ol                                               #
#    List file    =  C:\Users\Marcos\Dropbox\Reps\Dextro\IBA\Hardware\MaisPip #
#                    ocaG2\SOFTWARE\Debug\List\menu_edita_listagem.lst        #
#    Object file  =  C:\Users\Marcos\Dropbox\Reps\Dextro\IBA\Hardware\MaisPip #
#                    ocaG2\SOFTWARE\Debug\Obj\menu_edita_listagem.o           #
#                                                                             #
#                                                                             #
###############################################################################

C:\Users\Marcos\Dropbox\Reps\Dextro\IBA\Hardware\MaisPipocaG2\SOFTWARE\Aplicacao\menu_edita_listagem.c
      1          /*__________________________________________________________________________________
      2          |	DEXTRO SOLUÇÕES TECNOLÓGICAS
      3          |       
      4          |       ITAJAÍ - SC
      5          |       www.dextro.ind.br
      6          | __________________________________________________________________________________
      7          |
      8          |       This source code was developed by DEXTRO  and cannot be copied, in part 
      9          |       or in whole, or used, except when legally licensed by DEXTRO 
     10          |       or its distributors.
     11          |
     12          |       Este código é propriedade da DEXTRO  e não pode ser copiado, em parte 
     13          |       ou em todo, ou utilizado, exceto quando for legalmente licenciado pela 
     14          |       DEXTRO  ou por um de seus distribuidores.
     15          | __________________________________________________________________________________
     16          |
     17          |       Arquivo            :  menu_edita_listagem.c
     18          |       Descrição          :  Menu para edição de uma lista de flags
     19          | 
     20          |       Autor              :  Marcos Aquino
     21          |       Data criação       :  28/11/2016
     22          |
     23          |       Revisões           :  1.0.0.0
     24          |
     25          |
     26          | __________________________________________________________________________________
     27          */
     28          
     29          /***********************************************************************************
     30          *       Includes
     31          ***********************************************************************************/
     32          #include <stdio.h>
     33          #include <stdlib.h>
     34          #include <string.h>
     35          #include "menu_edita_listagem.h"
     36          #include "..\includes.h"
     37          
     38          /***********************************************************************************
     39          *       Definições locais
     40          ***********************************************************************************/
     41          
     42          
     43          /***********************************************************************************
     44          *       Constantes locais
     45          ***********************************************************************************/
     46          
     47          
     48          /***********************************************************************************
     49          *       Variaveis locais
     50          ***********************************************************************************/
     51          
     52          
     53          /***********************************************************************************
     54          *       Funções locais
     55          ***********************************************************************************/
     56          void MEL_escreve_flag(char*label,unsigned char flag);
     57          
     58          /***********************************************************************************
     59          *       Implementação das funções
     60          ***********************************************************************************/
     61          
     62          /***********************************************************************************
     63          *       Descrição       :       ponto de entrada para a tela de edição
     64          *                               de listagem de flags
     65          *       Parametros      :       (char**) labels dos flags
     66          *                               (unsigned char*) flags
     67          *                               (unsigned char) tamanho da listagem
     68          *       Retorno         :       nenhum
     69          ***********************************************************************************/

   \                                 In section .text, align 2, keep-with-next
     70          void MEL_entry(char *titulo,char** labels,unsigned char *flags,unsigned char size){
   \                     MEL_entry:
   \   00000000   0xE92D 0x43F8      PUSH     {R3-R9,LR}
   \   00000004   0x4681             MOV      R9,R0
   \   00000006   0x000C             MOVS     R4,R1
   \   00000008   0x0015             MOVS     R5,R2
   \   0000000A   0x001E             MOVS     R6,R3
     71            eTECLA tecla;
     72            unsigned char indice=0;
   \   0000000C   0x2700             MOVS     R7,#+0
     73            unsigned char ultimoIndice=255;
   \   0000000E   0xF04F 0x08FF      MOV      R8,#+255
     74            
     75            HD44780_clearText();
   \   00000012   0x200C             MOVS     R0,#+12
   \   00000014   0x.... 0x....      BL       HD44780_writeChar
     76            unsigned char tam = strlen(titulo);
   \   00000018   0x4648             MOV      R0,R9
   \   0000001A   0x.... 0x....      BL       strlen
     77            HD44780_posicionaTexto((16-tam)>>1,0);
   \   0000001E   0x2100             MOVS     R1,#+0
   \   00000020   0xB2C0             UXTB     R0,R0            ;; ZeroExt  R0,R0,#+24,#+24
   \   00000022   0xF1D0 0x0010      RSBS     R0,R0,#+16
   \   00000026   0x1040             ASRS     R0,R0,#+1
   \   00000028   0xB2C0             UXTB     R0,R0            ;; ZeroExt  R0,R0,#+24,#+24
   \   0000002A   0x.... 0x....      BL       HD44780_posicionaTexto
     78            HD44780_writeString(titulo);
   \   0000002E   0x4648             MOV      R0,R9
   \   00000030   0x.... 0x....      BL       HD44780_writeString
   \   00000034   0xE010             B.N      ??MEL_entry_0
     79            
     80            for(;TECLADO_getContadorInatividade();){
     81            
     82              tecla = TECLADO_getch();
     83              switch(tecla){
     84                case TECLA_ENTER:
     85                     flags[indice]?(flags[indice]=0):(flags[indice]=255);
     86                     ultimoIndice = 255;
     87                     break;
     88                case TECLA_ESC:
     89                     return;
     90                case TECLA_INC:
     91                     indice = (indice+1) % size;
     92                     break;
     93                case TECLA_DEC: 
     94                     if(indice>0)
     95                       indice--;
     96                     else
     97                       indice = size - 1;
   \                     ??MEL_entry_1:
   \   00000036   0x1E77             SUBS     R7,R6,#+1
     98                     break;
     99              }
    100               
    101              if(ultimoIndice!=indice)
   \                     ??MEL_entry_2:
   \                     ??MEL_entry_3:
   \   00000038   0xFA5F 0xF888      UXTB     R8,R8            ;; ZeroExt  R8,R8,#+24,#+24
   \   0000003C   0xB2FF             UXTB     R7,R7            ;; ZeroExt  R7,R7,#+24,#+24
   \   0000003E   0x45B8             CMP      R8,R7
   \   00000040   0xD006             BEQ.N    ??MEL_entry_4
    102                MEL_escreve_flag((char*)labels[indice],flags[indice]);    
   \   00000042   0xB2FF             UXTB     R7,R7            ;; ZeroExt  R7,R7,#+24,#+24
   \   00000044   0x5D79             LDRB     R1,[R7, R5]
   \   00000046   0xB2FF             UXTB     R7,R7            ;; ZeroExt  R7,R7,#+24,#+24
   \   00000048   0xF854 0x0027      LDR      R0,[R4, R7, LSL #+2]
   \   0000004C   0x.... 0x....      BL       MEL_escreve_flag
    103              
    104              ultimoIndice = indice;
   \                     ??MEL_entry_4:
   \   00000050   0x46B8             MOV      R8,R7
    105              
    106              vTaskDelay(50); 
   \   00000052   0x2032             MOVS     R0,#+50
   \   00000054   0x.... 0x....      BL       vTaskDelay
   \                     ??MEL_entry_0:
   \   00000058   0x.... 0x....      BL       TECLADO_getContadorInatividade
   \   0000005C   0x2800             CMP      R0,#+0
   \   0000005E   0xD028             BEQ.N    ??MEL_entry_5
   \   00000060   0x.... 0x....      BL       TECLADO_getch
   \   00000064   0xB2C0             UXTB     R0,R0            ;; ZeroExt  R0,R0,#+24,#+24
   \   00000066   0x2801             CMP      R0,#+1
   \   00000068   0xD015             BEQ.N    ??MEL_entry_6
   \   0000006A   0xD3E5             BCC.N    ??MEL_entry_3
   \   0000006C   0x2803             CMP      R0,#+3
   \   0000006E   0xD01B             BEQ.N    ??MEL_entry_7
   \   00000070   0xD312             BCC.N    ??MEL_entry_8
   \   00000072   0x2804             CMP      R0,#+4
   \   00000074   0xD1E0             BNE.N    ??MEL_entry_3
   \                     ??MEL_entry_9:
   \   00000076   0xB2FF             UXTB     R7,R7            ;; ZeroExt  R7,R7,#+24,#+24
   \   00000078   0x5D78             LDRB     R0,[R7, R5]
   \   0000007A   0x2800             CMP      R0,#+0
   \   0000007C   0xD004             BEQ.N    ??MEL_entry_10
   \   0000007E   0x2000             MOVS     R0,#+0
   \   00000080   0xB2FF             UXTB     R7,R7            ;; ZeroExt  R7,R7,#+24,#+24
   \   00000082   0x5578             STRB     R0,[R7, R5]
   \   00000084   0xB2C0             UXTB     R0,R0            ;; ZeroExt  R0,R0,#+24,#+24
   \   00000086   0xE003             B.N      ??MEL_entry_11
   \                     ??MEL_entry_10:
   \   00000088   0x20FF             MOVS     R0,#+255
   \   0000008A   0xB2FF             UXTB     R7,R7            ;; ZeroExt  R7,R7,#+24,#+24
   \   0000008C   0x5578             STRB     R0,[R7, R5]
   \   0000008E   0xB2C0             UXTB     R0,R0            ;; ZeroExt  R0,R0,#+24,#+24
   \                     ??MEL_entry_11:
   \   00000090   0xF04F 0x08FF      MOV      R8,#+255
   \   00000094   0xE7D0             B.N      ??MEL_entry_3
   \                     ??MEL_entry_6:
   \   00000096   0xE00C             B.N      ??MEL_entry_12
   \                     ??MEL_entry_8:
   \   00000098   0xB2FF             UXTB     R7,R7            ;; ZeroExt  R7,R7,#+24,#+24
   \   0000009A   0x1C78             ADDS     R0,R7,#+1
   \   0000009C   0xB2F6             UXTB     R6,R6            ;; ZeroExt  R6,R6,#+24,#+24
   \   0000009E   0xFB90 0xF1F6      SDIV     R1,R0,R6
   \   000000A2   0xFB06 0x0711      MLS      R7,R6,R1,R0
   \   000000A6   0xE7C7             B.N      ??MEL_entry_3
   \                     ??MEL_entry_7:
   \   000000A8   0xB2FF             UXTB     R7,R7            ;; ZeroExt  R7,R7,#+24,#+24
   \   000000AA   0x2F00             CMP      R7,#+0
   \   000000AC   0xD0C3             BEQ.N    ??MEL_entry_1
   \   000000AE   0x1E7F             SUBS     R7,R7,#+1
   \   000000B0   0xE7C2             B.N      ??MEL_entry_2
    107            }  
    108          }
   \                     ??MEL_entry_5:
   \                     ??MEL_entry_12:
   \   000000B2   0xE8BD 0x83F1      POP      {R0,R4-R9,PC}    ;; return
    109          /***********************************************************************************
    110          *       Descrição       :       Escreve o flag em uma linha
    111          *       Parametros      :       (unsigned char*) label
    112          *                               (unsigned char) flag
    113          *       Retorno         :       nenhum
    114          ***********************************************************************************/

   \                                 In section .text, align 2, keep-with-next
    115          void MEL_escreve_flag(char*label,unsigned char flag){
   \                     MEL_escreve_flag:
   \   00000000   0xB530             PUSH     {R4,R5,LR}
   \   00000002   0xB085             SUB      SP,SP,#+20
   \   00000004   0x0004             MOVS     R4,R0
   \   00000006   0x000D             MOVS     R5,R1
    116            char linha[17];
    117          
    118            HD44780_posicionaTexto(0,1);
   \   00000008   0x2101             MOVS     R1,#+1
   \   0000000A   0x2000             MOVS     R0,#+0
   \   0000000C   0x.... 0x....      BL       HD44780_posicionaTexto
    119            HD44780_writeString("                ");  
   \   00000010   0x....             LDR.N    R0,??DataTable0
   \   00000012   0x.... 0x....      BL       HD44780_writeString
    120            sprintf(linha,"[%c] %s",flag?'X':' ',label);
   \   00000016   0xB2ED             UXTB     R5,R5            ;; ZeroExt  R5,R5,#+24,#+24
   \   00000018   0x2D00             CMP      R5,#+0
   \   0000001A   0xD001             BEQ.N    ??MEL_escreve_flag_0
   \   0000001C   0x2258             MOVS     R2,#+88
   \   0000001E   0xE000             B.N      ??MEL_escreve_flag_1
   \                     ??MEL_escreve_flag_0:
   \   00000020   0x2220             MOVS     R2,#+32
   \                     ??MEL_escreve_flag_1:
   \   00000022   0x0023             MOVS     R3,R4
   \   00000024   0x....             LDR.N    R1,??DataTable0_1
   \   00000026   0xA800             ADD      R0,SP,#+0
   \   00000028   0x.... 0x....      BL       sprintf
    121            HD44780_posicionaTexto(0,1);
   \   0000002C   0x2101             MOVS     R1,#+1
   \   0000002E   0x2000             MOVS     R0,#+0
   \   00000030   0x.... 0x....      BL       HD44780_posicionaTexto
    122            HD44780_writeString(linha); 
   \   00000034   0xA800             ADD      R0,SP,#+0
   \   00000036   0x.... 0x....      BL       HD44780_writeString
    123          }
   \   0000003A   0xB005             ADD      SP,SP,#+20
   \   0000003C   0xBD30             POP      {R4,R5,PC}       ;; return

   \                                 In section .text, align 4, keep-with-next
   \                     ??DataTable0:
   \   00000000   0x........         DC32     `?<Constant "                ">`

   \                                 In section .text, align 4, keep-with-next
   \                     ??DataTable0_1:
   \   00000000   0x........         DC32     `?<Constant "[%c] %s">`

   \                                 In section .rodata, align 4
   \                     `?<Constant "                ">`:
   \   00000000   0x20 0x20          DC8 "                "
   \              0x20 0x20    
   \              0x20 0x20    
   \              0x20 0x20    
   \              0x20 0x20    
   \              0x20 0x20    
   \              0x20 0x20    
   \              0x20 0x20    
   \              0x00         
   \   00000011   0x00 0x00          DC8 0, 0, 0
   \              0x00         

   \                                 In section .rodata, align 4
   \                     `?<Constant "[%c] %s">`:
   \   00000000   0x5B 0x25          DC8 "[%c] %s"
   \              0x63 0x5D    
   \              0x20 0x25    
   \              0x73 0x00    
    124          /***********************************************************************************
    125          *       Fim do arquivo
    126          ***********************************************************************************/

   Maximum stack usage in bytes:

   .cstack Function
   ------- --------
      32   MEL_entry
        32   -> HD44780_posicionaTexto
        32   -> HD44780_writeChar
        32   -> HD44780_writeString
        32   -> MEL_escreve_flag
        32   -> TECLADO_getContadorInatividade
        32   -> TECLADO_getch
        32   -> strlen
        32   -> vTaskDelay
      32   MEL_escreve_flag
        32   -> HD44780_posicionaTexto
        32   -> HD44780_writeString
        32   -> sprintf


   Section sizes:

   Bytes  Function/Label
   -----  --------------
      20  ?<Constant "                ">
       8  ?<Constant "[%c] %s">
       4  ??DataTable0
       4  ??DataTable0_1
     182  MEL_entry
      62  MEL_escreve_flag

 
  28 bytes in section .rodata
 252 bytes in section .text
 
 252 bytes of CODE  memory
  28 bytes of CONST memory

Errors: none
Warnings: none
