###############################################################################
#                                                                             #
# IAR ANSI C/C++ Compiler V6.50.3.4676/W32 for ARM      20/Jul/2017  15:39:51 #
# Copyright 1999-2013 IAR Systems AB.                                         #
#                                                                             #
#    Cpu mode     =  thumb                                                    #
#    Endian       =  little                                                   #
#    Source file  =  C:\Users\Marcos\Dropbox\Reps\Dextro\IBA\Hardware\MaisPip #
#                    ocaG2\SOFTWARE\Drivers\WATCHDOG\WATCHDOG.C               #
#    Command line =  C:\Users\Marcos\Dropbox\Reps\Dextro\IBA\Hardware\MaisPip #
#                    ocaG2\SOFTWARE\Drivers\WATCHDOG\WATCHDOG.C -lC           #
#                    C:\Users\Marcos\Dropbox\Reps\Dextro\IBA\Hardware\MaisPip #
#                    ocaG2\SOFTWARE\Debug\List\ -lA                           #
#                    C:\Users\Marcos\Dropbox\Reps\Dextro\IBA\Hardware\MaisPip #
#                    ocaG2\SOFTWARE\Debug\List\ -o                            #
#                    C:\Users\Marcos\Dropbox\Reps\Dextro\IBA\Hardware\MaisPip #
#                    ocaG2\SOFTWARE\Debug\Obj\ --no_cse --no_unroll           #
#                    --no_inline --no_code_motion --no_tbaa --no_clustering   #
#                    --no_scheduling --debug --endian=little --cpu=Cortex-M3  #
#                    -e --fpu=None --dlib_config "C:\Program Files (x86)\IAR  #
#                    Systems\Embedded Workbench 6.5\arm\INC\c\DLib_Config_Nor #
#                    mal.h" -Ol                                               #
#    List file    =  C:\Users\Marcos\Dropbox\Reps\Dextro\IBA\Hardware\MaisPip #
#                    ocaG2\SOFTWARE\Debug\List\WATCHDOG.lst                   #
#    Object file  =  C:\Users\Marcos\Dropbox\Reps\Dextro\IBA\Hardware\MaisPip #
#                    ocaG2\SOFTWARE\Debug\Obj\WATCHDOG.o                      #
#                                                                             #
#                                                                             #
###############################################################################

C:\Users\Marcos\Dropbox\Reps\Dextro\IBA\Hardware\MaisPipocaG2\SOFTWARE\Drivers\WATCHDOG\WATCHDOG.C
      1          /*__________________________________________________________________________________
      2          |	Chave Digital Tecnologia Eletronica Ltda. 
      3          |       
      4          |       Balneário Camboriú - SC
      5          |       www.chavedigital.com.br
      6          | __________________________________________________________________________________
      7          |
      8          |       This source code was developed by Chave Digital and cannot be copied, in part 
      9          |       or in whole, or used, except when legally licensed by Chave Digital
     10          |       or its distributors.
     11          |
     12          |       Este código é propriedade da Chave Digital e não pode ser copiado, em parte 
     13          |       ou em todo, ou utilizado, exceto quando for legalmente licenciado pela 
     14          |       Chave Digital ou por um de seus distribuidores.
     15          | __________________________________________________________________________________
     16          |
     17          |       Arquivo            :  watchdog.c
     18          |       Descrição          :  Funções para configuração e controle
     19          |                             do watchdog dos LPC17XX
     20          | 
     21          |       Autor              :  Marcos Aquino
     22          |       Data criação       :  12/12/2011
     23          |
     24          |       Revisões           :  1.0.0.0
     25          |
     26          |
     27          | __________________________________________________________________________________
     28          */
     29          /***********************************************************************************
     30          *   Includes
     31          ***********************************************************************************/
     32          #include <nxp\iolpc1768.h>

   \                                 In section .noinit, at 0x40000000
   \   __absolute union <unnamed> volatile _A_WDMOD
   \                     _A_WDMOD:
   \   00000000                      DS8 4

   \                                 In section .noinit, at 0x40000004
   \   __absolute unsigned long volatile WDTC
   \                     WDTC:
   \   00000000                      DS8 4

   \                                 In section .noinit, at 0x40000008
   \   __absolute union <unnamed> volatile _A_WDFEED
   \                     _A_WDFEED:
   \   00000000                      DS8 4

   \                                 In section .noinit, at 0x40000010
   \   __absolute union <unnamed> volatile _A_WDCLKSEL
   \                     _A_WDCLKSEL:
   \   00000000                      DS8 4
     33          #include "watchdog.h"
     34          
     35          
     36          /***********************************************************************************
     37          *   Definições com constantes utilizadas no programa
     38          ***********************************************************************************/ 
     39          
     40          
     41          
     42          /***********************************************************************************
     43          *   Enumerações
     44          ***********************************************************************************/
     45          
     46          
     47          /***********************************************************************************
     48          *   Estruturas
     49          ***********************************************************************************/
     50          
     51          
     52          /***********************************************************************************
     53          *   Uniões
     54          ***********************************************************************************/
     55          
     56          
     57          /***********************************************************************************
     58          *   Constantes
     59          ***********************************************************************************/
     60          
     61          
     62          /***********************************************************************************
     63          *   Variaveis locais
     64          ***********************************************************************************/
     65          
     66          
     67          /***********************************************************************************
     68          *   Funções locais
     69          ***********************************************************************************/
     70           
     71          /***********************************************************************************
     72          *   Implementação
     73          ***********************************************************************************/
     74          
     75          /***********************************************************************************
     76          *   Descrição     :   Inicializa o watchdog
     77          *   Parametros    :   (unsigned long int) intervalo em milisegundos
     78          *   Retorno       :   nenhum
     79          ***********************************************************************************/

   \                                 In section .text, align 4, keep-with-next
     80          void WATCHDOG_init(unsigned int intervalo){
     81          
     82            WDMOD_bit.WDEN = 1;  // Habilita o periférico    
   \                     WATCHDOG_init:
   \   00000000   0xF05F 0x4080      MOVS     R0,#+1073741824
   \   00000004   0x6800             LDR      R0,[R0, #+0]
   \   00000006   0xF050 0x0001      ORRS     R0,R0,#0x1
   \   0000000A   0xF05F 0x4180      MOVS     R1,#+1073741824
   \   0000000E   0x6008             STR      R0,[R1, #+0]
     83            WDMOD_bit.WDRESET = 1; // Reset do chip quando houver estouro da contagem
   \   00000010   0xF05F 0x4080      MOVS     R0,#+1073741824
   \   00000014   0x6800             LDR      R0,[R0, #+0]
   \   00000016   0xF050 0x0002      ORRS     R0,R0,#0x2
   \   0000001A   0xF05F 0x4180      MOVS     R1,#+1073741824
   \   0000001E   0x6008             STR      R0,[R1, #+0]
     84            
     85            WDCLKSEL_bit.WDSEL =   0x00; // Oscilador RC
   \   00000020   0x480B             LDR.N    R0,??WATCHDOG_init_0  ;; 0x40000010
   \   00000022   0x6800             LDR      R0,[R0, #+0]
   \   00000024   0x0880             LSRS     R0,R0,#+2
   \   00000026   0x0080             LSLS     R0,R0,#+2
   \   00000028   0x4909             LDR.N    R1,??WATCHDOG_init_0  ;; 0x40000010
   \   0000002A   0x6008             STR      R0,[R1, #+0]
     86            WDCLKSEL_bit.WDLOCK = 0x01; // Bloqueio o acesso ao registrador
   \   0000002C   0x4808             LDR.N    R0,??WATCHDOG_init_0  ;; 0x40000010
   \   0000002E   0x6800             LDR      R0,[R0, #+0]
   \   00000030   0xF050 0x4000      ORRS     R0,R0,#0x80000000
   \   00000034   0x4906             LDR.N    R1,??WATCHDOG_init_0  ;; 0x40000010
   \   00000036   0x6008             STR      R0,[R1, #+0]
     87            
     88            WDTC = 2048*2000;
   \   00000038   0x4806             LDR.N    R0,??WATCHDOG_init_0+0x4  ;; 0x40000004
   \   0000003A   0xF45F 0x117A      MOVS     R1,#+4096000
   \   0000003E   0x6001             STR      R1,[R0, #+0]
     89            FEEDS_THE_DOG();    
   \   00000040   0x4805             LDR.N    R0,??WATCHDOG_init_0+0x8  ;; 0x40000008
   \   00000042   0x21AA             MOVS     R1,#+170
   \   00000044   0x6001             STR      R1,[R0, #+0]
   \   00000046   0x4804             LDR.N    R0,??WATCHDOG_init_0+0x8  ;; 0x40000008
   \   00000048   0x2155             MOVS     R1,#+85
   \   0000004A   0x6001             STR      R1,[R0, #+0]
     90          }
   \   0000004C   0x4770             BX       LR               ;; return
   \   0000004E   0xBF00             Nop      
   \                     ??WATCHDOG_init_0:
   \   00000050   0x40000010         DC32     0x40000010
   \   00000054   0x40000004         DC32     0x40000004
   \   00000058   0x40000008         DC32     0x40000008
   \   0000005C                      REQUIRE _A_WDMOD
   \   0000005C                      REQUIRE _A_WDCLKSEL
   \   0000005C                      REQUIRE WDTC
   \   0000005C                      REQUIRE _A_WDFEED
     91          /***********************************************************************************
     92          *   Fim do arquivo
     93          ***********************************************************************************/

   Maximum stack usage in bytes:

   .cstack Function
   ------- --------
       0   WATCHDOG_init


   Section sizes:

   Bytes  Function/Label
   -----  --------------
      92  WATCHDOG_init
       4  WDTC
       4  _A_WDCLKSEL
       4  _A_WDFEED
       4  _A_WDMOD

 
 16 bytes in section .noinit (abs)
 92 bytes in section .text
 
 92 bytes of CODE memory
  0 bytes of DATA memory (+ 16 bytes shared)

Errors: none
Warnings: none
